<?xml version="1.0" encoding="ISO-8859-1" ?>
<link_info>
   <banner>TI ARM Linker PC v20.2.5.LTS</banner>
   <copyright>Copyright (c) 1996-2018 Texas Instruments Incorporated</copyright>
   <link_time>0x6187a350</link_time>
   <link_errors>0x0</link_errors>
   <output_file>empty_MSP_EXP432E401Y_nortos_ccs.out</output_file>
   <entry_point>
      <name>_c_int00_noargs</name>
      <address>0x5efd</address>
   </entry_point>
   <input_file_list>
      <input_file id="fl-2">
         <path>.\</path>
         <kind>object</kind>
         <file>main.obj</file>
         <name>main.obj</name>
      </input_file>
      <input_file id="fl-3">
         <path>.\</path>
         <kind>object</kind>
         <file>system_msp432e401y.obj</file>
         <name>system_msp432e401y.obj</name>
      </input_file>
      <input_file id="fl-4">
         <path>.\</path>
         <kind>object</kind>
         <file>uartstdio.obj</file>
         <name>uartstdio.obj</name>
      </input_file>
      <input_file id="fl-5">
         <path>.\Goertzel\</path>
         <kind>object</kind>
         <file>DTMF.obj</file>
         <name>DTMF.obj</name>
      </input_file>
      <input_file id="fl-6">
         <path>.\Goertzel\</path>
         <kind>object</kind>
         <file>Goertzel.obj</file>
         <name>Goertzel.obj</name>
      </input_file>
      <input_file id="fl-7">
         <path>.\ccs\</path>
         <kind>object</kind>
         <file>startup_msp432e401y_ccs.obj</file>
         <name>startup_msp432e401y_ccs.obj</name>
      </input_file>
      <input_file id="fl-8">
         <path>.\window\Src\</path>
         <kind>object</kind>
         <file>window.obj</file>
         <name>window.obj</name>
      </input_file>
      <input_file id="fl-12">
         <kind>object</kind>
         <file>&lt;internal&gt;</file>
         <name>&lt;internal&gt;</name>
      </input_file>
      <input_file id="fl-13">
         <path>C:\ti\msp\simplelink_msp432e4_sdk_4_20_00_12\source\ti\devices\msp432e4\driverlib\lib\ccs\m4f\</path>
         <kind>archive</kind>
         <file>msp432e4_driverlib.a</file>
         <name>adc.o</name>
      </input_file>
      <input_file id="fl-14">
         <path>C:\ti\msp\simplelink_msp432e4_sdk_4_20_00_12\source\ti\devices\msp432e4\driverlib\lib\ccs\m4f\</path>
         <kind>archive</kind>
         <file>msp432e4_driverlib.a</file>
         <name>interrupt.o</name>
      </input_file>
      <input_file id="fl-15">
         <path>C:\ti\msp\simplelink_msp432e4_sdk_4_20_00_12\source\ti\devices\msp432e4\driverlib\lib\ccs\m4f\</path>
         <kind>archive</kind>
         <file>msp432e4_driverlib.a</file>
         <name>sysctl.o</name>
      </input_file>
      <input_file id="fl-16">
         <path>C:\ti\msp\simplelink_msp432e4_sdk_4_20_00_12\source\ti\devices\msp432e4\driverlib\lib\ccs\m4f\</path>
         <kind>archive</kind>
         <file>msp432e4_driverlib.a</file>
         <name>timer.o</name>
      </input_file>
      <input_file id="fl-17">
         <path>C:\ti\msp\simplelink_msp432e4_sdk_4_20_00_12\source\ti\devices\msp432e4\driverlib\lib\ccs\m4f\</path>
         <kind>archive</kind>
         <file>msp432e4_driverlib.a</file>
         <name>cpu.o</name>
      </input_file>
      <input_file id="fl-cd">
         <path>C:\ti\ccs1100\ccs\tools\compiler\ti-cgt-arm_20.2.5.LTS\lib\</path>
         <kind>archive</kind>
         <file>rtsv7M4_T_le_v4SPD16_eabi.lib</file>
         <name>e_sqrt.c.obj</name>
      </input_file>
      <input_file id="fl-ce">
         <path>C:\ti\ccs1100\ccs\tools\compiler\ti-cgt-arm_20.2.5.LTS\lib\</path>
         <kind>archive</kind>
         <file>rtsv7M4_T_le_v4SPD16_eabi.lib</file>
         <name>s_cos.c.obj</name>
      </input_file>
      <input_file id="fl-cf">
         <path>C:\ti\ccs1100\ccs\tools\compiler\ti-cgt-arm_20.2.5.LTS\lib\</path>
         <kind>archive</kind>
         <file>rtsv7M4_T_le_v4SPD16_eabi.lib</file>
         <name>s_sin.c.obj</name>
      </input_file>
      <input_file id="fl-d0">
         <path>C:\ti\ccs1100\ccs\tools\compiler\ti-cgt-arm_20.2.5.LTS\lib\</path>
         <kind>archive</kind>
         <file>rtsv7M4_T_le_v4SPD16_eabi.lib</file>
         <name>fd_add_t2.asm.obj</name>
      </input_file>
      <input_file id="fl-d1">
         <path>C:\ti\ccs1100\ccs\tools\compiler\ti-cgt-arm_20.2.5.LTS\lib\</path>
         <kind>archive</kind>
         <file>rtsv7M4_T_le_v4SPD16_eabi.lib</file>
         <name>fd_cmp_t2.asm.obj</name>
      </input_file>
      <input_file id="fl-d2">
         <path>C:\ti\ccs1100\ccs\tools\compiler\ti-cgt-arm_20.2.5.LTS\lib\</path>
         <kind>archive</kind>
         <file>rtsv7M4_T_le_v4SPD16_eabi.lib</file>
         <name>fd_div_t2.asm.obj</name>
      </input_file>
      <input_file id="fl-d3">
         <path>C:\ti\ccs1100\ccs\tools\compiler\ti-cgt-arm_20.2.5.LTS\lib\</path>
         <kind>archive</kind>
         <file>rtsv7M4_T_le_v4SPD16_eabi.lib</file>
         <name>fd_mul_t2.asm.obj</name>
      </input_file>
      <input_file id="fl-d4">
         <path>C:\ti\ccs1100\ccs\tools\compiler\ti-cgt-arm_20.2.5.LTS\lib\</path>
         <kind>archive</kind>
         <file>rtsv7M4_T_le_v4SPD16_eabi.lib</file>
         <name>fd_toi_t2.asm.obj</name>
      </input_file>
      <input_file id="fl-d5">
         <path>C:\ti\ccs1100\ccs\tools\compiler\ti-cgt-arm_20.2.5.LTS\lib\</path>
         <kind>archive</kind>
         <file>rtsv7M4_T_le_v4SPD16_eabi.lib</file>
         <name>fd_toll_t2.asm.obj</name>
      </input_file>
      <input_file id="fl-d6">
         <path>C:\ti\ccs1100\ccs\tools\compiler\ti-cgt-arm_20.2.5.LTS\lib\</path>
         <kind>archive</kind>
         <file>rtsv7M4_T_le_v4SPD16_eabi.lib</file>
         <name>fs_tod_t2.asm.obj</name>
      </input_file>
      <input_file id="fl-d7">
         <path>C:\ti\ccs1100\ccs\tools\compiler\ti-cgt-arm_20.2.5.LTS\lib\</path>
         <kind>archive</kind>
         <file>rtsv7M4_T_le_v4SPD16_eabi.lib</file>
         <name>i_tofd_t2.asm.obj</name>
      </input_file>
      <input_file id="fl-d8">
         <path>C:\ti\ccs1100\ccs\tools\compiler\ti-cgt-arm_20.2.5.LTS\lib\</path>
         <kind>archive</kind>
         <file>rtsv7M4_T_le_v4SPD16_eabi.lib</file>
         <name>ll_mul_t2.asm.obj</name>
      </input_file>
      <input_file id="fl-d9">
         <path>C:\ti\ccs1100\ccs\tools\compiler\ti-cgt-arm_20.2.5.LTS\lib\</path>
         <kind>archive</kind>
         <file>rtsv7M4_T_le_v4SPD16_eabi.lib</file>
         <name>ll_tofd_t2.asm.obj</name>
      </input_file>
      <input_file id="fl-da">
         <path>C:\ti\ccs1100\ccs\tools\compiler\ti-cgt-arm_20.2.5.LTS\lib\</path>
         <kind>archive</kind>
         <file>rtsv7M4_T_le_v4SPD16_eabi.lib</file>
         <name>u_tofd_t2.asm.obj</name>
      </input_file>
      <input_file id="fl-db">
         <path>C:\ti\ccs1100\ccs\tools\compiler\ti-cgt-arm_20.2.5.LTS\lib\</path>
         <kind>archive</kind>
         <file>rtsv7M4_T_le_v4SPD16_eabi.lib</file>
         <name>u_divt2.asm.obj</name>
      </input_file>
      <input_file id="fl-dc">
         <path>C:\ti\ccs1100\ccs\tools\compiler\ti-cgt-arm_20.2.5.LTS\lib\</path>
         <kind>archive</kind>
         <file>rtsv7M4_T_le_v4SPD16_eabi.lib</file>
         <name>copy_zero_init.c.obj</name>
      </input_file>
      <input_file id="fl-dd">
         <path>C:\ti\ccs1100\ccs\tools\compiler\ti-cgt-arm_20.2.5.LTS\lib\</path>
         <kind>archive</kind>
         <file>rtsv7M4_T_le_v4SPD16_eabi.lib</file>
         <name>copy_decompress_none.c.obj</name>
      </input_file>
      <input_file id="fl-de">
         <path>C:\ti\ccs1100\ccs\tools\compiler\ti-cgt-arm_20.2.5.LTS\lib\</path>
         <kind>archive</kind>
         <file>rtsv7M4_T_le_v4SPD16_eabi.lib</file>
         <name>copy_decompress_lzss.c.obj</name>
      </input_file>
      <input_file id="fl-df">
         <path>C:\ti\ccs1100\ccs\tools\compiler\ti-cgt-arm_20.2.5.LTS\lib\</path>
         <kind>archive</kind>
         <file>rtsv7M4_T_le_v4SPD16_eabi.lib</file>
         <name>k_rem_pio2.c.obj</name>
      </input_file>
      <input_file id="fl-e0">
         <path>C:\ti\ccs1100\ccs\tools\compiler\ti-cgt-arm_20.2.5.LTS\lib\</path>
         <kind>archive</kind>
         <file>rtsv7M4_T_le_v4SPD16_eabi.lib</file>
         <name>errno.c.obj</name>
      </input_file>
      <input_file id="fl-e1">
         <path>C:\ti\ccs1100\ccs\tools\compiler\ti-cgt-arm_20.2.5.LTS\lib\</path>
         <kind>archive</kind>
         <file>rtsv7M4_T_le_v4SPD16_eabi.lib</file>
         <name>boot_cortex_m.c.obj</name>
      </input_file>
      <input_file id="fl-e2">
         <path>C:\ti\ccs1100\ccs\tools\compiler\ti-cgt-arm_20.2.5.LTS\lib\</path>
         <kind>archive</kind>
         <file>rtsv7M4_T_le_v4SPD16_eabi.lib</file>
         <name>k_cos.c.obj</name>
      </input_file>
      <input_file id="fl-e3">
         <path>C:\ti\ccs1100\ccs\tools\compiler\ti-cgt-arm_20.2.5.LTS\lib\</path>
         <kind>archive</kind>
         <file>rtsv7M4_T_le_v4SPD16_eabi.lib</file>
         <name>k_sin.c.obj</name>
      </input_file>
      <input_file id="fl-e4">
         <path>C:\ti\ccs1100\ccs\tools\compiler\ti-cgt-arm_20.2.5.LTS\lib\</path>
         <kind>archive</kind>
         <file>rtsv7M4_T_le_v4SPD16_eabi.lib</file>
         <name>s_floor.c.obj</name>
      </input_file>
      <input_file id="fl-e5">
         <path>C:\ti\ccs1100\ccs\tools\compiler\ti-cgt-arm_20.2.5.LTS\lib\</path>
         <kind>archive</kind>
         <file>rtsv7M4_T_le_v4SPD16_eabi.lib</file>
         <name>s_scalbn.c.obj</name>
      </input_file>
      <input_file id="fl-e6">
         <path>C:\ti\ccs1100\ccs\tools\compiler\ti-cgt-arm_20.2.5.LTS\lib\</path>
         <kind>archive</kind>
         <file>rtsv7M4_T_le_v4SPD16_eabi.lib</file>
         <name>div0.asm.obj</name>
      </input_file>
      <input_file id="fl-e7">
         <path>C:\ti\ccs1100\ccs\tools\compiler\ti-cgt-arm_20.2.5.LTS\lib\</path>
         <kind>archive</kind>
         <file>rtsv7M4_T_le_v4SPD16_eabi.lib</file>
         <name>memcpy_t2.asm.obj</name>
      </input_file>
      <input_file id="fl-e8">
         <path>C:\ti\ccs1100\ccs\tools\compiler\ti-cgt-arm_20.2.5.LTS\lib\</path>
         <kind>archive</kind>
         <file>rtsv7M4_T_le_v4SPD16_eabi.lib</file>
         <name>memset_t2.asm.obj</name>
      </input_file>
      <input_file id="fl-e9">
         <path>C:\ti\ccs1100\ccs\tools\compiler\ti-cgt-arm_20.2.5.LTS\lib\</path>
         <kind>archive</kind>
         <file>rtsv7M4_T_le_v4SPD16_eabi.lib</file>
         <name>autoinit.c.obj</name>
      </input_file>
      <input_file id="fl-ea">
         <path>C:\ti\ccs1100\ccs\tools\compiler\ti-cgt-arm_20.2.5.LTS\lib\</path>
         <kind>archive</kind>
         <file>rtsv7M4_T_le_v4SPD16_eabi.lib</file>
         <name>pre_init.c.obj</name>
      </input_file>
      <input_file id="fl-eb">
         <path>C:\ti\ccs1100\ccs\tools\compiler\ti-cgt-arm_20.2.5.LTS\lib\</path>
         <kind>archive</kind>
         <file>rtsv7M4_T_le_v4SPD16_eabi.lib</file>
         <name>cpy_tbl.c.obj</name>
      </input_file>
      <input_file id="fl-ec">
         <path>C:\ti\ccs1100\ccs\tools\compiler\ti-cgt-arm_20.2.5.LTS\lib\</path>
         <kind>archive</kind>
         <file>rtsv7M4_T_le_v4SPD16_eabi.lib</file>
         <name>exit.c.obj</name>
      </input_file>
      <input_file id="fl-ed">
         <path>C:\ti\ccs1100\ccs\tools\compiler\ti-cgt-arm_20.2.5.LTS\lib\</path>
         <kind>archive</kind>
         <file>rtsv7M4_T_le_v4SPD16_eabi.lib</file>
         <name>_lock.c.obj</name>
      </input_file>
      <input_file id="fl-ee">
         <path>C:\ti\ccs1100\ccs\tools\compiler\ti-cgt-arm_20.2.5.LTS\lib\</path>
         <kind>archive</kind>
         <file>rtsv7M4_T_le_v4SPD16_eabi.lib</file>
         <name>args_main.c.obj</name>
      </input_file>
      <input_file id="fl-ef">
         <path>C:\ti\ccs1100\ccs\tools\compiler\ti-cgt-arm_20.2.5.LTS\lib\</path>
         <kind>archive</kind>
         <file>rtsv7M4_T_le_v4SPD16_eabi.lib</file>
         <name>s_copysign.c.obj</name>
      </input_file>
   </input_file_list>
   <object_component_list>
      <object_component id="oc-13">
         <name>.intvecs:retain</name>
         <load_address>0x0</load_address>
         <run_address>0x0</run_address>
         <size>0x208</size>
         <input_file_ref idref="fl-7"/>
      </object_component>
      <object_component id="oc-b9">
         <name>.text:main</name>
         <load_address>0x208</load_address>
         <run_address>0x208</run_address>
         <size>0x2088</size>
         <input_file_ref idref="fl-2"/>
      </object_component>
      <object_component id="oc-23a">
         <name>.text:__kernel_rem_pio2</name>
         <load_address>0x2290</load_address>
         <run_address>0x2290</run_address>
         <size>0x738</size>
         <input_file_ref idref="fl-df"/>
      </object_component>
      <object_component id="oc-142">
         <name>.text:kfft</name>
         <load_address>0x29c8</load_address>
         <run_address>0x29c8</run_address>
         <size>0x67c</size>
         <input_file_ref idref="fl-2"/>
      </object_component>
      <object_component id="oc-16b">
         <name>.text:sin</name>
         <load_address>0x3044</load_address>
         <run_address>0x3044</run_address>
         <size>0x5e0</size>
         <input_file_ref idref="fl-cf"/>
      </object_component>
      <object_component id="oc-14a">
         <name>.text:cos</name>
         <load_address>0x3624</load_address>
         <run_address>0x3624</run_address>
         <size>0x5dc</size>
         <input_file_ref idref="fl-ce"/>
      </object_component>
      <object_component id="oc-269">
         <name>.text:UARTvprintf</name>
         <load_address>0x3c00</load_address>
         <run_address>0x3c00</run_address>
         <size>0x30c</size>
         <input_file_ref idref="fl-4"/>
      </object_component>
      <object_component id="oc-f3">
         <name>.text:SysCtlClockFreqSet</name>
         <load_address>0x3f0c</load_address>
         <run_address>0x3f0c</run_address>
         <size>0x2e0</size>
         <input_file_ref idref="fl-15"/>
      </object_component>
      <object_component id="oc-151">
         <name>.text:Goertzel_Mag</name>
         <load_address>0x41ec</load_address>
         <run_address>0x41ec</run_address>
         <size>0x1f4</size>
         <input_file_ref idref="fl-6"/>
      </object_component>
      <object_component id="oc-138">
         <name>.text</name>
         <load_address>0x43e0</load_address>
         <run_address>0x43e0</run_address>
         <size>0x1b6</size>
         <input_file_ref idref="fl-d0"/>
      </object_component>
      <object_component id="oc-2e">
         <name>.text:Default_Handler</name>
         <load_address>0x4596</load_address>
         <run_address>0x4596</run_address>
         <size>0x2</size>
         <input_file_ref idref="fl-7"/>
      </object_component>
      <object_component id="oc-123">
         <name>.text:getADCBuffer</name>
         <load_address>0x4598</load_address>
         <run_address>0x4598</run_address>
         <size>0x1a4</size>
         <input_file_ref idref="fl-2"/>
      </object_component>
      <object_component id="oc-219">
         <name>.text:getFFTIBuffer</name>
         <load_address>0x473c</load_address>
         <run_address>0x473c</run_address>
         <size>0x1a4</size>
         <input_file_ref idref="fl-2"/>
      </object_component>
      <object_component id="oc-213">
         <name>.text:getFFTRBuffer</name>
         <load_address>0x48e0</load_address>
         <run_address>0x48e0</run_address>
         <size>0x1a4</size>
         <input_file_ref idref="fl-2"/>
      </object_component>
      <object_component id="oc-22a">
         <name>.text:getVIBuffer</name>
         <load_address>0x4a84</load_address>
         <run_address>0x4a84</run_address>
         <size>0x1a4</size>
         <input_file_ref idref="fl-2"/>
      </object_component>
      <object_component id="oc-224">
         <name>.text:getVRBuffer</name>
         <load_address>0x4c28</load_address>
         <run_address>0x4c28</run_address>
         <size>0x1a4</size>
         <input_file_ref idref="fl-2"/>
      </object_component>
      <object_component id="oc-240">
         <name>.text:__kernel_sin</name>
         <load_address>0x4dcc</load_address>
         <run_address>0x4dcc</run_address>
         <size>0x174</size>
         <input_file_ref idref="fl-e3"/>
      </object_component>
      <object_component id="oc-234">
         <name>.text:__kernel_cos</name>
         <load_address>0x4f40</load_address>
         <run_address>0x4f40</run_address>
         <size>0x170</size>
         <input_file_ref idref="fl-e2"/>
      </object_component>
      <object_component id="oc-163">
         <name>.text:sqrt</name>
         <load_address>0x50b0</load_address>
         <run_address>0x50b0</run_address>
         <size>0x158</size>
         <input_file_ref idref="fl-cd"/>
      </object_component>
      <object_component id="oc-13d">
         <name>.text</name>
         <load_address>0x5208</load_address>
         <run_address>0x5208</run_address>
         <size>0x136</size>
         <input_file_ref idref="fl-d2"/>
      </object_component>
      <object_component id="oc-38a">
         <name>.text</name>
         <load_address>0x533e</load_address>
         <run_address>0x533e</run_address>
         <size>0x2</size>
         <input_file_ref idref="fl-e6"/>
      </object_component>
      <object_component id="oc-2fa">
         <name>.text:scalbn</name>
         <load_address>0x5340</load_address>
         <run_address>0x5340</run_address>
         <size>0x110</size>
         <input_file_ref idref="fl-e5"/>
      </object_component>
      <object_component id="oc-12e">
         <name>.text</name>
         <load_address>0x5450</load_address>
         <run_address>0x5450</run_address>
         <size>0xfc</size>
         <input_file_ref idref="fl-d3"/>
      </object_component>
      <object_component id="oc-300">
         <name>.text:floor</name>
         <load_address>0x554c</load_address>
         <run_address>0x554c</run_address>
         <size>0xf8</size>
         <input_file_ref idref="fl-e4"/>
      </object_component>
      <object_component id="oc-10b">
         <name>.text:ADCSequenceStepConfigure</name>
         <load_address>0x5644</load_address>
         <run_address>0x5644</run_address>
         <size>0xee</size>
         <input_file_ref idref="fl-13"/>
      </object_component>
      <object_component id="oc-48">
         <name>.text</name>
         <load_address>0x5732</load_address>
         <run_address>0x5732</run_address>
         <size>0x9c</size>
         <input_file_ref idref="fl-e7"/>
      </object_component>
      <object_component id="oc-1da">
         <name>.text:_SysCtlFrequencyGet</name>
         <load_address>0x57d0</load_address>
         <run_address>0x57d0</run_address>
         <size>0x90</size>
         <input_file_ref idref="fl-15"/>
      </object_component>
      <object_component id="oc-11d">
         <name>.text:__aeabi_cdcmple</name>
         <load_address>0x5860</load_address>
         <run_address>0x5860</run_address>
         <size>0x86</size>
         <input_file_ref idref="fl-d1"/>
      </object_component>
      <object_component id="oc-157">
         <name>.text:__aeabi_cdrcmple</name>
         <load_address>0x58e6</load_address>
         <run_address>0x58e6</run_address>
         <size>0x86</size>
         <input_file_ref idref="fl-d1"/>
      </object_component>
      <object_component id="oc-34">
         <name>.text:ADC0SS3_IRQHandler</name>
         <load_address>0x596c</load_address>
         <run_address>0x596c</run_address>
         <size>0x80</size>
         <input_file_ref idref="fl-2"/>
      </object_component>
      <object_component id="oc-ad">
         <name>.text</name>
         <load_address>0x59ec</load_address>
         <run_address>0x59ec</run_address>
         <size>0x7a</size>
         <input_file_ref idref="fl-e8"/>
      </object_component>
      <object_component id="oc-105">
         <name>.text:UARTStdioConfig</name>
         <load_address>0x5a68</load_address>
         <run_address>0x5a68</run_address>
         <size>0x74</size>
         <input_file_ref idref="fl-4"/>
      </object_component>
      <object_component id="oc-252">
         <name>.text</name>
         <load_address>0x5adc</load_address>
         <run_address>0x5adc</run_address>
         <size>0x70</size>
         <input_file_ref idref="fl-d5"/>
      </object_component>
      <object_component id="oc-16">
         <name>.text:decompress:lzss:__TI_decompress_lzss</name>
         <load_address>0x5b4c</load_address>
         <run_address>0x5b4c</run_address>
         <size>0x68</size>
         <input_file_ref idref="fl-de"/>
      </object_component>
      <object_component id="oc-f9">
         <name>.text:ConfigureUART2</name>
         <load_address>0x5bb4</load_address>
         <run_address>0x5bb4</run_address>
         <size>0x60</size>
         <input_file_ref idref="fl-2"/>
      </object_component>
      <object_component id="oc-ff">
         <name>.text:ConfigureUART7</name>
         <load_address>0x5c14</load_address>
         <run_address>0x5c14</run_address>
         <size>0x60</size>
         <input_file_ref idref="fl-2"/>
      </object_component>
      <object_component id="oc-117">
         <name>.text:TimerControlTrigger</name>
         <load_address>0x5c74</load_address>
         <run_address>0x5c74</run_address>
         <size>0x60</size>
         <input_file_ref idref="fl-16"/>
      </object_component>
      <object_component id="oc-326">
         <name>.text:UARTwrite</name>
         <load_address>0x5cd4</load_address>
         <run_address>0x5cd4</run_address>
         <size>0x5c</size>
         <input_file_ref idref="fl-4"/>
      </object_component>
      <object_component id="oc-171">
         <name>.text</name>
         <load_address>0x5d30</load_address>
         <run_address>0x5d30</run_address>
         <size>0x48</size>
         <input_file_ref idref="fl-d4"/>
      </object_component>
      <object_component id="oc-111">
         <name>.text:SysCtlPeripheralReady</name>
         <load_address>0x5d78</load_address>
         <run_address>0x5d78</run_address>
         <size>0x44</size>
         <input_file_ref idref="fl-15"/>
      </object_component>
      <object_component id="oc-1d4">
         <name>.text:_SysCtlMemTimingGet</name>
         <load_address>0x5dbc</load_address>
         <run_address>0x5dbc</run_address>
         <size>0x44</size>
         <input_file_ref idref="fl-15"/>
      </object_component>
      <object_component id="oc-18a">
         <name>.text:__TI_auto_init_nobinit_nopinit:__TI_auto_init_nobinit_nopinit</name>
         <load_address>0x5e00</load_address>
         <run_address>0x5e00</run_address>
         <size>0x44</size>
         <input_file_ref idref="fl-e9"/>
      </object_component>
      <object_component id="oc-24d">
         <name>.text</name>
         <load_address>0x5e44</load_address>
         <run_address>0x5e44</run_address>
         <size>0x40</size>
         <input_file_ref idref="fl-d9"/>
      </object_component>
      <object_component id="oc-32c">
         <name>.text</name>
         <load_address>0x5e84</load_address>
         <run_address>0x5e84</run_address>
         <size>0x40</size>
         <input_file_ref idref="fl-db"/>
      </object_component>
      <object_component id="oc-21f">
         <name>.text</name>
         <load_address>0x5ec4</load_address>
         <run_address>0x5ec4</run_address>
         <size>0x38</size>
         <input_file_ref idref="fl-d6"/>
      </object_component>
      <object_component id="oc-66">
         <name>.text:_c_int00_noargs:_c_int00_noargs</name>
         <load_address>0x5efc</load_address>
         <run_address>0x5efc</run_address>
         <size>0x34</size>
         <input_file_ref idref="fl-e1"/>
      </object_component>
      <object_component id="oc-129">
         <name>.text</name>
         <load_address>0x5f30</load_address>
         <run_address>0x5f30</run_address>
         <size>0x2e</size>
         <input_file_ref idref="fl-d7"/>
      </object_component>
      <object_component id="oc-176">
         <name>.text:UARTprintf</name>
         <load_address>0x5f5e</load_address>
         <run_address>0x5f5e</run_address>
         <size>0x24</size>
         <input_file_ref idref="fl-4"/>
      </object_component>
      <object_component id="oc-7a">
         <name>.text:SystemInit</name>
         <load_address>0x5f84</load_address>
         <run_address>0x5f84</run_address>
         <size>0x20</size>
         <input_file_ref idref="fl-3"/>
      </object_component>
      <object_component id="oc-133">
         <name>.text</name>
         <load_address>0x5fa4</load_address>
         <run_address>0x5fa4</run_address>
         <size>0x20</size>
         <input_file_ref idref="fl-da"/>
      </object_component>
      <object_component id="oc-370">
         <name>.text:copysign</name>
         <load_address>0x5fc4</load_address>
         <run_address>0x5fc4</run_address>
         <size>0x1a</size>
         <input_file_ref idref="fl-ef"/>
      </object_component>
      <object_component id="oc-257">
         <name>.text</name>
         <load_address>0x5fde</load_address>
         <run_address>0x5fde</run_address>
         <size>0x18</size>
         <input_file_ref idref="fl-d8"/>
      </object_component>
      <object_component id="oc-82">
         <name>.text:ADCIntClearEx</name>
         <load_address>0x5ff6</load_address>
         <run_address>0x5ff6</run_address>
         <size>0x12</size>
         <input_file_ref idref="fl-13"/>
      </object_component>
      <object_component id="oc-1c">
         <name>.text:decompress:none:__TI_decompress_none</name>
         <load_address>0x6008</load_address>
         <run_address>0x6008</run_address>
         <size>0xe</size>
         <input_file_ref idref="fl-dd"/>
      </object_component>
      <object_component id="oc-28">
         <name>.text:Reset_Handler</name>
         <load_address>0x6016</load_address>
         <run_address>0x6016</run_address>
         <size>0xc</size>
         <input_file_ref idref="fl-7"/>
      </object_component>
      <object_component id="oc-5a">
         <name>.text:decompress:ZI:__TI_zero_init</name>
         <load_address>0x6022</load_address>
         <run_address>0x6022</run_address>
         <size>0xc</size>
         <input_file_ref idref="fl-dc"/>
      </object_component>
      <object_component id="oc-25e">
         <name>.text:__aeabi_errno_addr</name>
         <load_address>0x6030</load_address>
         <run_address>0x6030</run_address>
         <size>0x8</size>
         <input_file_ref idref="fl-e0"/>
      </object_component>
      <object_component id="oc-b3">
         <name>.text:_system_pre_init</name>
         <load_address>0x6038</load_address>
         <run_address>0x6038</run_address>
         <size>0x4</size>
         <input_file_ref idref="fl-ea"/>
      </object_component>
      <object_component id="oc-17e">
         <name>.text:abort:abort</name>
         <load_address>0x603c</load_address>
         <run_address>0x603c</run_address>
         <size>0x4</size>
         <input_file_ref idref="fl-ec"/>
      </object_component>
      <object_component id="oc-230">
         <name>.const:hanning_1024</name>
         <load_address>0x6040</load_address>
         <run_address>0x6040</run_address>
         <size>0x1000</size>
         <input_file_ref idref="fl-8"/>
      </object_component>
      <object_component id="oc-1e6">
         <name>.const:g_pppui32XTALtoVCO</name>
         <load_address>0x7040</load_address>
         <run_address>0x7040</run_address>
         <size>0x1b0</size>
         <input_file_ref idref="fl-15"/>
      </object_component>
      <object_component id="oc-306">
         <name>.const:$O1$$</name>
         <load_address>0x71f0</load_address>
         <run_address>0x71f0</run_address>
         <size>0x158</size>
         <input_file_ref idref="fl-df"/>
      </object_component>
      <object_component id="oc-297">
         <name>.const:g_sXTALtoMEMTIM</name>
         <load_address>0x7348</load_address>
         <run_address>0x7348</run_address>
         <size>0x30</size>
         <input_file_ref idref="fl-15"/>
      </object_component>
      <object_component id="oc-1e0">
         <name>.const:g_pui32Xtals</name>
         <load_address>0x7378</load_address>
         <run_address>0x7378</run_address>
         <size>0x28</size>
         <input_file_ref idref="fl-15"/>
      </object_component>
      <object_component id="oc-1f5">
         <name>.const:g_ui32UARTBase</name>
         <load_address>0x73a0</load_address>
         <run_address>0x73a0</run_address>
         <size>0x20</size>
         <input_file_ref idref="fl-4"/>
      </object_component>
      <object_component id="oc-1ec">
         <name>.const:g_ui32UARTPeriph</name>
         <load_address>0x73c0</load_address>
         <run_address>0x73c0</run_address>
         <size>0x20</size>
         <input_file_ref idref="fl-4"/>
      </object_component>
      <object_component id="oc-390">
         <name>.const:.string</name>
         <load_address>0x73e0</load_address>
         <run_address>0x73e0</run_address>
         <size>0x12</size>
         <input_file_ref idref="fl-4"/>
      </object_component>
      <object_component id="oc-1e3">
         <name>.const:g_pui32VCOFrequencies</name>
         <load_address>0x73f4</load_address>
         <run_address>0x73f4</run_address>
         <size>0x8</size>
         <input_file_ref idref="fl-15"/>
      </object_component>
      <object_component id="oc-331">
         <name>.const</name>
         <load_address>0x73fc</load_address>
         <run_address>0x73fc</run_address>
         <size>0x4</size>
         <input_file_ref idref="fl-4"/>
      </object_component>
      <object_component id="oc-3d4">
         <name>.cinit..data.load</name>
         <load_address>0x7400</load_address>
         <run_address>0x7400</run_address>
         <size>0x35</size>
      </object_component>
      <object_component id="oc-3d2">
         <name>__TI_handler_table</name>
         <load_address>0x7438</load_address>
         <run_address>0x7438</run_address>
         <size>0xc</size>
      </object_component>
      <object_component id="oc-3d5">
         <name>.cinit..bss.load</name>
         <load_address>0x7448</load_address>
         <run_address>0x7448</run_address>
         <size>0x8</size>
      </object_component>
      <object_component id="oc-3d3">
         <name>__TI_cinit_table</name>
         <load_address>0x7450</load_address>
         <run_address>0x7450</run_address>
         <size>0x10</size>
      </object_component>
      <object_component id="oc-88">
         <name>.data</name>
         <load_address>0x2000b1b0</load_address>
         <run_address>0x2000b1b0</run_address>
         <size>0x78</size>
         <input_file_ref idref="fl-2"/>
      </object_component>
      <object_component id="oc-cb">
         <name>.data</name>
         <load_address>0x2000b234</load_address>
         <run_address>0x2000b234</run_address>
         <size>0x4</size>
         <input_file_ref idref="fl-3"/>
      </object_component>
      <object_component id="oc-1ef">
         <name>.data</name>
         <load_address>0x2000b228</load_address>
         <run_address>0x2000b228</run_address>
         <size>0x5</size>
         <input_file_ref idref="fl-4"/>
      </object_component>
      <object_component id="oc-31d">
         <name>.data</name>
         <load_address>0x2000b230</load_address>
         <run_address>0x2000b230</run_address>
         <size>0x4</size>
         <input_file_ref idref="fl-e0"/>
      </object_component>
      <object_component id="oc-122">
         <name>.common:pui8ControlTable</name>
         <uninitialized>true</uninitialized>
         <run_address>0x20000800</run_address>
         <size>0x400</size>
      </object_component>
      <object_component id="oc-148">
         <name>.common:ADCBuffer</name>
         <uninitialized>true</uninitialized>
         <run_address>0x20000000</run_address>
         <size>0x800</size>
      </object_component>
      <object_component id="oc-17c">
         <name>.common:sig_out</name>
         <uninitialized>true</uninitialized>
         <run_address>0x20000c00</run_address>
         <size>0x400</size>
      </object_component>
      <object_component id="oc-1fd">
         <name>.common:ADCBuffer0</name>
         <uninitialized>true</uninitialized>
         <run_address>0x20009000</run_address>
         <size>0x100</size>
      </object_component>
      <object_component id="oc-1fe">
         <name>.common:ADCBuffer1</name>
         <uninitialized>true</uninitialized>
         <run_address>0x20009100</run_address>
         <size>0x100</size>
      </object_component>
      <object_component id="oc-1ff">
         <name>.common:ADCBuffer2</name>
         <uninitialized>true</uninitialized>
         <run_address>0x20009200</run_address>
         <size>0x100</size>
      </object_component>
      <object_component id="oc-200">
         <name>.common:ADCBuffer3</name>
         <uninitialized>true</uninitialized>
         <run_address>0x20009300</run_address>
         <size>0x100</size>
      </object_component>
      <object_component id="oc-201">
         <name>.common:ADCBuffer4</name>
         <uninitialized>true</uninitialized>
         <run_address>0x20009400</run_address>
         <size>0x100</size>
      </object_component>
      <object_component id="oc-202">
         <name>.common:ADCBuffer5</name>
         <uninitialized>true</uninitialized>
         <run_address>0x20009500</run_address>
         <size>0x100</size>
      </object_component>
      <object_component id="oc-203">
         <name>.common:ADCBuffer6</name>
         <uninitialized>true</uninitialized>
         <run_address>0x20009600</run_address>
         <size>0x100</size>
      </object_component>
      <object_component id="oc-204">
         <name>.common:ADCBuffer7</name>
         <uninitialized>true</uninitialized>
         <run_address>0x20009700</run_address>
         <size>0x100</size>
      </object_component>
      <object_component id="oc-205">
         <name>.common:ADCBuffer8</name>
         <uninitialized>true</uninitialized>
         <run_address>0x20009800</run_address>
         <size>0x100</size>
      </object_component>
      <object_component id="oc-206">
         <name>.common:ADCBuffer9</name>
         <uninitialized>true</uninitialized>
         <run_address>0x20009900</run_address>
         <size>0x100</size>
      </object_component>
      <object_component id="oc-207">
         <name>.common:ADCBuffera</name>
         <uninitialized>true</uninitialized>
         <run_address>0x20009a00</run_address>
         <size>0x100</size>
      </object_component>
      <object_component id="oc-208">
         <name>.common:ADCBufferb</name>
         <uninitialized>true</uninitialized>
         <run_address>0x20009b00</run_address>
         <size>0x100</size>
      </object_component>
      <object_component id="oc-209">
         <name>.common:ADCBufferc</name>
         <uninitialized>true</uninitialized>
         <run_address>0x20009c00</run_address>
         <size>0x100</size>
      </object_component>
      <object_component id="oc-20a">
         <name>.common:ADCBufferd</name>
         <uninitialized>true</uninitialized>
         <run_address>0x20009d00</run_address>
         <size>0x100</size>
      </object_component>
      <object_component id="oc-20b">
         <name>.common:ADCBuffere</name>
         <uninitialized>true</uninitialized>
         <run_address>0x20009e00</run_address>
         <size>0x100</size>
      </object_component>
      <object_component id="oc-20c">
         <name>.common:ADCBufferf</name>
         <uninitialized>true</uninitialized>
         <run_address>0x20009f00</run_address>
         <size>0x100</size>
      </object_component>
      <object_component id="oc-2d3">
         <name>.common:VRBuffer0</name>
         <uninitialized>true</uninitialized>
         <run_address>0x20007000</run_address>
         <size>0x200</size>
      </object_component>
      <object_component id="oc-2d4">
         <name>.common:VRBuffer1</name>
         <uninitialized>true</uninitialized>
         <run_address>0x20007200</run_address>
         <size>0x200</size>
      </object_component>
      <object_component id="oc-2d5">
         <name>.common:VRBuffer2</name>
         <uninitialized>true</uninitialized>
         <run_address>0x20007400</run_address>
         <size>0x200</size>
      </object_component>
      <object_component id="oc-2d6">
         <name>.common:VRBuffer3</name>
         <uninitialized>true</uninitialized>
         <run_address>0x20007600</run_address>
         <size>0x200</size>
      </object_component>
      <object_component id="oc-2d7">
         <name>.common:VRBuffer4</name>
         <uninitialized>true</uninitialized>
         <run_address>0x20007800</run_address>
         <size>0x200</size>
      </object_component>
      <object_component id="oc-2d8">
         <name>.common:VRBuffer5</name>
         <uninitialized>true</uninitialized>
         <run_address>0x20007a00</run_address>
         <size>0x200</size>
      </object_component>
      <object_component id="oc-2d9">
         <name>.common:VRBuffer6</name>
         <uninitialized>true</uninitialized>
         <run_address>0x20007c00</run_address>
         <size>0x200</size>
      </object_component>
      <object_component id="oc-2da">
         <name>.common:VRBuffer7</name>
         <uninitialized>true</uninitialized>
         <run_address>0x20007e00</run_address>
         <size>0x200</size>
      </object_component>
      <object_component id="oc-2db">
         <name>.common:VRBuffer8</name>
         <uninitialized>true</uninitialized>
         <run_address>0x20008000</run_address>
         <size>0x200</size>
      </object_component>
      <object_component id="oc-2dc">
         <name>.common:VRBuffer9</name>
         <uninitialized>true</uninitialized>
         <run_address>0x20008200</run_address>
         <size>0x200</size>
      </object_component>
      <object_component id="oc-2dd">
         <name>.common:VRBuffera</name>
         <uninitialized>true</uninitialized>
         <run_address>0x20008400</run_address>
         <size>0x200</size>
      </object_component>
      <object_component id="oc-2de">
         <name>.common:VRBufferb</name>
         <uninitialized>true</uninitialized>
         <run_address>0x20008600</run_address>
         <size>0x200</size>
      </object_component>
      <object_component id="oc-2df">
         <name>.common:VRBufferc</name>
         <uninitialized>true</uninitialized>
         <run_address>0x20008800</run_address>
         <size>0x200</size>
      </object_component>
      <object_component id="oc-2e0">
         <name>.common:VRBufferd</name>
         <uninitialized>true</uninitialized>
         <run_address>0x20008a00</run_address>
         <size>0x200</size>
      </object_component>
      <object_component id="oc-2e1">
         <name>.common:VRBuffere</name>
         <uninitialized>true</uninitialized>
         <run_address>0x20008c00</run_address>
         <size>0x200</size>
      </object_component>
      <object_component id="oc-2e2">
         <name>.common:VRBufferf</name>
         <uninitialized>true</uninitialized>
         <run_address>0x20008e00</run_address>
         <size>0x200</size>
      </object_component>
      <object_component id="oc-2e4">
         <name>.common:VIBuffer0</name>
         <uninitialized>true</uninitialized>
         <run_address>0x20005000</run_address>
         <size>0x200</size>
      </object_component>
      <object_component id="oc-2e5">
         <name>.common:VIBuffer1</name>
         <uninitialized>true</uninitialized>
         <run_address>0x20005200</run_address>
         <size>0x200</size>
      </object_component>
      <object_component id="oc-2e6">
         <name>.common:VIBuffer2</name>
         <uninitialized>true</uninitialized>
         <run_address>0x20005400</run_address>
         <size>0x200</size>
      </object_component>
      <object_component id="oc-2e7">
         <name>.common:VIBuffer3</name>
         <uninitialized>true</uninitialized>
         <run_address>0x20005600</run_address>
         <size>0x200</size>
      </object_component>
      <object_component id="oc-2e8">
         <name>.common:VIBuffer4</name>
         <uninitialized>true</uninitialized>
         <run_address>0x20005800</run_address>
         <size>0x200</size>
      </object_component>
      <object_component id="oc-2e9">
         <name>.common:VIBuffer5</name>
         <uninitialized>true</uninitialized>
         <run_address>0x20005a00</run_address>
         <size>0x200</size>
      </object_component>
      <object_component id="oc-2ea">
         <name>.common:VIBuffer6</name>
         <uninitialized>true</uninitialized>
         <run_address>0x20005c00</run_address>
         <size>0x200</size>
      </object_component>
      <object_component id="oc-2eb">
         <name>.common:VIBuffer7</name>
         <uninitialized>true</uninitialized>
         <run_address>0x20005e00</run_address>
         <size>0x200</size>
      </object_component>
      <object_component id="oc-2ec">
         <name>.common:VIBuffer8</name>
         <uninitialized>true</uninitialized>
         <run_address>0x20006000</run_address>
         <size>0x200</size>
      </object_component>
      <object_component id="oc-2ed">
         <name>.common:VIBuffer9</name>
         <uninitialized>true</uninitialized>
         <run_address>0x20006200</run_address>
         <size>0x200</size>
      </object_component>
      <object_component id="oc-2ee">
         <name>.common:VIBuffera</name>
         <uninitialized>true</uninitialized>
         <run_address>0x20006400</run_address>
         <size>0x200</size>
      </object_component>
      <object_component id="oc-2ef">
         <name>.common:VIBufferb</name>
         <uninitialized>true</uninitialized>
         <run_address>0x20006600</run_address>
         <size>0x200</size>
      </object_component>
      <object_component id="oc-2f0">
         <name>.common:VIBufferc</name>
         <uninitialized>true</uninitialized>
         <run_address>0x20006800</run_address>
         <size>0x200</size>
      </object_component>
      <object_component id="oc-2f1">
         <name>.common:VIBufferd</name>
         <uninitialized>true</uninitialized>
         <run_address>0x20006a00</run_address>
         <size>0x200</size>
      </object_component>
      <object_component id="oc-2f2">
         <name>.common:VIBuffere</name>
         <uninitialized>true</uninitialized>
         <run_address>0x20006c00</run_address>
         <size>0x200</size>
      </object_component>
      <object_component id="oc-2f3">
         <name>.common:VIBufferf</name>
         <uninitialized>true</uninitialized>
         <run_address>0x20006e00</run_address>
         <size>0x200</size>
      </object_component>
      <object_component id="oc-2b0">
         <name>.common:FFTRBuffer0</name>
         <uninitialized>true</uninitialized>
         <run_address>0x20003000</run_address>
         <size>0x200</size>
      </object_component>
      <object_component id="oc-2b1">
         <name>.common:FFTRBuffer1</name>
         <uninitialized>true</uninitialized>
         <run_address>0x20003200</run_address>
         <size>0x200</size>
      </object_component>
      <object_component id="oc-2b2">
         <name>.common:FFTRBuffer2</name>
         <uninitialized>true</uninitialized>
         <run_address>0x20003400</run_address>
         <size>0x200</size>
      </object_component>
      <object_component id="oc-2b3">
         <name>.common:FFTRBuffer3</name>
         <uninitialized>true</uninitialized>
         <run_address>0x20003600</run_address>
         <size>0x200</size>
      </object_component>
      <object_component id="oc-2b4">
         <name>.common:FFTRBuffer4</name>
         <uninitialized>true</uninitialized>
         <run_address>0x20003800</run_address>
         <size>0x200</size>
      </object_component>
      <object_component id="oc-2b5">
         <name>.common:FFTRBuffer5</name>
         <uninitialized>true</uninitialized>
         <run_address>0x20003a00</run_address>
         <size>0x200</size>
      </object_component>
      <object_component id="oc-2b6">
         <name>.common:FFTRBuffer6</name>
         <uninitialized>true</uninitialized>
         <run_address>0x20003c00</run_address>
         <size>0x200</size>
      </object_component>
      <object_component id="oc-2b7">
         <name>.common:FFTRBuffer7</name>
         <uninitialized>true</uninitialized>
         <run_address>0x20003e00</run_address>
         <size>0x200</size>
      </object_component>
      <object_component id="oc-2b8">
         <name>.common:FFTRBuffer8</name>
         <uninitialized>true</uninitialized>
         <run_address>0x20004000</run_address>
         <size>0x200</size>
      </object_component>
      <object_component id="oc-2b9">
         <name>.common:FFTRBuffer9</name>
         <uninitialized>true</uninitialized>
         <run_address>0x20004200</run_address>
         <size>0x200</size>
      </object_component>
      <object_component id="oc-2ba">
         <name>.common:FFTRBuffera</name>
         <uninitialized>true</uninitialized>
         <run_address>0x20004400</run_address>
         <size>0x200</size>
      </object_component>
      <object_component id="oc-2bb">
         <name>.common:FFTRBufferb</name>
         <uninitialized>true</uninitialized>
         <run_address>0x20004600</run_address>
         <size>0x200</size>
      </object_component>
      <object_component id="oc-2bc">
         <name>.common:FFTRBufferc</name>
         <uninitialized>true</uninitialized>
         <run_address>0x20004800</run_address>
         <size>0x200</size>
      </object_component>
      <object_component id="oc-2bd">
         <name>.common:FFTRBufferd</name>
         <uninitialized>true</uninitialized>
         <run_address>0x20004a00</run_address>
         <size>0x200</size>
      </object_component>
      <object_component id="oc-2be">
         <name>.common:FFTRBuffere</name>
         <uninitialized>true</uninitialized>
         <run_address>0x20004c00</run_address>
         <size>0x200</size>
      </object_component>
      <object_component id="oc-2bf">
         <name>.common:FFTRBufferf</name>
         <uninitialized>true</uninitialized>
         <run_address>0x20004e00</run_address>
         <size>0x200</size>
      </object_component>
      <object_component id="oc-2c1">
         <name>.common:FFTIBuffer0</name>
         <uninitialized>true</uninitialized>
         <run_address>0x20001000</run_address>
         <size>0x200</size>
      </object_component>
      <object_component id="oc-2c2">
         <name>.common:FFTIBuffer1</name>
         <uninitialized>true</uninitialized>
         <run_address>0x20001200</run_address>
         <size>0x200</size>
      </object_component>
      <object_component id="oc-2c3">
         <name>.common:FFTIBuffer2</name>
         <uninitialized>true</uninitialized>
         <run_address>0x20001400</run_address>
         <size>0x200</size>
      </object_component>
      <object_component id="oc-2c4">
         <name>.common:FFTIBuffer3</name>
         <uninitialized>true</uninitialized>
         <run_address>0x20001600</run_address>
         <size>0x200</size>
      </object_component>
      <object_component id="oc-2c5">
         <name>.common:FFTIBuffer4</name>
         <uninitialized>true</uninitialized>
         <run_address>0x20001800</run_address>
         <size>0x200</size>
      </object_component>
      <object_component id="oc-2c6">
         <name>.common:FFTIBuffer5</name>
         <uninitialized>true</uninitialized>
         <run_address>0x20001a00</run_address>
         <size>0x200</size>
      </object_component>
      <object_component id="oc-2c7">
         <name>.common:FFTIBuffer6</name>
         <uninitialized>true</uninitialized>
         <run_address>0x20001c00</run_address>
         <size>0x200</size>
      </object_component>
      <object_component id="oc-2c8">
         <name>.common:FFTIBuffer7</name>
         <uninitialized>true</uninitialized>
         <run_address>0x20001e00</run_address>
         <size>0x200</size>
      </object_component>
      <object_component id="oc-2c9">
         <name>.common:FFTIBuffer8</name>
         <uninitialized>true</uninitialized>
         <run_address>0x20002000</run_address>
         <size>0x200</size>
      </object_component>
      <object_component id="oc-2ca">
         <name>.common:FFTIBuffer9</name>
         <uninitialized>true</uninitialized>
         <run_address>0x20002200</run_address>
         <size>0x200</size>
      </object_component>
      <object_component id="oc-2cb">
         <name>.common:FFTIBuffera</name>
         <uninitialized>true</uninitialized>
         <run_address>0x20002400</run_address>
         <size>0x200</size>
      </object_component>
      <object_component id="oc-2cc">
         <name>.common:FFTIBufferb</name>
         <uninitialized>true</uninitialized>
         <run_address>0x20002600</run_address>
         <size>0x200</size>
      </object_component>
      <object_component id="oc-2cd">
         <name>.common:FFTIBufferc</name>
         <uninitialized>true</uninitialized>
         <run_address>0x20002800</run_address>
         <size>0x200</size>
      </object_component>
      <object_component id="oc-2ce">
         <name>.common:FFTIBufferd</name>
         <uninitialized>true</uninitialized>
         <run_address>0x20002a00</run_address>
         <size>0x200</size>
      </object_component>
      <object_component id="oc-2cf">
         <name>.common:FFTIBuffere</name>
         <uninitialized>true</uninitialized>
         <run_address>0x20002c00</run_address>
         <size>0x200</size>
      </object_component>
      <object_component id="oc-2d0">
         <name>.common:FFTIBufferf</name>
         <uninitialized>true</uninitialized>
         <run_address>0x20002e00</run_address>
         <size>0x200</size>
      </object_component>
      <object_component id="oc-16a">
         <name>.common:getDCVoltage</name>
         <uninitialized>true</uninitialized>
         <run_address>0x2000a1a0</run_address>
         <size>0x4</size>
      </object_component>
      <object_component id="oc-161">
         <name>.common:f_test</name>
         <uninitialized>true</uninitialized>
         <run_address>0x2000a000</run_address>
         <size>0xa8</size>
      </object_component>
      <object_component id="oc-162">
         <name>.common:mag_test</name>
         <uninitialized>true</uninitialized>
         <run_address>0x2000a0a8</run_address>
         <size>0xa8</size>
      </object_component>
      <object_component id="oc-15f">
         <name>.common:mag_test_max</name>
         <uninitialized>true</uninitialized>
         <run_address>0x2000a198</run_address>
         <size>0x8</size>
      </object_component>
      <object_component id="oc-160">
         <name>.common:mag_test_i</name>
         <uninitialized>true</uninitialized>
         <run_address>0x2000a1a4</run_address>
         <size>0x4</size>
      </object_component>
      <object_component id="oc-150">
         <name>.common:f_in</name>
         <uninitialized>true</uninitialized>
         <run_address>0x2000a188</run_address>
         <size>0x8</size>
      </object_component>
      <object_component id="oc-169">
         <name>.common:THD</name>
         <uninitialized>true</uninitialized>
         <run_address>0x2000a178</run_address>
         <size>0x8</size>
      </object_component>
      <object_component id="oc-15e">
         <name>.common:f_out</name>
         <uninitialized>true</uninitialized>
         <run_address>0x2000a190</run_address>
         <size>0x8</size>
      </object_component>
      <object_component id="oc-15c">
         <name>.common:THD_out</name>
         <uninitialized>true</uninitialized>
         <run_address>0x2000a180</run_address>
         <size>0x8</size>
      </object_component>
      <object_component id="oc-15d">
         <name>.common:mag_out</name>
         <uninitialized>true</uninitialized>
         <run_address>0x2000a150</run_address>
         <size>0x28</size>
      </object_component>
      <object_component id="oc-149">
         <name>.common:uart_temp</name>
         <uninitialized>true</uninitialized>
         <run_address>0x2000a1a8</run_address>
         <size>0x1</size>
      </object_component>
      <object_component id="oc-25">
         <name>.stack</name>
         <uninitialized>true</uninitialized>
         <run_address>0x2000a1b0</run_address>
         <size>0x4</size>
         <input_file_ref idref="fl-e1"/>
      </object_component>
      <object_component id="oc-3d7">
         <name>.stack</name>
         <uninitialized>true</uninitialized>
         <run_address>0x2000a1b0</run_address>
         <size>0x0</size>
      </object_component>
      <object_component id="oc-dc">
         <name>.debug_info</name>
         <load_address>0x0</load_address>
         <run_address>0x0</run_address>
         <size>0x17f6</size>
         <input_file_ref idref="fl-2"/>
      </object_component>
      <object_component id="oc-89">
         <name>.debug_info</name>
         <load_address>0x17f6</load_address>
         <run_address>0x17f6</run_address>
         <size>0x2d0</size>
         <input_file_ref idref="fl-2"/>
      </object_component>
      <object_component id="oc-124">
         <name>.debug_info</name>
         <load_address>0x1ac6</load_address>
         <run_address>0x1ac6</run_address>
         <size>0x147</size>
         <input_file_ref idref="fl-2"/>
      </object_component>
      <object_component id="oc-225">
         <name>.debug_info</name>
         <load_address>0x1c0d</load_address>
         <run_address>0x1c0d</run_address>
         <size>0x146</size>
         <input_file_ref idref="fl-2"/>
      </object_component>
      <object_component id="oc-22b">
         <name>.debug_info</name>
         <load_address>0x1d53</load_address>
         <run_address>0x1d53</run_address>
         <size>0x148</size>
         <input_file_ref idref="fl-2"/>
      </object_component>
      <object_component id="oc-214">
         <name>.debug_info</name>
         <load_address>0x1e9b</load_address>
         <run_address>0x1e9b</run_address>
         <size>0x14c</size>
         <input_file_ref idref="fl-2"/>
      </object_component>
      <object_component id="oc-21a">
         <name>.debug_info</name>
         <load_address>0x1fe7</load_address>
         <run_address>0x1fe7</run_address>
         <size>0x14c</size>
         <input_file_ref idref="fl-2"/>
      </object_component>
      <object_component id="oc-143">
         <name>.debug_info</name>
         <load_address>0x2133</load_address>
         <run_address>0x2133</run_address>
         <size>0x936</size>
         <input_file_ref idref="fl-2"/>
      </object_component>
      <object_component id="oc-35">
         <name>.debug_info</name>
         <load_address>0x2a69</load_address>
         <run_address>0x2a69</run_address>
         <size>0x172</size>
         <input_file_ref idref="fl-2"/>
      </object_component>
      <object_component id="oc-fa">
         <name>.debug_info</name>
         <load_address>0x2bdb</load_address>
         <run_address>0x2bdb</run_address>
         <size>0x173</size>
         <input_file_ref idref="fl-2"/>
      </object_component>
      <object_component id="oc-100">
         <name>.debug_info</name>
         <load_address>0x2d4e</load_address>
         <run_address>0x2d4e</run_address>
         <size>0x173</size>
         <input_file_ref idref="fl-2"/>
      </object_component>
      <object_component id="oc-ba">
         <name>.debug_info</name>
         <load_address>0x2ec1</load_address>
         <run_address>0x2ec1</run_address>
         <size>0x216e</size>
         <input_file_ref idref="fl-2"/>
      </object_component>
      <object_component id="oc-93">
         <name>.debug_info</name>
         <load_address>0x502f</load_address>
         <run_address>0x502f</run_address>
         <size>0x26b</size>
         <input_file_ref idref="fl-2"/>
      </object_component>
      <object_component id="oc-1c5">
         <name>.debug_info</name>
         <load_address>0x529a</load_address>
         <run_address>0x529a</run_address>
         <size>0x1028</size>
         <input_file_ref idref="fl-2"/>
      </object_component>
      <object_component id="oc-1cf">
         <name>.debug_info</name>
         <load_address>0x62c2</load_address>
         <run_address>0x62c2</run_address>
         <size>0x186</size>
         <input_file_ref idref="fl-2"/>
      </object_component>
      <object_component id="oc-d7">
         <name>.debug_info</name>
         <load_address>0x6448</load_address>
         <run_address>0x6448</run_address>
         <size>0x8b</size>
         <input_file_ref idref="fl-2"/>
      </object_component>
      <object_component id="oc-de">
         <name>.debug_info</name>
         <load_address>0x64d3</load_address>
         <run_address>0x64d3</run_address>
         <size>0x2a4</size>
         <input_file_ref idref="fl-2"/>
      </object_component>
      <object_component id="oc-8c">
         <name>.debug_info</name>
         <load_address>0x6777</load_address>
         <run_address>0x6777</run_address>
         <size>0xbb</size>
         <input_file_ref idref="fl-2"/>
      </object_component>
      <object_component id="oc-271">
         <name>.debug_info</name>
         <load_address>0x6832</load_address>
         <run_address>0x6832</run_address>
         <size>0x2c</size>
         <input_file_ref idref="fl-2"/>
      </object_component>
      <object_component id="oc-1ca">
         <name>.debug_info</name>
         <load_address>0x685e</load_address>
         <run_address>0x685e</run_address>
         <size>0x35</size>
         <input_file_ref idref="fl-2"/>
      </object_component>
      <object_component id="oc-cc">
         <name>.debug_info</name>
         <load_address>0x6893</load_address>
         <run_address>0x6893</run_address>
         <size>0xf4</size>
         <input_file_ref idref="fl-3"/>
      </object_component>
      <object_component id="oc-7b">
         <name>.debug_info</name>
         <load_address>0x6987</load_address>
         <run_address>0x6987</run_address>
         <size>0x130</size>
         <input_file_ref idref="fl-3"/>
      </object_component>
      <object_component id="oc-43">
         <name>.debug_info</name>
         <load_address>0x6ab7</load_address>
         <run_address>0x6ab7</run_address>
         <size>0x84</size>
         <input_file_ref idref="fl-3"/>
      </object_component>
      <object_component id="oc-270">
         <name>.debug_info</name>
         <load_address>0x6b3b</load_address>
         <run_address>0x6b3b</run_address>
         <size>0x7e5</size>
         <input_file_ref idref="fl-4"/>
      </object_component>
      <object_component id="oc-1f0">
         <name>.debug_info</name>
         <load_address>0x7320</load_address>
         <run_address>0x7320</run_address>
         <size>0xe0</size>
         <input_file_ref idref="fl-4"/>
      </object_component>
      <object_component id="oc-332">
         <name>.debug_info</name>
         <load_address>0x7400</load_address>
         <run_address>0x7400</run_address>
         <size>0xda</size>
         <input_file_ref idref="fl-4"/>
      </object_component>
      <object_component id="oc-1f6">
         <name>.debug_info</name>
         <load_address>0x74da</load_address>
         <run_address>0x74da</run_address>
         <size>0xe8</size>
         <input_file_ref idref="fl-4"/>
      </object_component>
      <object_component id="oc-1ed">
         <name>.debug_info</name>
         <load_address>0x75c2</load_address>
         <run_address>0x75c2</run_address>
         <size>0xec</size>
         <input_file_ref idref="fl-4"/>
      </object_component>
      <object_component id="oc-106">
         <name>.debug_info</name>
         <load_address>0x76ae</load_address>
         <run_address>0x76ae</run_address>
         <size>0x1f3</size>
         <input_file_ref idref="fl-4"/>
      </object_component>
      <object_component id="oc-327">
         <name>.debug_info</name>
         <load_address>0x78a1</load_address>
         <run_address>0x78a1</run_address>
         <size>0x190</size>
         <input_file_ref idref="fl-4"/>
      </object_component>
      <object_component id="oc-1f2">
         <name>.debug_info</name>
         <load_address>0x7a31</load_address>
         <run_address>0x7a31</run_address>
         <size>0x1ef</size>
         <input_file_ref idref="fl-4"/>
      </object_component>
      <object_component id="oc-26a">
         <name>.debug_info</name>
         <load_address>0x7c20</load_address>
         <run_address>0x7c20</run_address>
         <size>0x2f0</size>
         <input_file_ref idref="fl-4"/>
      </object_component>
      <object_component id="oc-177">
         <name>.debug_info</name>
         <load_address>0x7f10</load_address>
         <run_address>0x7f10</run_address>
         <size>0x15b</size>
         <input_file_ref idref="fl-4"/>
      </object_component>
      <object_component id="oc-152">
         <name>.debug_info</name>
         <load_address>0x806b</load_address>
         <run_address>0x806b</run_address>
         <size>0x474</size>
         <input_file_ref idref="fl-6"/>
      </object_component>
      <object_component id="oc-3c">
         <name>.debug_info</name>
         <load_address>0x84df</load_address>
         <run_address>0x84df</run_address>
         <size>0x2d4</size>
         <input_file_ref idref="fl-7"/>
      </object_component>
      <object_component id="oc-14">
         <name>.debug_info</name>
         <load_address>0x87b3</load_address>
         <run_address>0x87b3</run_address>
         <size>0xff</size>
         <input_file_ref idref="fl-7"/>
      </object_component>
      <object_component id="oc-2b">
         <name>.debug_info</name>
         <load_address>0x88b2</load_address>
         <run_address>0x88b2</run_address>
         <size>0x165</size>
         <input_file_ref idref="fl-7"/>
      </object_component>
      <object_component id="oc-31">
         <name>.debug_info</name>
         <load_address>0x8a17</load_address>
         <run_address>0x8a17</run_address>
         <size>0x14d</size>
         <input_file_ref idref="fl-7"/>
      </object_component>
      <object_component id="oc-2f7">
         <name>.debug_info</name>
         <load_address>0x8b64</load_address>
         <run_address>0x8b64</run_address>
         <size>0xf9</size>
         <input_file_ref idref="fl-8"/>
      </object_component>
      <object_component id="oc-231">
         <name>.debug_info</name>
         <load_address>0x8c5d</load_address>
         <run_address>0x8c5d</run_address>
         <size>0xee</size>
         <input_file_ref idref="fl-8"/>
      </object_component>
      <object_component id="oc-296">
         <name>.debug_info</name>
         <load_address>0x8d4b</load_address>
         <run_address>0x8d4b</run_address>
         <size>0x889</size>
         <input_file_ref idref="fl-13"/>
      </object_component>
      <object_component id="oc-10d">
         <name>.debug_info</name>
         <load_address>0x95d4</load_address>
         <run_address>0x95d4</run_address>
         <size>0x2b9</size>
         <input_file_ref idref="fl-13"/>
      </object_component>
      <object_component id="oc-85">
         <name>.debug_info</name>
         <load_address>0x988d</load_address>
         <run_address>0x988d</run_address>
         <size>0x20f</size>
         <input_file_ref idref="fl-13"/>
      </object_component>
      <object_component id="oc-35f">
         <name>.debug_info</name>
         <load_address>0x9a9c</load_address>
         <run_address>0x9a9c</run_address>
         <size>0x26b</size>
         <input_file_ref idref="fl-13"/>
      </object_component>
      <object_component id="oc-35a">
         <name>.debug_info</name>
         <load_address>0x9d07</load_address>
         <run_address>0x9d07</run_address>
         <size>0x1028</size>
         <input_file_ref idref="fl-13"/>
      </object_component>
      <object_component id="oc-1be">
         <name>.debug_info</name>
         <load_address>0xad2f</load_address>
         <run_address>0xad2f</run_address>
         <size>0x297</size>
         <input_file_ref idref="fl-13"/>
      </object_component>
      <object_component id="oc-29b">
         <name>.debug_info</name>
         <load_address>0xafc6</load_address>
         <run_address>0xafc6</run_address>
         <size>0xef</size>
         <input_file_ref idref="fl-13"/>
      </object_component>
      <object_component id="oc-d0">
         <name>.debug_info</name>
         <load_address>0xb0b5</load_address>
         <run_address>0xb0b5</run_address>
         <size>0xbb</size>
         <input_file_ref idref="fl-13"/>
      </object_component>
      <object_component id="oc-2a3">
         <name>.debug_info</name>
         <load_address>0xb170</load_address>
         <run_address>0xb170</run_address>
         <size>0x3de</size>
         <input_file_ref idref="fl-15"/>
      </object_component>
      <object_component id="oc-1e1">
         <name>.debug_info</name>
         <load_address>0xb54e</load_address>
         <run_address>0xb54e</run_address>
         <size>0x12b</size>
         <input_file_ref idref="fl-15"/>
      </object_component>
      <object_component id="oc-1e7">
         <name>.debug_info</name>
         <load_address>0xb679</load_address>
         <run_address>0xb679</run_address>
         <size>0x137</size>
         <input_file_ref idref="fl-15"/>
      </object_component>
      <object_component id="oc-298">
         <name>.debug_info</name>
         <load_address>0xb7b0</load_address>
         <run_address>0xb7b0</run_address>
         <size>0x131</size>
         <input_file_ref idref="fl-15"/>
      </object_component>
      <object_component id="oc-1e4">
         <name>.debug_info</name>
         <load_address>0xb8e1</load_address>
         <run_address>0xb8e1</run_address>
         <size>0x13e</size>
         <input_file_ref idref="fl-15"/>
      </object_component>
      <object_component id="oc-1d6">
         <name>.debug_info</name>
         <load_address>0xba1f</load_address>
         <run_address>0xba1f</run_address>
         <size>0x208</size>
         <input_file_ref idref="fl-15"/>
      </object_component>
      <object_component id="oc-1dc">
         <name>.debug_info</name>
         <load_address>0xbc27</load_address>
         <run_address>0xbc27</run_address>
         <size>0x289</size>
         <input_file_ref idref="fl-15"/>
      </object_component>
      <object_component id="oc-113">
         <name>.debug_info</name>
         <load_address>0xbeb0</load_address>
         <run_address>0xbeb0</run_address>
         <size>0x202</size>
         <input_file_ref idref="fl-15"/>
      </object_component>
      <object_component id="oc-f5">
         <name>.debug_info</name>
         <load_address>0xc0b2</load_address>
         <run_address>0xc0b2</run_address>
         <size>0x3c7</size>
         <input_file_ref idref="fl-15"/>
      </object_component>
      <object_component id="oc-368">
         <name>.debug_info</name>
         <load_address>0xc479</load_address>
         <run_address>0xc479</run_address>
         <size>0x51</size>
         <input_file_ref idref="fl-15"/>
      </object_component>
      <object_component id="oc-119">
         <name>.debug_info</name>
         <load_address>0xc4ca</load_address>
         <run_address>0xc4ca</run_address>
         <size>0x25b</size>
         <input_file_ref idref="fl-16"/>
      </object_component>
      <object_component id="oc-265">
         <name>.debug_info</name>
         <load_address>0xc725</load_address>
         <run_address>0xc725</run_address>
         <size>0x2c5</size>
         <input_file_ref idref="fl-cd"/>
      </object_component>
      <object_component id="oc-165">
         <name>.debug_info</name>
         <load_address>0xc9ea</load_address>
         <run_address>0xc9ea</run_address>
         <size>0x24e</size>
         <input_file_ref idref="fl-cd"/>
      </object_component>
      <object_component id="oc-315">
         <name>.debug_info</name>
         <load_address>0xcc38</load_address>
         <run_address>0xcc38</run_address>
         <size>0x46</size>
         <input_file_ref idref="fl-cd"/>
      </object_component>
      <object_component id="oc-248">
         <name>.debug_info</name>
         <load_address>0xcc7e</load_address>
         <run_address>0xcc7e</run_address>
         <size>0x39</size>
         <input_file_ref idref="fl-cd"/>
      </object_component>
      <object_component id="oc-247">
         <name>.debug_info</name>
         <load_address>0xccb7</load_address>
         <run_address>0xccb7</run_address>
         <size>0x361</size>
         <input_file_ref idref="fl-ce"/>
      </object_component>
      <object_component id="oc-14b">
         <name>.debug_info</name>
         <load_address>0xd018</load_address>
         <run_address>0xd018</run_address>
         <size>0x79b</size>
         <input_file_ref idref="fl-ce"/>
      </object_component>
      <object_component id="oc-267">
         <name>.debug_info</name>
         <load_address>0xd7b3</load_address>
         <run_address>0xd7b3</run_address>
         <size>0x361</size>
         <input_file_ref idref="fl-cf"/>
      </object_component>
      <object_component id="oc-16e">
         <name>.debug_info</name>
         <load_address>0xdb14</load_address>
         <run_address>0xdb14</run_address>
         <size>0x7ae</size>
         <input_file_ref idref="fl-cf"/>
      </object_component>
      <object_component id="oc-139">
         <name>.debug_info</name>
         <load_address>0xe2c2</load_address>
         <run_address>0xe2c2</run_address>
         <size>0x14c</size>
         <input_file_ref idref="fl-d0"/>
      </object_component>
      <object_component id="oc-11f">
         <name>.debug_info</name>
         <load_address>0xe40e</load_address>
         <run_address>0xe40e</run_address>
         <size>0x128</size>
         <input_file_ref idref="fl-d1"/>
      </object_component>
      <object_component id="oc-15a">
         <name>.debug_info</name>
         <load_address>0xe536</load_address>
         <run_address>0xe536</run_address>
         <size>0x12a</size>
         <input_file_ref idref="fl-d1"/>
      </object_component>
      <object_component id="oc-13e">
         <name>.debug_info</name>
         <load_address>0xe660</load_address>
         <run_address>0xe660</run_address>
         <size>0x13a</size>
         <input_file_ref idref="fl-d2"/>
      </object_component>
      <object_component id="oc-12f">
         <name>.debug_info</name>
         <load_address>0xe79a</load_address>
         <run_address>0xe79a</run_address>
         <size>0x13a</size>
         <input_file_ref idref="fl-d3"/>
      </object_component>
      <object_component id="oc-174">
         <name>.debug_info</name>
         <load_address>0xe8d4</load_address>
         <run_address>0xe8d4</run_address>
         <size>0x12e</size>
         <input_file_ref idref="fl-d4"/>
      </object_component>
      <object_component id="oc-255">
         <name>.debug_info</name>
         <load_address>0xea02</load_address>
         <run_address>0xea02</run_address>
         <size>0x135</size>
         <input_file_ref idref="fl-d5"/>
      </object_component>
      <object_component id="oc-220">
         <name>.debug_info</name>
         <load_address>0xeb37</load_address>
         <run_address>0xeb37</run_address>
         <size>0x12c</size>
         <input_file_ref idref="fl-d6"/>
      </object_component>
      <object_component id="oc-12a">
         <name>.debug_info</name>
         <load_address>0xec63</load_address>
         <run_address>0xec63</run_address>
         <size>0x12c</size>
         <input_file_ref idref="fl-d7"/>
      </object_component>
      <object_component id="oc-25a">
         <name>.debug_info</name>
         <load_address>0xed8f</load_address>
         <run_address>0xed8f</run_address>
         <size>0x122</size>
         <input_file_ref idref="fl-d8"/>
      </object_component>
      <object_component id="oc-24e">
         <name>.debug_info</name>
         <load_address>0xeeb1</load_address>
         <run_address>0xeeb1</run_address>
         <size>0x127</size>
         <input_file_ref idref="fl-d9"/>
      </object_component>
      <object_component id="oc-135">
         <name>.debug_info</name>
         <load_address>0xefd8</load_address>
         <run_address>0xefd8</run_address>
         <size>0x12e</size>
         <input_file_ref idref="fl-da"/>
      </object_component>
      <object_component id="oc-32e">
         <name>.debug_info</name>
         <load_address>0xf106</load_address>
         <run_address>0xf106</run_address>
         <size>0x142</size>
         <input_file_ref idref="fl-db"/>
      </object_component>
      <object_component id="oc-ac">
         <name>.debug_info</name>
         <load_address>0xf248</load_address>
         <run_address>0xf248</run_address>
         <size>0x2d4</size>
         <input_file_ref idref="fl-dc"/>
      </object_component>
      <object_component id="oc-5b">
         <name>.debug_info</name>
         <load_address>0xf51c</load_address>
         <run_address>0xf51c</run_address>
         <size>0x1b5</size>
         <input_file_ref idref="fl-dc"/>
      </object_component>
      <object_component id="oc-a7">
         <name>.debug_info</name>
         <load_address>0xf6d1</load_address>
         <run_address>0xf6d1</run_address>
         <size>0x46</size>
         <input_file_ref idref="fl-dc"/>
      </object_component>
      <object_component id="oc-ea">
         <name>.debug_info</name>
         <load_address>0xf717</load_address>
         <run_address>0xf717</run_address>
         <size>0x2c</size>
         <input_file_ref idref="fl-dc"/>
      </object_component>
      <object_component id="oc-53">
         <name>.debug_info</name>
         <load_address>0xf743</load_address>
         <run_address>0xf743</run_address>
         <size>0x2a8</size>
         <input_file_ref idref="fl-dd"/>
      </object_component>
      <object_component id="oc-20">
         <name>.debug_info</name>
         <load_address>0xf9eb</load_address>
         <run_address>0xf9eb</run_address>
         <size>0x1ea</size>
         <input_file_ref idref="fl-dd"/>
      </object_component>
      <object_component id="oc-4e">
         <name>.debug_info</name>
         <load_address>0xfbd5</load_address>
         <run_address>0xfbd5</run_address>
         <size>0x46</size>
         <input_file_ref idref="fl-dd"/>
      </object_component>
      <object_component id="oc-9f">
         <name>.debug_info</name>
         <load_address>0xfc1b</load_address>
         <run_address>0xfc1b</run_address>
         <size>0x2c</size>
         <input_file_ref idref="fl-dd"/>
      </object_component>
      <object_component id="oc-9d">
         <name>.debug_info</name>
         <load_address>0xfc47</load_address>
         <run_address>0xfc47</run_address>
         <size>0x29e</size>
         <input_file_ref idref="fl-de"/>
      </object_component>
      <object_component id="oc-1a">
         <name>.debug_info</name>
         <load_address>0xfee5</load_address>
         <run_address>0xfee5</run_address>
         <size>0x250</size>
         <input_file_ref idref="fl-de"/>
      </object_component>
      <object_component id="oc-3e">
         <name>.debug_info</name>
         <load_address>0x10135</load_address>
         <run_address>0x10135</run_address>
         <size>0x60</size>
         <input_file_ref idref="fl-de"/>
      </object_component>
      <object_component id="oc-e3">
         <name>.debug_info</name>
         <load_address>0x10195</load_address>
         <run_address>0x10195</run_address>
         <size>0x46</size>
         <input_file_ref idref="fl-de"/>
      </object_component>
      <object_component id="oc-98">
         <name>.debug_info</name>
         <load_address>0x101db</load_address>
         <run_address>0x101db</run_address>
         <size>0x39</size>
         <input_file_ref idref="fl-de"/>
      </object_component>
      <object_component id="oc-30a">
         <name>.debug_info</name>
         <load_address>0x10214</load_address>
         <run_address>0x10214</run_address>
         <size>0x3aa</size>
         <input_file_ref idref="fl-df"/>
      </object_component>
      <object_component id="oc-307">
         <name>.debug_info</name>
         <load_address>0x105be</load_address>
         <run_address>0x105be</run_address>
         <size>0x13a</size>
         <input_file_ref idref="fl-df"/>
      </object_component>
      <object_component id="oc-23c">
         <name>.debug_info</name>
         <load_address>0x106f8</load_address>
         <run_address>0x106f8</run_address>
         <size>0x72f</size>
         <input_file_ref idref="fl-df"/>
      </object_component>
      <object_component id="oc-37e">
         <name>.debug_info</name>
         <load_address>0x10e27</load_address>
         <run_address>0x10e27</run_address>
         <size>0x39</size>
         <input_file_ref idref="fl-df"/>
      </object_component>
      <object_component id="oc-30c">
         <name>.debug_info</name>
         <load_address>0x10e60</load_address>
         <run_address>0x10e60</run_address>
         <size>0x2c</size>
         <input_file_ref idref="fl-df"/>
      </object_component>
      <object_component id="oc-321">
         <name>.debug_info</name>
         <load_address>0x10e8c</load_address>
         <run_address>0x10e8c</run_address>
         <size>0x289</size>
         <input_file_ref idref="fl-e0"/>
      </object_component>
      <object_component id="oc-31e">
         <name>.debug_info</name>
         <load_address>0x11115</load_address>
         <run_address>0x11115</run_address>
         <size>0x10e</size>
         <input_file_ref idref="fl-e0"/>
      </object_component>
      <object_component id="oc-260">
         <name>.debug_info</name>
         <load_address>0x11223</load_address>
         <run_address>0x11223</run_address>
         <size>0x14e</size>
         <input_file_ref idref="fl-e0"/>
      </object_component>
      <object_component id="oc-26">
         <name>.debug_info</name>
         <load_address>0x11371</load_address>
         <run_address>0x11371</run_address>
         <size>0x10b</size>
         <input_file_ref idref="fl-e1"/>
      </object_component>
      <object_component id="oc-67">
         <name>.debug_info</name>
         <load_address>0x1147c</load_address>
         <run_address>0x1147c</run_address>
         <size>0x1a9</size>
         <input_file_ref idref="fl-e1"/>
      </object_component>
      <object_component id="oc-2f9">
         <name>.debug_info</name>
         <load_address>0x11625</load_address>
         <run_address>0x11625</run_address>
         <size>0x288</size>
         <input_file_ref idref="fl-e2"/>
      </object_component>
      <object_component id="oc-235">
         <name>.debug_info</name>
         <load_address>0x118ad</load_address>
         <run_address>0x118ad</run_address>
         <size>0x327</size>
         <input_file_ref idref="fl-e2"/>
      </object_component>
      <object_component id="oc-312">
[...]
      </symbol>
      <symbol id="sm-666">
         <name>__aeabi_ddiv</name>
         <value>0x5209</value>
         <object_component_ref idref="oc-13d"/>
      </symbol>
      <symbol id="sm-671">
         <name>__aeabi_dmul</name>
         <value>0x5451</value>
         <object_component_ref idref="oc-12e"/>
      </symbol>
      <symbol id="sm-67b">
         <name>__aeabi_d2iz</name>
         <value>0x5d31</value>
         <object_component_ref idref="oc-171"/>
      </symbol>
      <symbol id="sm-686">
         <name>__aeabi_d2lz</name>
         <value>0x5add</value>
         <object_component_ref idref="oc-252"/>
      </symbol>
      <symbol id="sm-691">
         <name>__aeabi_f2d</name>
         <value>0x5ec5</value>
         <object_component_ref idref="oc-21f"/>
      </symbol>
      <symbol id="sm-69b">
         <name>__aeabi_i2d</name>
         <value>0x5f31</value>
         <object_component_ref idref="oc-129"/>
      </symbol>
      <symbol id="sm-6a4">
         <name>__aeabi_lmul</name>
         <value>0x5fdf</value>
         <object_component_ref idref="oc-257"/>
      </symbol>
      <symbol id="sm-6ae">
         <name>__aeabi_l2d</name>
         <value>0x5e45</value>
         <object_component_ref idref="oc-24d"/>
      </symbol>
      <symbol id="sm-6b8">
         <name>__aeabi_ui2d</name>
         <value>0x5fa5</value>
         <object_component_ref idref="oc-133"/>
      </symbol>
      <symbol id="sm-6c7">
         <name>__aeabi_uidivmod</name>
         <value>0x5e85</value>
         <object_component_ref idref="oc-32c"/>
      </symbol>
      <symbol id="sm-6c8">
         <name>__aeabi_uidiv</name>
         <value>0x5e85</value>
         <object_component_ref idref="oc-32c"/>
      </symbol>
      <symbol id="sm-6df">
         <name>__TI_zero_init</name>
         <value>0x6023</value>
         <object_component_ref idref="oc-5a"/>
      </symbol>
      <symbol id="sm-6f6">
         <name>__TI_decompress_none</name>
         <value>0x6009</value>
         <object_component_ref idref="oc-1c"/>
      </symbol>
      <symbol id="sm-719">
         <name>__TI_decompress_lzss</name>
         <value>0x5b4d</value>
         <object_component_ref idref="oc-16"/>
      </symbol>
      <symbol id="sm-789">
         <name>__kernel_rem_pio2</name>
         <value>0x2291</value>
         <object_component_ref idref="oc-23a"/>
      </symbol>
      <symbol id="sm-79f">
         <name>__aeabi_errno_addr</name>
         <value>0x6031</value>
         <object_component_ref idref="oc-25e"/>
      </symbol>
      <symbol id="sm-7a0">
         <name>errno</name>
         <value>0x2000b230</value>
         <object_component_ref idref="oc-31d"/>
      </symbol>
      <symbol id="sm-7b3">
         <name>__stack</name>
         <value>0x2000a1b0</value>
         <object_component_ref idref="oc-25"/>
      </symbol>
      <symbol id="sm-7b4">
         <name>_c_int00_noargs</name>
         <value>0x5efd</value>
         <object_component_ref idref="oc-66"/>
      </symbol>
      <symbol id="sm-7ca">
         <name>__kernel_cos</name>
         <value>0x4f41</value>
         <object_component_ref idref="oc-234"/>
      </symbol>
      <symbol id="sm-7e1">
         <name>__kernel_sin</name>
         <value>0x4dcd</value>
         <object_component_ref idref="oc-240"/>
      </symbol>
      <symbol id="sm-7fe">
         <name>floorl</name>
         <value>0x554d</value>
         <object_component_ref idref="oc-300"/>
      </symbol>
      <symbol id="sm-7ff">
         <name>floor</name>
         <value>0x554d</value>
         <object_component_ref idref="oc-300"/>
      </symbol>
      <symbol id="sm-81c">
         <name>scalbn</name>
         <value>0x5341</value>
         <object_component_ref idref="oc-2fa"/>
      </symbol>
      <symbol id="sm-81d">
         <name>scalbnl</name>
         <value>0x5341</value>
         <object_component_ref idref="oc-2fa"/>
      </symbol>
      <symbol id="sm-81e">
         <name>ldexpl</name>
         <value>0x5341</value>
         <object_component_ref idref="oc-2fa"/>
      </symbol>
      <symbol id="sm-81f">
         <name>ldexp</name>
         <value>0x5341</value>
         <object_component_ref idref="oc-2fa"/>
      </symbol>
      <symbol id="sm-829">
         <name>__aeabi_idiv0</name>
         <value>0x533f</value>
         <object_component_ref idref="oc-38a"/>
      </symbol>
      <symbol id="sm-82a">
         <name>__aeabi_ldiv0</name>
         <value>0x533f</value>
         <object_component_ref idref="oc-38a"/>
      </symbol>
      <symbol id="sm-845">
         <name>memcpy</name>
         <value>0x5733</value>
         <object_component_ref idref="oc-48"/>
      </symbol>
      <symbol id="sm-846">
         <name>__aeabi_memcpy</name>
         <value>0x5733</value>
         <object_component_ref idref="oc-48"/>
      </symbol>
      <symbol id="sm-847">
         <name>__aeabi_memcpy8</name>
         <value>0x5733</value>
         <object_component_ref idref="oc-48"/>
      </symbol>
      <symbol id="sm-848">
         <name>__aeabi_memcpy4</name>
         <value>0x5733</value>
         <object_component_ref idref="oc-48"/>
      </symbol>
      <symbol id="sm-857">
         <name>__aeabi_memset</name>
         <value>0x59ef</value>
         <object_component_ref idref="oc-ad"/>
      </symbol>
      <symbol id="sm-858">
         <name>memset</name>
         <value>0x59f5</value>
         <object_component_ref idref="oc-ad"/>
      </symbol>
      <symbol id="sm-859">
         <name>__aeabi_memset8</name>
         <value>0x59ef</value>
         <object_component_ref idref="oc-ad"/>
      </symbol>
      <symbol id="sm-85a">
         <name>__aeabi_memset4</name>
         <value>0x59ef</value>
         <object_component_ref idref="oc-ad"/>
      </symbol>
      <symbol id="sm-85b">
         <name>__aeabi_memclr8</name>
         <value>0x59ed</value>
         <object_component_ref idref="oc-ad"/>
      </symbol>
      <symbol id="sm-85c">
         <name>__aeabi_memclr4</name>
         <value>0x59ed</value>
         <object_component_ref idref="oc-ad"/>
      </symbol>
      <symbol id="sm-85d">
         <name>__aeabi_memclr</name>
         <value>0x59ed</value>
         <object_component_ref idref="oc-ad"/>
      </symbol>
      <symbol id="sm-885">
         <name>__TI_auto_init_nobinit_nopinit</name>
         <value>0x5e01</value>
         <object_component_ref idref="oc-18a"/>
      </symbol>
      <symbol id="sm-88f">
         <name>_system_pre_init</name>
         <value>0x6039</value>
         <object_component_ref idref="oc-b3"/>
      </symbol>
      <symbol id="sm-89b">
         <name>C$$EXIT</name>
         <value>0x603d</value>
         <object_component_ref idref="oc-17e"/>
      </symbol>
      <symbol id="sm-89c">
         <name>abort</name>
         <value>0x603d</value>
         <object_component_ref idref="oc-17e"/>
      </symbol>
      <symbol id="sm-8a8">
         <name>copysign</name>
         <value>0x5fc5</value>
         <object_component_ref idref="oc-370"/>
      </symbol>
      <symbol id="sm-8a9">
         <name>copysignl</name>
         <value>0x5fc5</value>
         <object_component_ref idref="oc-370"/>
      </symbol>
      <symbol id="sm-8aa">
         <name>__TI_static_base__</name>
         <value>0x0</value>
      </symbol>
      <symbol id="sm-8ad">
         <name>__mpu_init</name>
         <value>0x0</value>
      </symbol>
      <symbol id="sm-8ae">
         <name>_system_post_cinit</name>
         <value>0x0</value>
      </symbol>
      <symbol id="sm-8af">
         <name>NMI_Handler</name>
         <value>0x4597</value>
      </symbol>
      <symbol id="sm-8b0">
         <name>HardFault_Handler</name>
         <value>0x4597</value>
      </symbol>
      <symbol id="sm-8b1">
         <name>MemManage_Handler</name>
         <value>0x4597</value>
      </symbol>
      <symbol id="sm-8b2">
         <name>BusFault_Handler</name>
         <value>0x4597</value>
      </symbol>
      <symbol id="sm-8b3">
         <name>UsageFault_Handler</name>
         <value>0x4597</value>
      </symbol>
      <symbol id="sm-8b4">
         <name>SVC_Handler</name>
         <value>0x4597</value>
      </symbol>
      <symbol id="sm-8b5">
         <name>DebugMon_Handler</name>
         <value>0x4597</value>
      </symbol>
      <symbol id="sm-8b6">
         <name>PendSV_Handler</name>
         <value>0x4597</value>
      </symbol>
      <symbol id="sm-8b7">
         <name>SysTick_Handler</name>
         <value>0x4597</value>
      </symbol>
      <symbol id="sm-8b8">
         <name>GPIOA_IRQHandler</name>
         <value>0x4597</value>
      </symbol>
      <symbol id="sm-8b9">
         <name>GPIOB_IRQHandler</name>
         <value>0x4597</value>
      </symbol>
      <symbol id="sm-8ba">
         <name>GPIOC_IRQHandler</name>
         <value>0x4597</value>
      </symbol>
      <symbol id="sm-8bb">
         <name>GPIOD_IRQHandler</name>
         <value>0x4597</value>
      </symbol>
      <symbol id="sm-8bc">
         <name>GPIOE_IRQHandler</name>
         <value>0x4597</value>
      </symbol>
      <symbol id="sm-8bd">
         <name>UART0_IRQHandler</name>
         <value>0x4597</value>
      </symbol>
      <symbol id="sm-8be">
         <name>UART1_IRQHandler</name>
         <value>0x4597</value>
      </symbol>
      <symbol id="sm-8bf">
         <name>SSI0_IRQHandler</name>
         <value>0x4597</value>
      </symbol>
      <symbol id="sm-8c0">
         <name>I2C0_IRQHandler</name>
         <value>0x4597</value>
      </symbol>
      <symbol id="sm-8c1">
         <name>PWM0_FAULT_IRQHandler</name>
         <value>0x4597</value>
      </symbol>
      <symbol id="sm-8c2">
         <name>PWM0_0_IRQHandler</name>
         <value>0x4597</value>
      </symbol>
      <symbol id="sm-8c3">
         <name>PWM0_1_IRQHandler</name>
         <value>0x4597</value>
      </symbol>
      <symbol id="sm-8c4">
         <name>PWM0_2_IRQHandler</name>
         <value>0x4597</value>
      </symbol>
      <symbol id="sm-8c5">
         <name>QEI0_IRQHandler</name>
         <value>0x4597</value>
      </symbol>
      <symbol id="sm-8c6">
         <name>ADC0SS0_IRQHandler</name>
         <value>0x4597</value>
      </symbol>
      <symbol id="sm-8c7">
         <name>ADC0SS1_IRQHandler</name>
         <value>0x4597</value>
      </symbol>
      <symbol id="sm-8c8">
         <name>ADC0SS2_IRQHandler</name>
         <value>0x4597</value>
      </symbol>
      <symbol id="sm-8c9">
         <name>ADC0SS3_IRQHandler</name>
         <value>0x596d</value>
      </symbol>
      <symbol id="sm-8ca">
         <name>WATCHDOG_IRQHandler</name>
         <value>0x4597</value>
      </symbol>
      <symbol id="sm-8cb">
         <name>TIMER0A_IRQHandler</name>
         <value>0x4597</value>
      </symbol>
      <symbol id="sm-8cc">
         <name>TIMER0B_IRQHandler</name>
         <value>0x4597</value>
      </symbol>
      <symbol id="sm-8cd">
         <name>TIMER1A_IRQHandler</name>
         <value>0x4597</value>
      </symbol>
      <symbol id="sm-8ce">
         <name>TIMER1B_IRQHandler</name>
         <value>0x4597</value>
      </symbol>
      <symbol id="sm-8cf">
         <name>TIMER2A_IRQHandler</name>
         <value>0x4597</value>
      </symbol>
      <symbol id="sm-8d0">
         <name>TIMER2B_IRQHandler</name>
         <value>0x4597</value>
      </symbol>
      <symbol id="sm-8d1">
         <name>COMP0_IRQHandler</name>
         <value>0x4597</value>
      </symbol>
      <symbol id="sm-8d2">
         <name>COMP1_IRQHandler</name>
         <value>0x4597</value>
      </symbol>
      <symbol id="sm-8d3">
         <name>COMP2_IRQHandler</name>
         <value>0x4597</value>
      </symbol>
      <symbol id="sm-8d4">
         <name>SYSCTL_IRQHandler</name>
         <value>0x4597</value>
      </symbol>
      <symbol id="sm-8d5">
         <name>FLASH_IRQHandler</name>
         <value>0x4597</value>
      </symbol>
      <symbol id="sm-8d6">
         <name>GPIOF_IRQHandler</name>
         <value>0x4597</value>
      </symbol>
      <symbol id="sm-8d7">
         <name>GPIOG_IRQHandler</name>
         <value>0x4597</value>
      </symbol>
      <symbol id="sm-8d8">
         <name>GPIOH_IRQHandler</name>
         <value>0x4597</value>
      </symbol>
      <symbol id="sm-8d9">
         <name>UART2_IRQHandler</name>
         <value>0x4597</value>
      </symbol>
      <symbol id="sm-8da">
         <name>SSI1_IRQHandler</name>
         <value>0x4597</value>
      </symbol>
      <symbol id="sm-8db">
         <name>TIMER3A_IRQHandler</name>
         <value>0x4597</value>
      </symbol>
      <symbol id="sm-8dc">
         <name>TIMER3B_IRQHandler</name>
         <value>0x4597</value>
      </symbol>
      <symbol id="sm-8dd">
         <name>I2C1_IRQHandler</name>
         <value>0x4597</value>
      </symbol>
      <symbol id="sm-8de">
         <name>CAN0_IRQHandler</name>
         <value>0x4597</value>
      </symbol>
      <symbol id="sm-8df">
         <name>CAN1_IRQHandler</name>
         <value>0x4597</value>
      </symbol>
      <symbol id="sm-8e0">
         <name>EMAC0_IRQHandler</name>
         <value>0x4597</value>
      </symbol>
      <symbol id="sm-8e1">
         <name>HIBERNATE_IRQHandler</name>
         <value>0x4597</value>
      </symbol>
      <symbol id="sm-8e2">
         <name>USB0_IRQHandler</name>
         <value>0x4597</value>
      </symbol>
      <symbol id="sm-8e3">
         <name>PWM0_3_IRQHandler</name>
         <value>0x4597</value>
      </symbol>
      <symbol id="sm-8e4">
         <name>UDMA_IRQHandler</name>
         <value>0x4597</value>
      </symbol>
      <symbol id="sm-8e5">
         <name>UDMAERR_IRQHandler</name>
         <value>0x4597</value>
      </symbol>
      <symbol id="sm-8e6">
         <name>ADC1SS0_IRQHandler</name>
         <value>0x4597</value>
      </symbol>
      <symbol id="sm-8e7">
         <name>ADC1SS1_IRQHandler</name>
         <value>0x4597</value>
      </symbol>
      <symbol id="sm-8e8">
         <name>ADC1SS2_IRQHandler</name>
         <value>0x4597</value>
      </symbol>
      <symbol id="sm-8e9">
         <name>ADC1SS3_IRQHandler</name>
         <value>0x4597</value>
      </symbol>
      <symbol id="sm-8ea">
         <name>EPI0_IRQHandler</name>
         <value>0x4597</value>
      </symbol>
      <symbol id="sm-8eb">
         <name>GPIOJ_IRQHandler</name>
         <value>0x4597</value>
      </symbol>
      <symbol id="sm-8ec">
         <name>GPIOK_IRQHandler</name>
         <value>0x4597</value>
      </symbol>
      <symbol id="sm-8ed">
         <name>GPIOL_IRQHandler</name>
         <value>0x4597</value>
      </symbol>
      <symbol id="sm-8ee">
         <name>SSI2_IRQHandler</name>
         <value>0x4597</value>
      </symbol>
      <symbol id="sm-8ef">
         <name>SSI3_IRQHandler</name>
         <value>0x4597</value>
      </symbol>
      <symbol id="sm-8f0">
         <name>UART3_IRQHandler</name>
         <value>0x4597</value>
      </symbol>
      <symbol id="sm-8f1">
         <name>UART4_IRQHandler</name>
         <value>0x4597</value>
      </symbol>
      <symbol id="sm-8f2">
         <name>UART5_IRQHandler</name>
         <value>0x4597</value>
      </symbol>
      <symbol id="sm-8f3">
         <name>UART6_IRQHandler</name>
         <value>0x4597</value>
      </symbol>
      <symbol id="sm-8f4">
         <name>UART7_IRQHandler</name>
         <value>0x4597</value>
      </symbol>
      <symbol id="sm-8f5">
         <name>I2C2_IRQHandler</name>
         <value>0x4597</value>
      </symbol>
      <symbol id="sm-8f6">
         <name>I2C3_IRQHandler</name>
         <value>0x4597</value>
      </symbol>
      <symbol id="sm-8f7">
         <name>TIMER4A_IRQHandler</name>
         <value>0x4597</value>
      </symbol>
      <symbol id="sm-8f8">
         <name>TIMER4B_IRQHandler</name>
         <value>0x4597</value>
      </symbol>
      <symbol id="sm-8f9">
         <name>TIMER5A_IRQHandler</name>
         <value>0x4597</value>
      </symbol>
      <symbol id="sm-8fa">
         <name>TIMER5B_IRQHandler</name>
         <value>0x4597</value>
      </symbol>
      <symbol id="sm-8fb">
         <name>SYSEXC_IRQHandler</name>
         <value>0x4597</value>
      </symbol>
      <symbol id="sm-8fc">
         <name>I2C4_IRQHandler</name>
         <value>0x4597</value>
      </symbol>
      <symbol id="sm-8fd">
         <name>I2C5_IRQHandler</name>
         <value>0x4597</value>
      </symbol>
      <symbol id="sm-8fe">
         <name>GPIOM_IRQHandler</name>
         <value>0x4597</value>
      </symbol>
      <symbol id="sm-8ff">
         <name>GPION_IRQHandler</name>
         <value>0x4597</value>
      </symbol>
      <symbol id="sm-900">
         <name>TAMPER0_IRQHandler</name>
         <value>0x4597</value>
      </symbol>
      <symbol id="sm-901">
         <name>GPIOP0_IRQHandler</name>
         <value>0x4597</value>
      </symbol>
      <symbol id="sm-902">
         <name>GPIOP1_IRQHandler</name>
         <value>0x4597</value>
      </symbol>
      <symbol id="sm-903">
         <name>GPIOP2_IRQHandler</name>
         <value>0x4597</value>
      </symbol>
      <symbol id="sm-904">
         <name>GPIOP3_IRQHandler</name>
         <value>0x4597</value>
      </symbol>
      <symbol id="sm-905">
         <name>GPIOP4_IRQHandler</name>
         <value>0x4597</value>
      </symbol>
      <symbol id="sm-906">
         <name>GPIOP5_IRQHandler</name>
         <value>0x4597</value>
      </symbol>
      <symbol id="sm-907">
         <name>GPIOP6_IRQHandler</name>
         <value>0x4597</value>
      </symbol>
      <symbol id="sm-908">
         <name>GPIOP7_IRQHandler</name>
         <value>0x4597</value>
      </symbol>
      <symbol id="sm-909">
         <name>GPIOQ0_IRQHandler</name>
         <value>0x4597</value>
      </symbol>
      <symbol id="sm-90a">
         <name>GPIOQ1_IRQHandler</name>
         <value>0x4597</value>
      </symbol>
      <symbol id="sm-90b">
         <name>GPIOQ2_IRQHandler</name>
         <value>0x4597</value>
      </symbol>
      <symbol id="sm-90c">
         <name>GPIOQ3_IRQHandler</name>
         <value>0x4597</value>
      </symbol>
      <symbol id="sm-90d">
         <name>GPIOQ4_IRQHandler</name>
         <value>0x4597</value>
      </symbol>
      <symbol id="sm-90e">
         <name>GPIOQ5_IRQHandler</name>
         <value>0x4597</value>
      </symbol>
      <symbol id="sm-90f">
         <name>GPIOQ6_IRQHandler</name>
         <value>0x4597</value>
      </symbol>
      <symbol id="sm-910">
         <name>GPIOQ7_IRQHandler</name>
         <value>0x4597</value>
      </symbol>
      <symbol id="sm-911">
         <name>SHA0_IRQHandler</name>
         <value>0x4597</value>
      </symbol>
      <symbol id="sm-912">
         <name>AES0_IRQHandler</name>
         <value>0x4597</value>
      </symbol>
      <symbol id="sm-913">
         <name>DES0_IRQHandler</name>
         <value>0x4597</value>
      </symbol>
      <symbol id="sm-914">
         <name>TIMER6A_IRQHandler</name>
         <value>0x4597</value>
      </symbol>
      <symbol id="sm-915">
         <name>TIMER6B_IRQHandler</name>
         <value>0x4597</value>
      </symbol>
      <symbol id="sm-916">
         <name>TIMER7A_IRQHandler</name>
         <value>0x4597</value>
      </symbol>
      <symbol id="sm-917">
         <name>TIMER7B_IRQHandler</name>
         <value>0x4597</value>
      </symbol>
      <symbol id="sm-918">
         <name>I2C6_IRQHandler</name>
         <value>0x4597</value>
      </symbol>
      <symbol id="sm-919">
         <name>I2C7_IRQHandler</name>
         <value>0x4597</value>
      </symbol>
      <symbol id="sm-91a">
         <name>I2C8_IRQHandler</name>
         <value>0x4597</value>
      </symbol>
      <symbol id="sm-91b">
         <name>I2C9_IRQHandler</name>
         <value>0x4597</value>
      </symbol>
   </symbol_table>
   <title>Link successful</title>
</link_info>
