<?xml version="1.0" encoding="ISO-8859-1" ?>
<link_info>
   <banner>TI ARM Linker PC v20.2.5.LTS</banner>
   <copyright>Copyright (c) 1996-2018 Texas Instruments Incorporated</copyright>
   <link_time>0x6187939c</link_time>
   <link_errors>0x0</link_errors>
   <output_file>THD-detect.out</output_file>
   <entry_point>
      <name>_c_int00_noargs</name>
      <address>0x25671</address>
   </entry_point>
   <input_file_list>
      <input_file id="fl-2">
         <path>.\</path>
         <kind>object</kind>
         <file>main.obj</file>
         <name>main.obj</name>
      </input_file>
      <input_file id="fl-3">
         <path>.\</path>
         <kind>object</kind>
         <file>system_msp432e401y.obj</file>
         <name>system_msp432e401y.obj</name>
      </input_file>
      <input_file id="fl-4">
         <path>.\</path>
         <kind>object</kind>
         <file>uartstdio.obj</file>
         <name>uartstdio.obj</name>
      </input_file>
      <input_file id="fl-5">
         <path>.\adc\</path>
         <kind>object</kind>
         <file>adc.obj</file>
         <name>adc.obj</name>
      </input_file>
      <input_file id="fl-6">
         <path>.\ccs\</path>
         <kind>object</kind>
         <file>startup_msp432e401y_ccs.obj</file>
         <name>startup_msp432e401y_ccs.obj</name>
      </input_file>
      <input_file id="fl-7">
         <path>.\esp8266\</path>
         <kind>object</kind>
         <file>esp8266.obj</file>
         <name>esp8266.obj</name>
      </input_file>
      <input_file id="fl-8">
         <path>.\fft\</path>
         <kind>object</kind>
         <file>arm_fft.obj</file>
         <name>arm_fft.obj</name>
      </input_file>
      <input_file id="fl-9">
         <path>.\goertzel\</path>
         <kind>object</kind>
         <file>goertzel.obj</file>
         <name>goertzel.obj</name>
      </input_file>
      <input_file id="fl-a">
         <path>.\printf\</path>
         <kind>object</kind>
         <file>printf.obj</file>
         <name>printf.obj</name>
      </input_file>
      <input_file id="fl-b">
         <path>.\sdwa\</path>
         <kind>object</kind>
         <file>bsp_sdwa.obj</file>
         <name>bsp_sdwa.obj</name>
      </input_file>
      <input_file id="fl-16">
         <kind>object</kind>
         <file>&lt;internal&gt;</file>
         <name>&lt;internal&gt;</name>
      </input_file>
      <input_file id="fl-17">
         <path>C:\ti\simplelink_msp432e4_sdk_4_20_00_12\source\third_party\CMSIS\DSP_Lib\lib\ccs\m4f\</path>
         <kind>archive</kind>
         <file>arm_cortexM4lf_math.a</file>
         <name>arm_cmplx_mag_f32.o</name>
      </input_file>
      <input_file id="fl-18">
         <path>C:\ti\simplelink_msp432e4_sdk_4_20_00_12\source\third_party\CMSIS\DSP_Lib\lib\ccs\m4f\</path>
         <kind>archive</kind>
         <file>arm_cortexM4lf_math.a</file>
         <name>arm_rfft_fast_f32.o</name>
      </input_file>
      <input_file id="fl-19">
         <path>C:\ti\simplelink_msp432e4_sdk_4_20_00_12\source\third_party\CMSIS\DSP_Lib\lib\ccs\m4f\</path>
         <kind>archive</kind>
         <file>arm_cortexM4lf_math.a</file>
         <name>arm_rfft_fast_init_f32.o</name>
      </input_file>
      <input_file id="fl-1a">
         <path>C:\ti\simplelink_msp432e4_sdk_4_20_00_12\source\third_party\CMSIS\DSP_Lib\lib\ccs\m4f\</path>
         <kind>archive</kind>
         <file>arm_cortexM4lf_math.a</file>
         <name>arm_common_tables.o</name>
      </input_file>
      <input_file id="fl-1b">
         <path>C:\ti\simplelink_msp432e4_sdk_4_20_00_12\source\third_party\CMSIS\DSP_Lib\lib\ccs\m4f\</path>
         <kind>archive</kind>
         <file>arm_cortexM4lf_math.a</file>
         <name>arm_cfft_f32.o</name>
      </input_file>
      <input_file id="fl-1c">
         <path>C:\ti\simplelink_msp432e4_sdk_4_20_00_12\source\third_party\CMSIS\DSP_Lib\lib\ccs\m4f\</path>
         <kind>archive</kind>
         <file>arm_cortexM4lf_math.a</file>
         <name>arm_cfft_init_f32.o</name>
      </input_file>
      <input_file id="fl-1d">
         <path>C:\ti\simplelink_msp432e4_sdk_4_20_00_12\source\third_party\CMSIS\DSP_Lib\lib\ccs\m4f\</path>
         <kind>archive</kind>
         <file>arm_cortexM4lf_math.a</file>
         <name>arm_cfft_radix8_f32.o</name>
      </input_file>
      <input_file id="fl-1e">
         <path>C:\ti\simplelink_msp432e4_sdk_4_20_00_12\source\third_party\CMSIS\DSP_Lib\lib\ccs\m4f\</path>
         <kind>archive</kind>
         <file>arm_cortexM4lf_math.a</file>
         <name>arm_bitreversal2.o</name>
      </input_file>
      <input_file id="fl-1f">
         <path>C:\ti\simplelink_msp432e4_sdk_4_20_00_12\source\third_party\CMSIS\DSP_Lib\lib\ccs\m4f\</path>
         <kind>archive</kind>
         <file>arm_cortexM4lf_math.a</file>
         <name>arm_const_structs.o</name>
      </input_file>
      <input_file id="fl-20">
         <path>C:\ti\simplelink_msp432e4_sdk_4_20_00_12\source\ti\devices\msp432e4\driverlib\lib\ccs\m4f\</path>
         <kind>archive</kind>
         <file>msp432e4_driverlib.a</file>
         <name>adc.o</name>
      </input_file>
      <input_file id="fl-21">
         <path>C:\ti\simplelink_msp432e4_sdk_4_20_00_12\source\ti\devices\msp432e4\driverlib\lib\ccs\m4f\</path>
         <kind>archive</kind>
         <file>msp432e4_driverlib.a</file>
         <name>interrupt.o</name>
      </input_file>
      <input_file id="fl-22">
         <path>C:\ti\simplelink_msp432e4_sdk_4_20_00_12\source\ti\devices\msp432e4\driverlib\lib\ccs\m4f\</path>
         <kind>archive</kind>
         <file>msp432e4_driverlib.a</file>
         <name>sysctl.o</name>
      </input_file>
      <input_file id="fl-23">
         <path>C:\ti\simplelink_msp432e4_sdk_4_20_00_12\source\ti\devices\msp432e4\driverlib\lib\ccs\m4f\</path>
         <kind>archive</kind>
         <file>msp432e4_driverlib.a</file>
         <name>timer.o</name>
      </input_file>
      <input_file id="fl-24">
         <path>C:\ti\simplelink_msp432e4_sdk_4_20_00_12\source\ti\devices\msp432e4\driverlib\lib\ccs\m4f\</path>
         <kind>archive</kind>
         <file>msp432e4_driverlib.a</file>
         <name>cpu.o</name>
      </input_file>
      <input_file id="fl-da">
         <path>C:\ti\ccs1100\ccs\tools\compiler\ti-cgt-arm_20.2.5.LTS\lib\</path>
         <kind>archive</kind>
         <file>rtsv7M4_T_le_v4SPD16_eabi.lib</file>
         <name>e_sqrt.c.obj</name>
      </input_file>
      <input_file id="fl-db">
         <path>C:\ti\ccs1100\ccs\tools\compiler\ti-cgt-arm_20.2.5.LTS\lib\</path>
         <kind>archive</kind>
         <file>rtsv7M4_T_le_v4SPD16_eabi.lib</file>
         <name>s_cos.c.obj</name>
      </input_file>
      <input_file id="fl-dc">
         <path>C:\ti\ccs1100\ccs\tools\compiler\ti-cgt-arm_20.2.5.LTS\lib\</path>
         <kind>archive</kind>
         <file>rtsv7M4_T_le_v4SPD16_eabi.lib</file>
         <name>s_floor.c.obj</name>
      </input_file>
      <input_file id="fl-dd">
         <path>C:\ti\ccs1100\ccs\tools\compiler\ti-cgt-arm_20.2.5.LTS\lib\</path>
         <kind>archive</kind>
         <file>rtsv7M4_T_le_v4SPD16_eabi.lib</file>
         <name>s_sin.c.obj</name>
      </input_file>
      <input_file id="fl-de">
         <path>C:\ti\ccs1100\ccs\tools\compiler\ti-cgt-arm_20.2.5.LTS\lib\</path>
         <kind>archive</kind>
         <file>rtsv7M4_T_le_v4SPD16_eabi.lib</file>
         <name>e_sqrtf.c.obj</name>
      </input_file>
      <input_file id="fl-df">
         <path>C:\ti\ccs1100\ccs\tools\compiler\ti-cgt-arm_20.2.5.LTS\lib\</path>
         <kind>archive</kind>
         <file>rtsv7M4_T_le_v4SPD16_eabi.lib</file>
         <name>fd_add_t2.asm.obj</name>
      </input_file>
      <input_file id="fl-e0">
         <path>C:\ti\ccs1100\ccs\tools\compiler\ti-cgt-arm_20.2.5.LTS\lib\</path>
         <kind>archive</kind>
         <file>rtsv7M4_T_le_v4SPD16_eabi.lib</file>
         <name>fd_cmp_t2.asm.obj</name>
      </input_file>
      <input_file id="fl-e1">
         <path>C:\ti\ccs1100\ccs\tools\compiler\ti-cgt-arm_20.2.5.LTS\lib\</path>
         <kind>archive</kind>
         <file>rtsv7M4_T_le_v4SPD16_eabi.lib</file>
         <name>fd_div_t2.asm.obj</name>
      </input_file>
      <input_file id="fl-e2">
         <path>C:\ti\ccs1100\ccs\tools\compiler\ti-cgt-arm_20.2.5.LTS\lib\</path>
         <kind>archive</kind>
         <file>rtsv7M4_T_le_v4SPD16_eabi.lib</file>
         <name>fd_mul_t2.asm.obj</name>
      </input_file>
      <input_file id="fl-e3">
         <path>C:\ti\ccs1100\ccs\tools\compiler\ti-cgt-arm_20.2.5.LTS\lib\</path>
         <kind>archive</kind>
         <file>rtsv7M4_T_le_v4SPD16_eabi.lib</file>
         <name>fd_toi_t2.asm.obj</name>
      </input_file>
      <input_file id="fl-e4">
         <path>C:\ti\ccs1100\ccs\tools\compiler\ti-cgt-arm_20.2.5.LTS\lib\</path>
         <kind>archive</kind>
         <file>rtsv7M4_T_le_v4SPD16_eabi.lib</file>
         <name>fd_tos_t2.asm.obj</name>
      </input_file>
      <input_file id="fl-e5">
         <path>C:\ti\ccs1100\ccs\tools\compiler\ti-cgt-arm_20.2.5.LTS\lib\</path>
         <kind>archive</kind>
         <file>rtsv7M4_T_le_v4SPD16_eabi.lib</file>
         <name>fd_tou_t2.asm.obj</name>
      </input_file>
      <input_file id="fl-e6">
         <path>C:\ti\ccs1100\ccs\tools\compiler\ti-cgt-arm_20.2.5.LTS\lib\</path>
         <kind>archive</kind>
         <file>rtsv7M4_T_le_v4SPD16_eabi.lib</file>
         <name>fs_tod_t2.asm.obj</name>
      </input_file>
      <input_file id="fl-e7">
         <path>C:\ti\ccs1100\ccs\tools\compiler\ti-cgt-arm_20.2.5.LTS\lib\</path>
         <kind>archive</kind>
         <file>rtsv7M4_T_le_v4SPD16_eabi.lib</file>
         <name>i_tofd_t2.asm.obj</name>
      </input_file>
      <input_file id="fl-e8">
         <path>C:\ti\ccs1100\ccs\tools\compiler\ti-cgt-arm_20.2.5.LTS\lib\</path>
         <kind>archive</kind>
         <file>rtsv7M4_T_le_v4SPD16_eabi.lib</file>
         <name>u_tofd_t2.asm.obj</name>
      </input_file>
      <input_file id="fl-e9">
         <path>C:\ti\ccs1100\ccs\tools\compiler\ti-cgt-arm_20.2.5.LTS\lib\</path>
         <kind>archive</kind>
         <file>rtsv7M4_T_le_v4SPD16_eabi.lib</file>
         <name>u_divt2.asm.obj</name>
      </input_file>
      <input_file id="fl-ea">
         <path>C:\ti\ccs1100\ccs\tools\compiler\ti-cgt-arm_20.2.5.LTS\lib\</path>
         <kind>archive</kind>
         <file>rtsv7M4_T_le_v4SPD16_eabi.lib</file>
         <name>ull_div_t2.asm.obj</name>
      </input_file>
      <input_file id="fl-eb">
         <path>C:\ti\ccs1100\ccs\tools\compiler\ti-cgt-arm_20.2.5.LTS\lib\</path>
         <kind>archive</kind>
         <file>rtsv7M4_T_le_v4SPD16_eabi.lib</file>
         <name>memset_t2.asm.obj</name>
      </input_file>
      <input_file id="fl-ec">
         <path>C:\ti\ccs1100\ccs\tools\compiler\ti-cgt-arm_20.2.5.LTS\lib\</path>
         <kind>archive</kind>
         <file>rtsv7M4_T_le_v4SPD16_eabi.lib</file>
         <name>copy_zero_init.c.obj</name>
      </input_file>
      <input_file id="fl-ed">
         <path>C:\ti\ccs1100\ccs\tools\compiler\ti-cgt-arm_20.2.5.LTS\lib\</path>
         <kind>archive</kind>
         <file>rtsv7M4_T_le_v4SPD16_eabi.lib</file>
         <name>copy_decompress_none.c.obj</name>
      </input_file>
      <input_file id="fl-ee">
         <path>C:\ti\ccs1100\ccs\tools\compiler\ti-cgt-arm_20.2.5.LTS\lib\</path>
         <kind>archive</kind>
         <file>rtsv7M4_T_le_v4SPD16_eabi.lib</file>
         <name>copy_decompress_lzss.c.obj</name>
      </input_file>
      <input_file id="fl-ef">
         <path>C:\ti\ccs1100\ccs\tools\compiler\ti-cgt-arm_20.2.5.LTS\lib\</path>
         <kind>archive</kind>
         <file>rtsv7M4_T_le_v4SPD16_eabi.lib</file>
         <name>strcmp.c.obj</name>
      </input_file>
      <input_file id="fl-f0">
         <path>C:\ti\ccs1100\ccs\tools\compiler\ti-cgt-arm_20.2.5.LTS\lib\</path>
         <kind>archive</kind>
         <file>rtsv7M4_T_le_v4SPD16_eabi.lib</file>
         <name>k_rem_pio2.c.obj</name>
      </input_file>
      <input_file id="fl-f1">
         <path>C:\ti\ccs1100\ccs\tools\compiler\ti-cgt-arm_20.2.5.LTS\lib\</path>
         <kind>archive</kind>
         <file>rtsv7M4_T_le_v4SPD16_eabi.lib</file>
         <name>errno.c.obj</name>
      </input_file>
      <input_file id="fl-f2">
         <path>C:\ti\ccs1100\ccs\tools\compiler\ti-cgt-arm_20.2.5.LTS\lib\</path>
         <kind>archive</kind>
         <file>rtsv7M4_T_le_v4SPD16_eabi.lib</file>
         <name>boot_cortex_m.c.obj</name>
      </input_file>
      <input_file id="fl-f3">
         <path>C:\ti\ccs1100\ccs\tools\compiler\ti-cgt-arm_20.2.5.LTS\lib\</path>
         <kind>archive</kind>
         <file>rtsv7M4_T_le_v4SPD16_eabi.lib</file>
         <name>k_cos.c.obj</name>
      </input_file>
      <input_file id="fl-f4">
         <path>C:\ti\ccs1100\ccs\tools\compiler\ti-cgt-arm_20.2.5.LTS\lib\</path>
         <kind>archive</kind>
         <file>rtsv7M4_T_le_v4SPD16_eabi.lib</file>
         <name>k_sin.c.obj</name>
      </input_file>
      <input_file id="fl-f5">
         <path>C:\ti\ccs1100\ccs\tools\compiler\ti-cgt-arm_20.2.5.LTS\lib\</path>
         <kind>archive</kind>
         <file>rtsv7M4_T_le_v4SPD16_eabi.lib</file>
         <name>s_scalbn.c.obj</name>
      </input_file>
      <input_file id="fl-f6">
         <path>C:\ti\ccs1100\ccs\tools\compiler\ti-cgt-arm_20.2.5.LTS\lib\</path>
         <kind>archive</kind>
         <file>rtsv7M4_T_le_v4SPD16_eabi.lib</file>
         <name>div0.asm.obj</name>
      </input_file>
      <input_file id="fl-f7">
         <path>C:\ti\ccs1100\ccs\tools\compiler\ti-cgt-arm_20.2.5.LTS\lib\</path>
         <kind>archive</kind>
         <file>rtsv7M4_T_le_v4SPD16_eabi.lib</file>
         <name>memcpy_t2.asm.obj</name>
      </input_file>
      <input_file id="fl-f8">
         <path>C:\ti\ccs1100\ccs\tools\compiler\ti-cgt-arm_20.2.5.LTS\lib\</path>
         <kind>archive</kind>
         <file>rtsv7M4_T_le_v4SPD16_eabi.lib</file>
         <name>autoinit.c.obj</name>
      </input_file>
      <input_file id="fl-f9">
         <path>C:\ti\ccs1100\ccs\tools\compiler\ti-cgt-arm_20.2.5.LTS\lib\</path>
         <kind>archive</kind>
         <file>rtsv7M4_T_le_v4SPD16_eabi.lib</file>
         <name>pre_init.c.obj</name>
      </input_file>
      <input_file id="fl-fa">
         <path>C:\ti\ccs1100\ccs\tools\compiler\ti-cgt-arm_20.2.5.LTS\lib\</path>
         <kind>archive</kind>
         <file>rtsv7M4_T_le_v4SPD16_eabi.lib</file>
         <name>cpy_tbl.c.obj</name>
      </input_file>
      <input_file id="fl-fb">
         <path>C:\ti\ccs1100\ccs\tools\compiler\ti-cgt-arm_20.2.5.LTS\lib\</path>
         <kind>archive</kind>
         <file>rtsv7M4_T_le_v4SPD16_eabi.lib</file>
         <name>exit.c.obj</name>
      </input_file>
      <input_file id="fl-fc">
         <path>C:\ti\ccs1100\ccs\tools\compiler\ti-cgt-arm_20.2.5.LTS\lib\</path>
         <kind>archive</kind>
         <file>rtsv7M4_T_le_v4SPD16_eabi.lib</file>
         <name>_lock.c.obj</name>
      </input_file>
      <input_file id="fl-fd">
         <path>C:\ti\ccs1100\ccs\tools\compiler\ti-cgt-arm_20.2.5.LTS\lib\</path>
         <kind>archive</kind>
         <file>rtsv7M4_T_le_v4SPD16_eabi.lib</file>
         <name>args_main.c.obj</name>
      </input_file>
      <input_file id="fl-fe">
         <path>C:\ti\ccs1100\ccs\tools\compiler\ti-cgt-arm_20.2.5.LTS\lib\</path>
         <kind>archive</kind>
         <file>rtsv7M4_T_le_v4SPD16_eabi.lib</file>
         <name>s_copysign.c.obj</name>
      </input_file>
   </input_file_list>
   <object_component_list>
      <object_component id="oc-13">
         <name>.intvecs:retain</name>
         <load_address>0x0</load_address>
         <run_address>0x0</run_address>
         <size>0x208</size>
         <input_file_ref idref="fl-6"/>
      </object_component>
      <object_component id="oc-4d0">
         <name>.text:arm_radix8_butterfly_f32</name>
         <load_address>0x1da40</load_address>
         <run_address>0x1da40</run_address>
         <size>0xf08</size>
         <input_file_ref idref="fl-1d"/>
      </object_component>
      <object_component id="oc-4ca">
         <name>.text:arm_cfft_radix8by4_f32</name>
         <load_address>0x1e948</load_address>
         <run_address>0x1e948</run_address>
         <size>0xa70</size>
         <input_file_ref idref="fl-1b"/>
      </object_component>
      <object_component id="oc-355">
         <name>.text:_vsnprintf</name>
         <load_address>0x1f3b8</load_address>
         <run_address>0x1f3b8</run_address>
         <size>0x838</size>
         <input_file_ref idref="fl-a"/>
      </object_component>
      <object_component id="oc-415">
         <name>.text:__kernel_rem_pio2</name>
         <load_address>0x1fbf0</load_address>
         <run_address>0x1fbf0</run_address>
         <size>0x738</size>
         <input_file_ref idref="fl-f0"/>
      </object_component>
      <object_component id="oc-2df">
         <name>.text:sin</name>
         <load_address>0x20328</load_address>
         <run_address>0x20328</run_address>
         <size>0x5e0</size>
         <input_file_ref idref="fl-dd"/>
      </object_component>
      <object_component id="oc-3e2">
         <name>.text:cos</name>
         <load_address>0x20908</load_address>
         <run_address>0x20908</run_address>
         <size>0x5dc</size>
         <input_file_ref idref="fl-db"/>
      </object_component>
      <object_component id="oc-47d">
         <name>.text:_etoa</name>
         <load_address>0x20ee4</load_address>
         <run_address>0x20ee4</run_address>
         <size>0x460</size>
         <input_file_ref idref="fl-a"/>
      </object_component>
      <object_component id="oc-4c4">
         <name>.text:arm_cfft_radix8by2_f32</name>
         <load_address>0x21344</load_address>
         <run_address>0x21344</run_address>
         <size>0x402</size>
         <input_file_ref idref="fl-1b"/>
      </object_component>
      <object_component id="oc-2e">
         <name>.text:Default_Handler</name>
         <load_address>0x21746</load_address>
         <run_address>0x21746</run_address>
         <size>0x2</size>
         <input_file_ref idref="fl-6"/>
      </object_component>
      <object_component id="oc-477">
         <name>.text:_ftoa</name>
         <load_address>0x21748</load_address>
         <run_address>0x21748</run_address>
         <size>0x3e0</size>
         <input_file_ref idref="fl-a"/>
      </object_component>
      <object_component id="oc-1c2">
         <name>.text:SysCtlClockFreqSet</name>
         <load_address>0x21b28</load_address>
         <run_address>0x21b28</run_address>
         <size>0x2e0</size>
         <input_file_ref idref="fl-22"/>
      </object_component>
      <object_component id="oc-34">
         <name>.text:UART0_IRQHandler</name>
         <load_address>0x21e08</load_address>
         <run_address>0x21e08</run_address>
         <size>0x268</size>
         <input_file_ref idref="fl-b"/>
      </object_component>
      <object_component id="oc-223">
         <name>.text:draw_wave_buf</name>
         <load_address>0x22070</load_address>
         <run_address>0x22070</run_address>
         <size>0x224</size>
         <input_file_ref idref="fl-2"/>
      </object_component>
      <object_component id="oc-153">
         <name>.text:compute_base_freq</name>
         <load_address>0x22294</load_address>
         <run_address>0x22294</run_address>
         <size>0x20c</size>
         <input_file_ref idref="fl-2"/>
      </object_component>
      <object_component id="oc-2ef">
         <name>.text:SDWa_Build</name>
         <load_address>0x224a0</load_address>
         <run_address>0x224a0</run_address>
         <size>0x1fc</size>
         <input_file_ref idref="fl-b"/>
      </object_component>
      <object_component id="oc-3c2">
         <name>.text:stage_rfft_f32</name>
         <load_address>0x2269c</load_address>
         <run_address>0x2269c</run_address>
         <size>0x1d6</size>
         <input_file_ref idref="fl-18"/>
      </object_component>
      <object_component id="oc-58a">
         <name>.text</name>
         <load_address>0x22872</load_address>
         <run_address>0x22872</run_address>
         <size>0x2</size>
         <input_file_ref idref="fl-f6"/>
      </object_component>
      <object_component id="oc-49b">
         <name>.text:arm_cfft_init_f32</name>
         <load_address>0x22874</load_address>
         <run_address>0x22874</run_address>
         <size>0x1c8</size>
         <input_file_ref idref="fl-1c"/>
      </object_component>
      <object_component id="oc-229">
         <name>.text:do_sdwa_update</name>
         <load_address>0x22a3c</load_address>
         <run_address>0x22a3c</run_address>
         <size>0x1c0</size>
         <input_file_ref idref="fl-2"/>
      </object_component>
      <object_component id="oc-20c">
         <name>.text</name>
         <load_address>0x22bfc</load_address>
         <run_address>0x22bfc</run_address>
         <size>0x1b6</size>
         <input_file_ref idref="fl-df"/>
      </object_component>
      <object_component id="oc-3b6">
         <name>.text:merge_rfft_f32</name>
         <load_address>0x22db2</load_address>
         <run_address>0x22db2</run_address>
         <size>0x198</size>
         <input_file_ref idref="fl-18"/>
      </object_component>
      <object_component id="oc-21b">
         <name>.text:compute_THD_goertzel</name>
         <load_address>0x22f4c</load_address>
         <run_address>0x22f4c</run_address>
         <size>0x18c</size>
         <input_file_ref idref="fl-2"/>
      </object_component>
      <object_component id="oc-40a">
         <name>.text:__kernel_sin</name>
         <load_address>0x230d8</load_address>
         <run_address>0x230d8</run_address>
         <size>0x174</size>
         <input_file_ref idref="fl-f4"/>
      </object_component>
      <object_component id="oc-41b">
         <name>.text:__kernel_cos</name>
         <load_address>0x2324c</load_address>
         <run_address>0x2324c</run_address>
         <size>0x170</size>
         <input_file_ref idref="fl-f3"/>
      </object_component>
      <object_component id="oc-523">
         <name>.text:_ntoa_format</name>
         <load_address>0x233bc</load_address>
         <run_address>0x233bc</run_address>
         <size>0x16e</size>
         <input_file_ref idref="fl-a"/>
      </object_component>
      <object_component id="oc-2e9">
         <name>.text:SDWa_SendCurve</name>
         <load_address>0x2352c</load_address>
         <run_address>0x2352c</run_address>
         <size>0x168</size>
         <input_file_ref idref="fl-b"/>
      </object_component>
      <object_component id="oc-2d5">
         <name>.text:sqrt</name>
         <load_address>0x23694</load_address>
         <run_address>0x23694</run_address>
         <size>0x158</size>
         <input_file_ref idref="fl-da"/>
      </object_component>
      <object_component id="oc-3bc">
         <name>.text:arm_cfft_f32</name>
         <load_address>0x237ec</load_address>
         <run_address>0x237ec</run_address>
         <size>0x13a</size>
         <input_file_ref idref="fl-1b"/>
      </object_component>
      <object_component id="oc-1e6">
         <name>.text</name>
         <load_address>0x23926</load_address>
         <run_address>0x23926</run_address>
         <size>0x136</size>
         <input_file_ref idref="fl-e1"/>
      </object_component>
      <object_component id="oc-500">
         <name>.text:scalbn</name>
         <load_address>0x23a5c</load_address>
         <run_address>0x23a5c</run_address>
         <size>0x110</size>
         <input_file_ref idref="fl-f5"/>
      </object_component>
      <object_component id="oc-1e1">
         <name>.text</name>
         <load_address>0x23b6c</load_address>
         <run_address>0x23b6c</run_address>
         <size>0xfc</size>
         <input_file_ref idref="fl-e2"/>
      </object_component>
      <object_component id="oc-3dc">
         <name>.text:floor</name>
         <load_address>0x23c68</load_address>
         <run_address>0x23c68</run_address>
         <size>0xf8</size>
         <input_file_ref idref="fl-dc"/>
      </object_component>
      <object_component id="oc-2c3">
         <name>.text:goertzel_init</name>
         <load_address>0x23d60</load_address>
         <run_address>0x23d60</run_address>
         <size>0xf4</size>
         <input_file_ref idref="fl-9"/>
      </object_component>
      <object_component id="oc-369">
         <name>.text:ADCSequenceStepConfigure</name>
         <load_address>0x23e54</load_address>
         <run_address>0x23e54</run_address>
         <size>0xee</size>
         <input_file_ref idref="fl-20"/>
      </object_component>
      <object_component id="oc-22f">
         <name>.text:do_tcp_update</name>
         <load_address>0x23f44</load_address>
         <run_address>0x23f44</run_address>
         <size>0xdc</size>
         <input_file_ref idref="fl-2"/>
      </object_component>
      <object_component id="oc-274">
         <name>.text:ConfigUART3</name>
         <load_address>0x24020</load_address>
         <run_address>0x24020</run_address>
         <size>0xd4</size>
         <input_file_ref idref="fl-7"/>
      </object_component>
      <object_component id="oc-287">
         <name>.text:ConfigureADC0</name>
         <load_address>0x240f4</load_address>
         <run_address>0x240f4</run_address>
         <size>0xcc</size>
         <input_file_ref idref="fl-5"/>
      </object_component>
      <object_component id="oc-46b">
         <name>.text:_ntoa_long_long</name>
         <load_address>0x241c0</load_address>
         <run_address>0x241c0</run_address>
         <size>0xcc</size>
         <input_file_ref idref="fl-a"/>
      </object_component>
      <object_component id="oc-28d">
         <name>.text:ConfigureUDMA</name>
         <load_address>0x2428c</load_address>
         <run_address>0x2428c</run_address>
         <size>0xc0</size>
         <input_file_ref idref="fl-5"/>
      </object_component>
      <object_component id="oc-4d6">
         <name>.text</name>
         <load_address>0x2434c</load_address>
         <run_address>0x2434c</run_address>
         <size>0xc0</size>
         <input_file_ref idref="fl-1e"/>
      </object_component>
      <object_component id="oc-40">
         <name>.text:UART3_IRQHandler</name>
         <load_address>0x2440c</load_address>
         <run_address>0x2440c</run_address>
         <size>0xbc</size>
         <input_file_ref idref="fl-7"/>
      </object_component>
      <object_component id="oc-159">
         <name>.text:compute_THD</name>
         <load_address>0x244c8</load_address>
         <run_address>0x244c8</run_address>
         <size>0xbc</size>
         <input_file_ref idref="fl-2"/>
      </object_component>
      <object_component id="oc-3a">
         <name>.text:ADC0SS3_IRQHandler</name>
         <load_address>0x24584</load_address>
         <run_address>0x24584</run_address>
         <size>0xb0</size>
         <input_file_ref idref="fl-5"/>
      </object_component>
      <object_component id="oc-471">
         <name>.text:_ntoa_long</name>
         <load_address>0x24634</load_address>
         <run_address>0x24634</run_address>
         <size>0xae</size>
         <input_file_ref idref="fl-a"/>
      </object_component>
      <object_component id="oc-29e">
         <name>.text:arm_rfft_fast_init_f32</name>
         <load_address>0x246e4</load_address>
         <run_address>0x246e4</run_address>
         <size>0xa4</size>
         <input_file_ref idref="fl-19"/>
      </object_component>
      <object_component id="oc-1c8">
         <name>.text:SDWa_UartInit</name>
         <load_address>0x24788</load_address>
         <run_address>0x24788</run_address>
         <size>0x9c</size>
         <input_file_ref idref="fl-b"/>
      </object_component>
      <object_component id="oc-54">
         <name>.text</name>
         <load_address>0x24824</load_address>
         <run_address>0x24824</run_address>
         <size>0x9c</size>
         <input_file_ref idref="fl-f7"/>
      </object_component>
      <object_component id="oc-51e">
         <name>.text</name>
         <load_address>0x248c0</load_address>
         <run_address>0x248c0</run_address>
         <size>0x96</size>
         <input_file_ref idref="fl-ea"/>
      </object_component>
      <object_component id="oc-52b">
         <name>.text:_out_rev</name>
         <load_address>0x24956</load_address>
         <run_address>0x24956</run_address>
         <size>0x94</size>
         <input_file_ref idref="fl-a"/>
      </object_component>
      <object_component id="oc-25d">
         <name>.text:_SysCtlFrequencyGet</name>
         <load_address>0x249ec</load_address>
         <run_address>0x249ec</run_address>
         <size>0x90</size>
         <input_file_ref idref="fl-22"/>
      </object_component>
      <object_component id="oc-293">
         <name>.text:EnableTimerA</name>
         <load_address>0x24a7c</load_address>
         <run_address>0x24a7c</run_address>
         <size>0x88</size>
         <input_file_ref idref="fl-5"/>
      </object_component>
      <object_component id="oc-202">
         <name>.text:__aeabi_cdcmple</name>
         <load_address>0x24b04</load_address>
         <run_address>0x24b04</run_address>
         <size>0x86</size>
         <input_file_ref idref="fl-e0"/>
      </object_component>
      <object_component id="oc-2b3">
         <name>.text:__aeabi_cdrcmple</name>
         <load_address>0x24b8a</load_address>
         <run_address>0x24b8a</run_address>
         <size>0x86</size>
         <input_file_ref idref="fl-e0"/>
      </object_component>
      <object_component id="oc-1fc">
         <name>.text:Find_Fund</name>
         <load_address>0x24c10</load_address>
         <run_address>0x24c10</run_address>
         <size>0x80</size>
         <input_file_ref idref="fl-8"/>
      </object_component>
      <object_component id="oc-1ce">
         <name>.text:esp8266_init</name>
         <load_address>0x24c90</load_address>
         <run_address>0x24c90</run_address>
         <size>0x7c</size>
         <input_file_ref idref="fl-7"/>
      </object_component>
      <object_component id="oc-de">
         <name>.text</name>
         <load_address>0x24d0c</load_address>
         <run_address>0x24d0c</run_address>
         <size>0x7a</size>
         <input_file_ref idref="fl-eb"/>
      </object_component>
      <object_component id="oc-26d">
         <name>.text:UARTStdioConfig</name>
         <load_address>0x24d88</load_address>
         <run_address>0x24d88</run_address>
         <size>0x74</size>
         <input_file_ref idref="fl-4"/>
      </object_component>
      <object_component id="oc-1eb">
         <name>.text</name>
         <load_address>0x24dfc</load_address>
         <run_address>0x24dfc</run_address>
         <size>0x6e</size>
         <input_file_ref idref="fl-e4"/>
      </object_component>
      <object_component id="oc-16">
         <name>.text:decompress:lzss:__TI_decompress_lzss</name>
         <load_address>0x24e6a</load_address>
         <run_address>0x24e6a</run_address>
         <size>0x68</size>
         <input_file_ref idref="fl-ee"/>
      </object_component>
      <object_component id="oc-2ac">
         <name>.text:arm_cmplx_mag_f32</name>
         <load_address>0x24ed2</load_address>
         <run_address>0x24ed2</run_address>
         <size>0x66</size>
         <input_file_ref idref="fl-17"/>
      </object_component>
      <object_component id="oc-1d6">
         <name>.text:ADC_Sample</name>
         <load_address>0x24f38</load_address>
         <run_address>0x24f38</run_address>
         <size>0x64</size>
         <input_file_ref idref="fl-5"/>
      </object_component>
      <object_component id="oc-378">
         <name>.text:TimerControlTrigger</name>
         <load_address>0x24f9c</load_address>
         <run_address>0x24f9c</run_address>
         <size>0x60</size>
         <input_file_ref idref="fl-23"/>
      </object_component>
      <object_component id="oc-302">
         <name>.text:tcp_send</name>
         <load_address>0x24ffc</load_address>
         <run_address>0x24ffc</run_address>
         <size>0x5c</size>
         <input_file_ref idref="fl-7"/>
      </object_component>
      <object_component id="oc-ea">
         <name>.text:main</name>
         <load_address>0x25058</load_address>
         <run_address>0x25058</run_address>
         <size>0x58</size>
         <input_file_ref idref="fl-2"/>
      </object_component>
      <object_component id="oc-2a4">
         <name>.text:arm_rfft_fast_f32</name>
         <load_address>0x250b0</load_address>
         <run_address>0x250b0</run_address>
         <size>0x50</size>
         <input_file_ref idref="fl-18"/>
      </object_component>
      <object_component id="oc-3ef">
         <name>.text:goertzel_get_squared_magnitude</name>
         <load_address>0x25100</load_address>
         <run_address>0x25100</run_address>
         <size>0x4e</size>
         <input_file_ref idref="fl-9"/>
      </object_component>
      <object_component id="oc-405">
         <name>.text</name>
         <load_address>0x2514e</load_address>
         <run_address>0x2514e</run_address>
         <size>0x48</size>
         <input_file_ref idref="fl-e3"/>
      </object_component>
      <object_component id="oc-370">
         <name>.text:SysCtlPeripheralReady</name>
         <load_address>0x25198</load_address>
         <run_address>0x25198</run_address>
         <size>0x44</size>
         <input_file_ref idref="fl-22"/>
      </object_component>
      <object_component id="oc-257">
         <name>.text:_SysCtlMemTimingGet</name>
         <load_address>0x251dc</load_address>
         <run_address>0x251dc</run_address>
         <size>0x44</size>
         <input_file_ref idref="fl-22"/>
      </object_component>
      <object_component id="oc-172">
         <name>.text:__TI_auto_init_nobinit_nopinit:__TI_auto_init_nobinit_nopinit</name>
         <load_address>0x25220</load_address>
         <run_address>0x25220</run_address>
         <size>0x44</size>
         <input_file_ref idref="fl-f8"/>
      </object_component>
      <object_component id="oc-14d">
         <name>.text:board_init</name>
         <load_address>0x25264</load_address>
         <run_address>0x25264</run_address>
         <size>0x44</size>
         <input_file_ref idref="fl-2"/>
      </object_component>
      <object_component id="oc-211">
         <name>.text</name>
         <load_address>0x252a8</load_address>
         <run_address>0x252a8</run_address>
         <size>0x44</size>
         <input_file_ref idref="fl-e5"/>
      </object_component>
      <object_component id="oc-38b">
         <name>.text:arm_rfft_1024_fast_init_f32</name>
         <load_address>0x252ec</load_address>
         <run_address>0x252ec</run_address>
         <size>0x40</size>
         <input_file_ref idref="fl-19"/>
      </object_component>
      <object_component id="oc-385">
         <name>.text:arm_rfft_2048_fast_init_f32</name>
         <load_address>0x2532c</load_address>
         <run_address>0x2532c</run_address>
         <size>0x40</size>
         <input_file_ref idref="fl-19"/>
      </object_component>
      <object_component id="oc-37f">
         <name>.text:arm_rfft_4096_fast_init_f32</name>
         <load_address>0x2536c</load_address>
         <run_address>0x2536c</run_address>
         <size>0x40</size>
         <input_file_ref idref="fl-19"/>
      </object_component>
      <object_component id="oc-391">
         <name>.text:arm_rfft_512_fast_init_f32</name>
         <load_address>0x253ac</load_address>
         <run_address>0x253ac</run_address>
         <size>0x40</size>
         <input_file_ref idref="fl-19"/>
      </object_component>
      <object_component id="oc-2c9">
         <name>.text:goertzel_process_sample</name>
         <load_address>0x253ec</load_address>
         <run_address>0x253ec</run_address>
         <size>0x3e</size>
         <input_file_ref idref="fl-9"/>
      </object_component>
      <object_component id="oc-39d">
         <name>.text:arm_rfft_128_fast_init_f32</name>
         <load_address>0x2542c</load_address>
         <run_address>0x2542c</run_address>
         <size>0x3c</size>
         <input_file_ref idref="fl-19"/>
      </object_component>
      <object_component id="oc-397">
         <name>.text:arm_rfft_256_fast_init_f32</name>
         <load_address>0x25468</load_address>
         <run_address>0x25468</run_address>
         <size>0x3c</size>
         <input_file_ref idref="fl-19"/>
      </object_component>
      <object_component id="oc-3a9">
         <name>.text:arm_rfft_32_fast_init_f32</name>
         <load_address>0x254a4</load_address>
         <run_address>0x254a4</run_address>
         <size>0x3c</size>
         <input_file_ref idref="fl-19"/>
      </object_component>
      <object_component id="oc-3a3">
         <name>.text:arm_rfft_64_fast_init_f32</name>
         <load_address>0x254e0</load_address>
         <run_address>0x254e0</run_address>
         <size>0x3c</size>
         <input_file_ref idref="fl-19"/>
      </object_component>
      <object_component id="oc-2fc">
         <name>.text:sprintf_</name>
         <load_address>0x2551c</load_address>
         <run_address>0x2551c</run_address>
         <size>0x3c</size>
         <input_file_ref idref="fl-a"/>
      </object_component>
      <object_component id="oc-42a">
         <name>.text:UARTSend</name>
         <load_address>0x25558</load_address>
         <run_address>0x25558</run_address>
         <size>0x38</size>
         <input_file_ref idref="fl-b"/>
      </object_component>
      <object_component id="oc-3d1">
         <name>.text:arm_sqrt_f32</name>
         <load_address>0x25590</load_address>
         <run_address>0x25590</run_address>
         <size>0x38</size>
         <input_file_ref idref="fl-17"/>
      </object_component>
      <object_component id="oc-27a">
         <name>.text:printf_</name>
         <load_address>0x255c8</load_address>
         <run_address>0x255c8</run_address>
         <size>0x38</size>
         <input_file_ref idref="fl-a"/>
      </object_component>
      <object_component id="oc-207">
         <name>.text</name>
         <load_address>0x25600</load_address>
         <run_address>0x25600</run_address>
         <size>0x38</size>
         <input_file_ref idref="fl-e6"/>
      </object_component>
      <object_component id="oc-45f">
         <name>.text:_atoi</name>
         <load_address>0x25638</load_address>
         <run_address>0x25638</run_address>
         <size>0x36</size>
         <input_file_ref idref="fl-a"/>
      </object_component>
      <object_component id="oc-72">
         <name>.text:_c_int00_noargs:_c_int00_noargs</name>
         <load_address>0x25670</load_address>
         <run_address>0x25670</run_address>
         <size>0x34</size>
         <input_file_ref idref="fl-f2"/>
      </object_component>
      <object_component id="oc-280">
         <name>.text:Delay_us</name>
         <load_address>0x256a4</load_address>
         <run_address>0x256a4</run_address>
         <size>0x2e</size>
         <input_file_ref idref="fl-7"/>
      </object_component>
      <object_component id="oc-483">
         <name>.text:_strnlen_s</name>
         <load_address>0x256d2</load_address>
         <run_address>0x256d2</run_address>
         <size>0x2e</size>
         <input_file_ref idref="fl-a"/>
      </object_component>
      <object_component id="oc-410">
         <name>.text</name>
         <load_address>0x25700</load_address>
         <run_address>0x25700</run_address>
         <size>0x2e</size>
         <input_file_ref idref="fl-e7"/>
      </object_component>
      <object_component id="oc-2cf">
         <name>.text:goertzel_get_magnitude</name>
         <load_address>0x2572e</load_address>
         <run_address>0x2572e</run_address>
         <size>0x28</size>
         <input_file_ref idref="fl-9"/>
      </object_component>
      <object_component id="oc-4e0">
         <name>.text:sqrtf</name>
         <load_address>0x25758</load_address>
         <run_address>0x25758</run_address>
         <size>0x28</size>
         <input_file_ref idref="fl-de"/>
      </object_component>
      <object_component id="oc-1f0">
         <name>.text:FFT</name>
         <load_address>0x25780</load_address>
         <run_address>0x25780</run_address>
         <size>0x26</size>
         <input_file_ref idref="fl-8"/>
      </object_component>
      <object_component id="oc-459">
         <name>.text:_is_digit</name>
         <load_address>0x257a6</load_address>
         <run_address>0x257a6</run_address>
         <size>0x26</size>
         <input_file_ref idref="fl-a"/>
      </object_component>
      <object_component id="oc-431">
         <name>.text:_out_buffer</name>
         <load_address>0x257cc</load_address>
         <run_address>0x257cc</run_address>
         <size>0x24</size>
         <input_file_ref idref="fl-a"/>
      </object_component>
      <object_component id="oc-48f">
         <name>.text:_putchar</name>
         <load_address>0x257f0</load_address>
         <run_address>0x257f0</run_address>
         <size>0x24</size>
         <input_file_ref idref="fl-7"/>
      </object_component>
      <object_component id="oc-35b">
         <name>.text:_out_char</name>
         <load_address>0x25814</load_address>
         <run_address>0x25814</run_address>
         <size>0x22</size>
         <input_file_ref idref="fl-a"/>
      </object_component>
      <object_component id="oc-2f5">
         <name>.text:SDWa_Send</name>
         <load_address>0x25838</load_address>
         <run_address>0x25838</run_address>
         <size>0x20</size>
         <input_file_ref idref="fl-b"/>
      </object_component>
      <object_component id="oc-86">
         <name>.text:SystemInit</name>
         <load_address>0x25858</load_address>
         <run_address>0x25858</run_address>
         <size>0x20</size>
         <input_file_ref idref="fl-3"/>
      </object_component>
      <object_component id="oc-1dc">
         <name>.text</name>
         <load_address>0x25878</load_address>
         <run_address>0x25878</run_address>
         <size>0x20</size>
         <input_file_ref idref="fl-e8"/>
      </object_component>
      <object_component id="oc-2bd">
         <name>.text:goertzel_reset</name>
         <load_address>0x25898</load_address>
         <run_address>0x25898</run_address>
         <size>0x1c</size>
         <input_file_ref idref="fl-9"/>
      </object_component>
      <object_component id="oc-577">
         <name>.text:copysign</name>
         <load_address>0x258b4</load_address>
         <run_address>0x258b4</run_address>
         <size>0x1a</size>
         <input_file_ref idref="fl-fe"/>
      </object_component>
      <object_component id="oc-b2">
         <name>.text:strcmp</name>
         <load_address>0x258ce</load_address>
         <run_address>0x258ce</run_address>
         <size>0x18</size>
         <input_file_ref idref="fl-ef"/>
      </object_component>
      <object_component id="oc-1f6">
         <name>.text:Get_Mag</name>
         <load_address>0x258e6</load_address>
         <run_address>0x258e6</run_address>
         <size>0x14</size>
         <input_file_ref idref="fl-8"/>
      </object_component>
      <object_component id="oc-a8">
         <name>.text:ADCIntClearEx</name>
         <load_address>0x258fa</load_address>
         <run_address>0x258fa</run_address>
         <size>0x12</size>
         <input_file_ref idref="fl-20"/>
      </object_component>
      <object_component id="oc-465">
         <name>.text:_out_null</name>
         <load_address>0x2590c</load_address>
         <run_address>0x2590c</run_address>
         <size>0x12</size>
         <input_file_ref idref="fl-a"/>
      </object_component>
      <object_component id="oc-15f">
         <name>.text:update_displays</name>
         <load_address>0x2591e</load_address>
         <run_address>0x2591e</run_address>
         <size>0x10</size>
         <input_file_ref idref="fl-2"/>
      </object_component>
      <object_component id="oc-1c">
         <name>.text:decompress:none:__TI_decompress_none</name>
         <load_address>0x2592e</load_address>
         <run_address>0x2592e</run_address>
         <size>0xe</size>
         <input_file_ref idref="fl-ed"/>
      </object_component>
      <object_component id="oc-28">
         <name>.text:Reset_Handler</name>
         <load_address>0x2593c</load_address>
         <run_address>0x2593c</run_address>
         <size>0xc</size>
         <input_file_ref idref="fl-6"/>
      </object_component>
      <object_component id="oc-66">
         <name>.text:decompress:ZI:__TI_zero_init</name>
         <load_address>0x25948</load_address>
         <run_address>0x25948</run_address>
         <size>0xc</size>
         <input_file_ref idref="fl-ec"/>
      </object_component>
      <object_component id="oc-3f6">
         <name>.text:__aeabi_errno_addr</name>
         <load_address>0x25954</load_address>
         <run_address>0x25954</run_address>
         <size>0x8</size>
         <input_file_ref idref="fl-f1"/>
      </object_component>
      <object_component id="oc-221">
         <name>.text:SysCtlDelay</name>
         <load_address>0x2595c</load_address>
         <run_address>0x2595c</run_address>
         <size>0x6</size>
         <input_file_ref idref="fl-22"/>
      </object_component>
      <object_component id="oc-e4">
         <name>.text:_system_pre_init</name>
         <load_address>0x25962</load_address>
         <run_address>0x25962</run_address>
         <size>0x4</size>
         <input_file_ref idref="fl-f9"/>
      </object_component>
      <object_component id="oc-166">
         <name>.text:abort:abort</name>
         <load_address>0x25966</load_address>
         <run_address>0x25966</run_address>
         <size>0x4</size>
         <input_file_ref idref="fl-fb"/>
      </object_component>
      <object_component id="oc-592">
         <name>.const:twiddleCoef_4096</name>
         <load_address>0x208</load_address>
         <run_address>0x208</run_address>
         <size>0x8000</size>
         <input_file_ref idref="fl-1a"/>
      </object_component>
      <object_component id="oc-59b">
         <name>.const:twiddleCoef_2048</name>
         <load_address>0x8208</load_address>
         <run_address>0x8208</run_address>
         <size>0x4000</size>
         <input_file_ref idref="fl-1a"/>
      </object_component>
      <object_component id="oc-4a1">
         <name>.const:twiddleCoef_rfft_4096</name>
         <load_address>0xc208</load_address>
         <run_address>0xc208</run_address>
         <size>0x4000</size>
         <input_file_ref idref="fl-1a"/>
      </object_component>
      <object_component id="oc-5a3">
         <name>.const:twiddleCoef_1024</name>
         <load_address>0x10208</load_address>
         <run_address>0x10208</run_address>
         <size>0x2000</size>
         <input_file_ref idref="fl-1a"/>
      </object_component>
      <object_component id="oc-4a5">
         <name>.const:twiddleCoef_rfft_2048</name>
         <load_address>0x12208</load_address>
         <run_address>0x12208</run_address>
         <size>0x2000</size>
         <input_file_ref idref="fl-1a"/>
      </object_component>
      <object_component id="oc-595">
         <name>.const:armBitRevIndexTable4096</name>
         <load_address>0x14208</load_address>
         <run_address>0x14208</run_address>
         <size>0x1f80</size>
         <input_file_ref idref="fl-1a"/>
      </object_component>
      <object_component id="oc-59e">
         <name>.const:armBitRevIndexTable2048</name>
         <load_address>0x16188</load_address>
         <run_address>0x16188</run_address>
         <size>0x1dc0</size>
         <input_file_ref idref="fl-1a"/>
      </object_component>
      <object_component id="oc-5ab">
         <name>.const:twiddleCoef_512</name>
         <load_address>0x17f48</load_address>
         <run_address>0x17f48</run_address>
         <size>0x1000</size>
         <input_file_ref idref="fl-1a"/>
      </object_component>
      <object_component id="oc-4a9">
         <name>.const:twiddleCoef_rfft_1024</name>
         <load_address>0x18f48</load_address>
         <run_address>0x18f48</run_address>
         <size>0x1000</size>
         <input_file_ref idref="fl-1a"/>
      </object_component>
      <object_component id="oc-5a6">
         <name>.const:armBitRevIndexTable1024</name>
         <load_address>0x19f48</load_address>
         <run_address>0x19f48</run_address>
         <size>0xe10</size>
         <input_file_ref idref="fl-1a"/>
      </object_component>
      <object_component id="oc-5b3">
         <name>.const:twiddleCoef_256</name>
         <load_address>0x1ad58</load_address>
         <run_address>0x1ad58</run_address>
         <size>0x800</size>
         <input_file_ref idref="fl-1a"/>
      </object_component>
      <object_component id="oc-4ad">
         <name>.const:twiddleCoef_rfft_512</name>
         <load_address>0x1b558</load_address>
         <run_address>0x1b558</run_address>
         <size>0x800</size>
         <input_file_ref idref="fl-1a"/>
      </object_component>
      <object_component id="oc-5bb">
         <name>.const:twiddleCoef_128</name>
         <load_address>0x1bd58</load_address>
         <run_address>0x1bd58</run_address>
         <size>0x400</size>
         <input_file_ref idref="fl-1a"/>
      </object_component>
      <object_component id="oc-4b1">
         <name>.const:twiddleCoef_rfft_256</name>
         <load_address>0x1c158</load_address>
         <run_address>0x1c158</run_address>
         <size>0x400</size>
         <input_file_ref idref="fl-1a"/>
      </object_component>
      <object_component id="oc-5ae">
         <name>.const:armBitRevIndexTable512</name>
         <load_address>0x1c558</load_address>
         <run_address>0x1c558</run_address>
         <size>0x380</size>
         <input_file_ref idref="fl-1a"/>
      </object_component>
      <object_component id="oc-5b6">
         <name>.const:armBitRevIndexTable256</name>
         <load_address>0x1c8d8</load_address>
         <run_address>0x1c8d8</run_address>
         <size>0x370</size>
         <input_file_ref idref="fl-1a"/>
      </object_component>
      <object_component id="oc-5c3">
         <name>.const:twiddleCoef_64</name>
         <load_address>0x1cc48</load_address>
         <run_address>0x1cc48</run_address>
         <size>0x200</size>
         <input_file_ref idref="fl-1a"/>
      </object_component>
      <object_component id="oc-4b5">
         <name>.const:twiddleCoef_rfft_128</name>
         <load_address>0x1ce48</load_address>
         <run_address>0x1ce48</run_address>
         <size>0x200</size>
         <input_file_ref idref="fl-1a"/>
      </object_component>
      <object_component id="oc-269">
         <name>.const:g_pppui32XTALtoVCO</name>
         <load_address>0x1d048</load_address>
         <run_address>0x1d048</run_address>
         <size>0x1b0</size>
         <input_file_ref idref="fl-22"/>
      </object_component>
      <object_component id="oc-5be">
         <name>.const:armBitRevIndexTable128</name>
         <load_address>0x1d1f8</load_address>
         <run_address>0x1d1f8</run_address>
         <size>0x1a0</size>
         <input_file_ref idref="fl-1a"/>
      </object_component>
      <object_component id="oc-506">
         <name>.const:$O1$$</name>
         <load_address>0x1d398</load_address>
         <run_address>0x1d398</run_address>
         <size>0x158</size>
         <input_file_ref idref="fl-f0"/>
      </object_component>
      <object_component id="oc-5cb">
         <name>.const:twiddleCoef_32</name>
         <load_address>0x1d4f0</load_address>
         <run_address>0x1d4f0</run_address>
         <size>0x100</size>
         <input_file_ref idref="fl-1a"/>
      </object_component>
      <object_component id="oc-4b9">
         <name>.const:twiddleCoef_rfft_64</name>
         <load_address>0x1d5f0</load_address>
         <run_address>0x1d5f0</run_address>
         <size>0x100</size>
         <input_file_ref idref="fl-1a"/>
      </object_component>
      <object_component id="oc-5d3">
         <name>.const:twiddleCoef_16</name>
         <load_address>0x1d6f0</load_address>
         <run_address>0x1d6f0</run_address>
         <size>0x80</size>
         <input_file_ref idref="fl-1a"/>
      </object_component>
      <object_component id="oc-4bd">
         <name>.const:twiddleCoef_rfft_32</name>
         <load_address>0x1d770</load_address>
         <run_address>0x1d770</run_address>
         <size>0x80</size>
         <input_file_ref idref="fl-1a"/>
      </object_component>
      <object_component id="oc-5c6">
         <name>.const:armBitRevIndexTable64</name>
         <load_address>0x1d7f0</load_address>
         <run_address>0x1d7f0</run_address>
         <size>0x70</size>
         <input_file_ref idref="fl-1a"/>
      </object_component>
      <object_component id="oc-5ce">
         <name>.const:armBitRevIndexTable32</name>
         <load_address>0x1d860</load_address>
         <run_address>0x1d860</run_address>
         <size>0x60</size>
         <input_file_ref idref="fl-1a"/>
      </object_component>
      <object_component id="oc-531">
         <name>.const:pow10$1</name>
         <load_address>0x1d8c0</load_address>
         <run_address>0x1d8c0</run_address>
         <size>0x50</size>
         <input_file_ref idref="fl-a"/>
      </object_component>
      <object_component id="oc-336">
         <name>.const:g_sXTALtoMEMTIM</name>
         <load_address>0x1d910</load_address>
         <run_address>0x1d910</run_address>
         <size>0x30</size>
         <input_file_ref idref="fl-22"/>
      </object_component>
      <object_component id="oc-5d6">
         <name>.const:armBitRevIndexTable16</name>
         <load_address>0x1d940</load_address>
         <run_address>0x1d940</run_address>
         <size>0x28</size>
         <input_file_ref idref="fl-1a"/>
      </object_component>
      <object_component id="oc-263">
         <name>.const:g_pui32Xtals</name>
         <load_address>0x1d968</load_address>
         <run_address>0x1d968</run_address>
         <size>0x28</size>
         <input_file_ref idref="fl-22"/>
      </object_component>
      <object_component id="oc-53c">
         <name>.const:arm_cfft_sR_f32_len1024</name>
         <load_address>0x1d990</load_address>
         <run_address>0x1d990</run_address>
         <size>0x10</size>
         <input_file_ref idref="fl-1f"/>
      </object_component>
      <object_component id="oc-545">
         <name>.const:arm_cfft_sR_f32_len128</name>
         <load_address>0x1d9a0</load_address>
         <run_address>0x1d9a0</run_address>
         <size>0x10</size>
         <input_file_ref idref="fl-1f"/>
      </object_component>
      <object_component id="oc-54e">
         <name>.const:arm_cfft_sR_f32_len16</name>
         <load_address>0x1d9b0</load_address>
         <run_address>0x1d9b0</run_address>
         <size>0x10</size>
         <input_file_ref idref="fl-1f"/>
      </object_component>
      <object_component id="oc-539">
         <name>.const:arm_cfft_sR_f32_len2048</name>
         <load_address>0x1d9c0</load_address>
         <run_address>0x1d9c0</run_address>
         <size>0x10</size>
         <input_file_ref idref="fl-1f"/>
      </object_component>
      <object_component id="oc-542">
         <name>.const:arm_cfft_sR_f32_len256</name>
         <load_address>0x1d9d0</load_address>
         <run_address>0x1d9d0</run_address>
         <size>0x10</size>
         <input_file_ref idref="fl-1f"/>
      </object_component>
      <object_component id="oc-54b">
         <name>.const:arm_cfft_sR_f32_len32</name>
         <load_address>0x1d9e0</load_address>
         <run_address>0x1d9e0</run_address>
         <size>0x10</size>
         <input_file_ref idref="fl-1f"/>
      </object_component>
      <object_component id="oc-536">
         <name>.const:arm_cfft_sR_f32_len4096</name>
         <load_address>0x1d9f0</load_address>
         <run_address>0x1d9f0</run_address>
         <size>0x10</size>
         <input_file_ref idref="fl-1f"/>
      </object_component>
      <object_component id="oc-53f">
         <name>.const:arm_cfft_sR_f32_len512</name>
         <load_address>0x1da00</load_address>
         <run_address>0x1da00</run_address>
         <size>0x10</size>
         <input_file_ref idref="fl-1f"/>
      </object_component>
      <object_component id="oc-548">
         <name>.const:arm_cfft_sR_f32_len64</name>
         <load_address>0x1da10</load_address>
         <run_address>0x1da10</run_address>
         <size>0x10</size>
         <input_file_ref idref="fl-1f"/>
      </object_component>
      <object_component id="oc-350">
         <name>.const:g_ui32UARTBase</name>
         <load_address>0x1da20</load_address>
         <run_address>0x1da20</run_address>
         <size>0xc</size>
         <input_file_ref idref="fl-4"/>
      </object_component>
      <object_component id="oc-347">
         <name>.const:g_ui32UARTPeriph</name>
         <load_address>0x1da2c</load_address>
         <run_address>0x1da2c</run_address>
         <size>0xc</size>
         <input_file_ref idref="fl-4"/>
      </object_component>
      <object_component id="oc-266">
         <name>.const:g_pui32VCOFrequencies</name>
         <load_address>0x1da38</load_address>
         <run_address>0x1da38</run_address>
         <size>0x8</size>
         <input_file_ref idref="fl-22"/>
      </object_component>
      <object_component id="oc-639">
         <name>.cinit..data.load</name>
         <load_address>0x25970</load_address>
         <run_address>0x25970</run_address>
         <size>0x1f</size>
      </object_component>
      <object_component id="oc-637">
         <name>__TI_handler_table</name>
         <load_address>0x25990</load_address>
         <run_address>0x25990</run_address>
         <size>0xc</size>
      </object_component>
      <object_component id="oc-63a">
         <name>.cinit..bss.load</name>
         <load_address>0x259a0</load_address>
         <run_address>0x259a0</run_address>
         <size>0x8</size>
      </object_component>
      <object_component id="oc-638">
         <name>__TI_cinit_table</name>
         <load_address>0x259a8</load_address>
         <run_address>0x259a8</run_address>
         <size>0x10</size>
      </object_component>
      <object_component id="oc-be">
         <name>.data</name>
         <load_address>0x200058dc</load_address>
         <run_address>0x200058dc</run_address>
         <size>0x1c</size>
         <input_file_ref idref="fl-2"/>
      </object_component>
      <object_component id="oc-2db">
         <name>.data:Uo</name>
         <load_address>0x200058f8</load_address>
         <run_address>0x200058f8</run_address>
         <size>0x14</size>
         <input_file_ref idref="fl-2"/>
      </object_component>
      <object_component id="oc-2e5">
         <name>.data:pBuffer</name>
         <load_address>0x200057a0</load_address>
         <run_address>0x200057a0</run_address>
         <size>0xa4</size>
         <input_file_ref idref="fl-2"/>
      </object_component>
      <object_component id="oc-9a">
         <name>.data:flags</name>
         <load_address>0x20005934</load_address>
         <run_address>0x20005934</run_address>
         <size>0xc</size>
         <input_file_ref idref="fl-2"/>
      </object_component>
      <object_component id="oc-fc">
         <name>.data</name>
         <load_address>0x2000594c</load_address>
         <run_address>0x2000594c</run_address>
         <size>0x4</size>
         <input_file_ref idref="fl-3"/>
      </object_component>
      <object_component id="oc-34a">
         <name>.data</name>
         <load_address>0x20005940</load_address>
         <run_address>0x20005940</run_address>
         <size>0x5</size>
         <input_file_ref idref="fl-4"/>
      </object_component>
      <object_component id="oc-ae">
         <name>.data</name>
         <load_address>0x2000590c</load_address>
         <run_address>0x2000590c</run_address>
         <size>0x14</size>
         <input_file_ref idref="fl-5"/>
      </object_component>
      <object_component id="oc-91">
         <name>.data</name>
         <load_address>0x20005920</load_address>
         <run_address>0x20005920</run_address>
         <size>0x14</size>
         <input_file_ref idref="fl-b"/>
      </object_component>
      <object_component id="oc-8e">
         <name>.data:recv_buf</name>
         <load_address>0x200058a8</load_address>
         <run_address>0x200058a8</run_address>
         <size>0x32</size>
         <input_file_ref idref="fl-b"/>
      </object_component>
      <object_component id="oc-97">
         <name>.data:recv_data</name>
         <load_address>0x20005844</load_address>
         <run_address>0x20005844</run_address>
         <size>0x64</size>
         <input_file_ref idref="fl-b"/>
      </object_component>
      <object_component id="oc-4f0">
         <name>.data</name>
         <load_address>0x20005948</load_address>
         <run_address>0x20005948</run_address>
         <size>0x4</size>
         <input_file_ref idref="fl-f1"/>
      </object_component>
      <object_component id="oc-b8">
         <name>.bss:receive_buffer</name>
         <uninitialized>true</uninitialized>
         <run_address>0x20005504</run_address>
         <size>0x80</size>
         <input_file_ref idref="fl-7"/>
      </object_component>
      <object_component id="oc-bb">
         <name>.bss</name>
         <uninitialized>true</uninitialized>
         <run_address>0x2000559c</run_address>
         <size>0x1</size>
         <input_file_ref idref="fl-7"/>
      </object_component>
      <object_component id="oc-425">
         <name>.bss:sdwa_send_buf</name>
         <uninitialized>true</uninitialized>
         <run_address>0x20005400</run_address>
         <size>0x104</size>
         <input_file_ref idref="fl-b"/>
      </object_component>
      <object_component id="oc-1d4">
         <name>.common:systemClock</name>
         <uninitialized>true</uninitialized>
         <run_address>0x20005598</run_address>
         <size>0x4</size>
      </object_component>
      <object_component id="oc-217">
         <name>.common:adcBuffer</name>
         <uninitialized>true</uninitialized>
         <run_address>0x20004000</run_address>
         <size>0x1000</size>
      </object_component>
      <object_component id="oc-216">
         <name>.common:fft_in</name>
         <uninitialized>true</uninitialized>
         <run_address>0x20000000</run_address>
         <size>0x2000</size>
      </object_component>
      <object_component id="oc-218">
         <name>.common:fft_out</name>
         <uninitialized>true</uninitialized>
         <run_address>0x20002000</run_address>
         <size>0x2000</size>
      </object_component>
      <object_component id="oc-219">
         <name>.common:base_freq_index</name>
         <uninitialized>true</uninitialized>
         <run_address>0x20005594</run_address>
         <size>0x4</size>
      </object_component>
      <object_component id="oc-376">
         <name>.common:pui8ControlTable</name>
         <uninitialized>true</uninitialized>
         <run_address>0x20005000</run_address>
         <size>0x400</size>
      </object_component>
      <object_component id="oc-94">
         <name>.common:sdwa_recv</name>
         <uninitialized>true</uninitialized>
         <run_address>0x20005584</run_address>
         <size>0x10</size>
      </object_component>
      <object_component id="oc-25">
         <name>.stack</name>
         <uninitialized>true</uninitialized>
         <run_address>0x200055a0</run_address>
         <size>0x4</size>
         <input_file_ref idref="fl-f2"/>
      </object_component>
      <object_component id="oc-63c">
         <name>.stack</name>
         <uninitialized>true</uninitialized>
         <run_address>0x200055a0</run_address>
         <size>0x0</size>
      </object_component>
      <object_component id="oc-13b">
         <name>.debug_info</name>
         <load_address>0x0</load_address>
         <run_address>0x0</run_address>
         <size>0xd9e</size>
         <input_file_ref idref="fl-2"/>
      </object_component>
      <object_component id="oc-bf">
         <name>.debug_info</name>
         <load_address>0xd9e</load_address>
         <run_address>0xd9e</run_address>
         <size>0x1c9</size>
         <input_file_ref idref="fl-2"/>
      </object_component>
      <object_component id="oc-2dc">
         <name>.debug_info</name>
         <load_address>0xf67</load_address>
         <run_address>0xf67</run_address>
         <size>0xc3</size>
         <input_file_ref idref="fl-2"/>
      </object_component>
      <object_component id="oc-2e6">
         <name>.debug_info</name>
         <load_address>0x102a</load_address>
         <run_address>0x102a</run_address>
         <size>0xcd</size>
         <input_file_ref idref="fl-2"/>
      </object_component>
      <object_component id="oc-9b">
         <name>.debug_info</name>
         <load_address>0x10f7</load_address>
         <run_address>0x10f7</run_address>
         <size>0xc9</size>
         <input_file_ref idref="fl-2"/>
      </object_component>
      <object_component id="oc-22a">
         <name>.debug_info</name>
         <load_address>0x11c0</load_address>
         <run_address>0x11c0</run_address>
         <size>0x1e2</size>
         <input_file_ref idref="fl-2"/>
      </object_component>
      <object_component id="oc-230">
         <name>.debug_info</name>
         <load_address>0x13a2</load_address>
         <run_address>0x13a2</run_address>
         <size>0x160</size>
         <input_file_ref idref="fl-2"/>
      </object_component>
      <object_component id="oc-224">
         <name>.debug_info</name>
         <load_address>0x1502</load_address>
         <run_address>0x1502</run_address>
         <size>0x318</size>
         <input_file_ref idref="fl-2"/>
      </object_component>
      <object_component id="oc-14e">
         <name>.debug_info</name>
         <load_address>0x181a</load_address>
         <run_address>0x181a</run_address>
         <size>0x144</size>
         <input_file_ref idref="fl-2"/>
      </object_component>
      <object_component id="oc-154">
         <name>.debug_info</name>
         <load_address>0x195e</load_address>
         <run_address>0x195e</run_address>
         <size>0x280</size>
         <input_file_ref idref="fl-2"/>
      </object_component>
      <object_component id="oc-21c">
         <name>.debug_info</name>
         <load_address>0x1bde</load_address>
         <run_address>0x1bde</run_address>
         <size>0x2be</size>
         <input_file_ref idref="fl-2"/>
      </object_component>
      <object_component id="oc-15b">
         <name>.debug_info</name>
         <load_address>0x1e9c</load_address>
         <run_address>0x1e9c</run_address>
         <size>0x18c</size>
         <input_file_ref idref="fl-2"/>
      </object_component>
      <object_component id="oc-161">
         <name>.debug_info</name>
         <load_address>0x2028</load_address>
         <run_address>0x2028</run_address>
         <size>0x147</size>
         <input_file_ref idref="fl-2"/>
      </object_component>
      <object_component id="oc-eb">
         <name>.debug_info</name>
         <load_address>0x216f</load_address>
         <run_address>0x216f</run_address>
         <size>0x13f</size>
         <input_file_ref idref="fl-2"/>
      </object_component>
      <object_component id="oc-1b3">
         <name>.debug_info</name>
         <load_address>0x22ae</load_address>
         <run_address>0x22ae</run_address>
         <size>0x24d4</size>
         <input_file_ref idref="fl-2"/>
      </object_component>
      <object_component id="oc-10b">
         <name>.debug_info</name>
         <load_address>0x4782</load_address>
         <run_address>0x4782</run_address>
         <size>0x119</size>
         <input_file_ref idref="fl-2"/>
      </object_component>
      <object_component id="oc-11a">
         <name>.debug_info</name>
         <load_address>0x489b</load_address>
         <run_address>0x489b</run_address>
         <size>0x72</size>
         <input_file_ref idref="fl-2"/>
      </object_component>
      <object_component id="oc-c4">
         <name>.debug_info</name>
         <load_address>0x490d</load_address>
         <run_address>0x490d</run_address>
         <size>0x26b</size>
         <input_file_ref idref="fl-2"/>
      </object_component>
      <object_component id="oc-106">
         <name>.debug_info</name>
         <load_address>0x4b78</load_address>
         <run_address>0x4b78</run_address>
         <size>0x1028</size>
         <input_file_ref idref="fl-2"/>
      </object_component>
      <object_component id="oc-115">
         <name>.debug_info</name>
         <load_address>0x5ba0</load_address>
         <run_address>0x5ba0</run_address>
         <size>0x186</size>
         <input_file_ref idref="fl-2"/>
      </object_component>
      <object_component id="oc-1bd">
         <name>.debug_info</name>
         <load_address>0x5d26</load_address>
         <run_address>0x5d26</run_address>
         <size>0x196</size>
         <input_file_ref idref="fl-2"/>
      </object_component>
      <object_component id="oc-a3">
         <name>.debug_info</name>
         <load_address>0x5ebc</load_address>
         <run_address>0x5ebc</run_address>
         <size>0x8b</size>
         <input_file_ref idref="fl-2"/>
      </object_component>
      <object_component id="oc-123">
         <name>.debug_info</name>
         <load_address>0x5f47</load_address>
         <run_address>0x5f47</run_address>
         <size>0x2a4</size>
         <input_file_ref idref="fl-2"/>
      </object_component>
      <object_component id="oc-9e">
         <name>.debug_info</name>
         <load_address>0x61eb</load_address>
         <run_address>0x61eb</run_address>
         <size>0xbb</size>
         <input_file_ref idref="fl-2"/>
      </object_component>
      <object_component id="oc-1b8">
         <name>.debug_info</name>
         <load_address>0x62a6</load_address>
         <run_address>0x62a6</run_address>
         <size>0x76</size>
         <input_file_ref idref="fl-2"/>
      </object_component>
      <object_component id="oc-363">
         <name>.debug_info</name>
         <load_address>0x631c</load_address>
         <run_address>0x631c</run_address>
         <size>0x2c</size>
         <input_file_ref idref="fl-2"/>
      </object_component>
      <object_component id="oc-110">
         <name>.debug_info</name>
         <load_address>0x6348</load_address>
         <run_address>0x6348</run_address>
         <size>0x35</size>
         <input_file_ref idref="fl-2"/>
      </object_component>
      <object_component id="oc-fd">
         <name>.debug_info</name>
         <load_address>0x637d</load_address>
         <run_address>0x637d</run_address>
         <size>0xeb</size>
         <input_file_ref idref="fl-3"/>
      </object_component>
      <object_component id="oc-8a">
         <name>.debug_info</name>
         <load_address>0x6468</load_address>
         <run_address>0x6468</run_address>
         <size>0x127</size>
         <input_file_ref idref="fl-3"/>
      </object_component>
      <object_component id="oc-4f">
         <name>.debug_info</name>
         <load_address>0x658f</load_address>
         <run_address>0x658f</run_address>
         <size>0x84</size>
         <input_file_ref idref="fl-3"/>
      </object_component>
      <object_component id="oc-452">
         <name>.debug_info</name>
         <load_address>0x6613</load_address>
         <run_address>0x6613</run_address>
         <size>0x7dc</size>
         <input_file_ref idref="fl-4"/>
      </object_component>
      <object_component id="oc-34b">
         <name>.debug_info</name>
         <load_address>0x6def</load_address>
         <run_address>0x6def</run_address>
         <size>0xd7</size>
         <input_file_ref idref="fl-4"/>
      </object_component>
      <object_component id="oc-351">
         <name>.debug_info</name>
         <load_address>0x6ec6</load_address>
         <run_address>0x6ec6</run_address>
         <size>0xdf</size>
         <input_file_ref idref="fl-4"/>
      </object_component>
      <object_component id="oc-348">
         <name>.debug_info</name>
         <load_address>0x6fa5</load_address>
         <run_address>0x6fa5</run_address>
         <size>0xe3</size>
         <input_file_ref idref="fl-4"/>
      </object_component>
      <object_component id="oc-26e">
         <name>.debug_info</name>
         <load_address>0x7088</load_address>
         <run_address>0x7088</run_address>
         <size>0x1ea</size>
         <input_file_ref idref="fl-4"/>
      </object_component>
      <object_component id="oc-34d">
         <name>.debug_info</name>
         <load_address>0x7272</load_address>
         <run_address>0x7272</run_address>
         <size>0x1e6</size>
         <input_file_ref idref="fl-4"/>
      </object_component>
      <object_component id="oc-130">
         <name>.debug_info</name>
         <load_address>0x7458</load_address>
         <run_address>0x7458</run_address>
         <size>0x97a</size>
         <input_file_ref idref="fl-5"/>
      </object_component>
      <object_component id="oc-af">
         <name>.debug_info</name>
         <load_address>0x7dd2</load_address>
         <run_address>0x7dd2</run_address>
         <size>0x17d</size>
         <input_file_ref idref="fl-5"/>
      </object_component>
      <object_component id="oc-3b">
         <name>.debug_info</name>
         <load_address>0x7f4f</load_address>
         <run_address>0x7f4f</run_address>
         <size>0x191</size>
         <input_file_ref idref="fl-5"/>
      </object_component>
      <object_component id="oc-288">
         <name>.debug_info</name>
         <load_address>0x80e0</load_address>
         <run_address>0x80e0</run_address>
         <size>0x184</size>
         <input_file_ref idref="fl-5"/>
      </object_component>
      <object_component id="oc-28e">
         <name>.debug_info</name>
         <load_address>0x8264</load_address>
         <run_address>0x8264</run_address>
         <size>0x16d</size>
         <input_file_ref idref="fl-5"/>
      </object_component>
      <object_component id="oc-294">
         <name>.debug_info</name>
         <load_address>0x83d1</load_address>
         <run_address>0x83d1</run_address>
         <size>0x14d</size>
         <input_file_ref idref="fl-5"/>
      </object_component>
      <object_component id="oc-1d7">
         <name>.debug_info</name>
         <load_address>0x851e</load_address>
         <run_address>0x851e</run_address>
         <size>0x14f</size>
         <input_file_ref idref="fl-5"/>
      </object_component>
      <object_component id="oc-48">
         <name>.debug_info</name>
         <load_address>0x866d</load_address>
         <run_address>0x866d</run_address>
         <size>0x2cb</size>
         <input_file_ref idref="fl-6"/>
      </object_component>
      <object_component id="oc-14">
         <name>.debug_info</name>
         <load_address>0x8938</load_address>
         <run_address>0x8938</run_address>
         <size>0xf6</size>
         <input_file_ref idref="fl-6"/>
      </object_component>
      <object_component id="oc-29">
         <name>.debug_info</name>
         <load_address>0x8a2e</load_address>
         <run_address>0x8a2e</run_address>
         <size>0x15c</size>
         <input_file_ref idref="fl-6"/>
      </object_component>
      <object_component id="oc-2f">
         <name>.debug_info</name>
         <load_address>0x8b8a</load_address>
         <run_address>0x8b8a</run_address>
         <size>0x144</size>
         <input_file_ref idref="fl-6"/>
      </object_component>
      <object_component id="oc-136">
         <name>.debug_info</name>
         <load_address>0x8cce</load_address>
         <run_address>0x8cce</run_address>
         <size>0x87a</size>
         <input_file_ref idref="fl-7"/>
      </object_component>
      <object_component id="oc-b9">
         <name>.debug_info</name>
         <load_address>0x9548</load_address>
         <run_address>0x9548</run_address>
         <size>0xe5</size>
         <input_file_ref idref="fl-7"/>
      </object_component>
      <object_component id="oc-bc">
         <name>.debug_info</name>
         <load_address>0x962d</load_address>
         <run_address>0x962d</run_address>
         <size>0xdf</size>
         <input_file_ref idref="fl-7"/>
      </object_component>
      <object_component id="oc-490">
         <name>.debug_info</name>
         <load_address>0x970c</load_address>
         <run_address>0x970c</run_address>
         <size>0x158</size>
         <input_file_ref idref="fl-7"/>
      </object_component>
      <object_component id="oc-281">
         <name>.debug_info</name>
         <load_address>0x9864</load_address>
         <run_address>0x9864</run_address>
         <size>0x148</size>
         <input_file_ref idref="fl-7"/>
      </object_component>
      <object_component id="oc-41">
         <name>.debug_info</name>
         <load_address>0x99ac</load_address>
         <run_address>0x99ac</run_address>
         <size>0x18d</size>
         <input_file_ref idref="fl-7"/>
      </object_component>
      <object_component id="oc-275">
         <name>.debug_info</name>
         <load_address>0x9b39</load_address>
         <run_address>0x9b39</run_address>
         <size>0x174</size>
         <input_file_ref idref="fl-7"/>
      </object_component>
      <object_component id="oc-1cf">
         <name>.debug_info</name>
         <load_address>0x9cad</load_address>
         <run_address>0x9cad</run_address>
         <size>0x16e</size>
         <input_file_ref idref="fl-7"/>
      </object_component>
      <object_component id="oc-303">
         <name>.debug_info</name>
         <load_address>0x9e1b</load_address>
         <run_address>0x9e1b</run_address>
         <size>0x193</size>
         <input_file_ref idref="fl-7"/>
      </object_component>
      <object_component id="oc-2ab">
         <name>.debug_info</name>
         <load_address>0x9fae</load_address>
         <run_address>0x9fae</run_address>
         <size>0x424</size>
         <input_file_ref idref="fl-8"/>
      </object_component>
      <object_component id="oc-1f2">
         <name>.debug_info</name>
         <load_address>0xa3d2</load_address>
         <run_address>0xa3d2</run_address>
         <size>0x1be</size>
         <input_file_ref idref="fl-8"/>
      </object_component>
      <object_component id="oc-1f7">
         <name>.debug_info</name>
         <load_address>0xa590</load_address>
         <run_address>0xa590</run_address>
         <size>0x19d</size>
         <input_file_ref idref="fl-8"/>
      </object_component>
      <object_component id="oc-1fd">
         <name>.debug_info</name>
         <load_address>0xa72d</load_address>
         <run_address>0xa72d</run_address>
         <size>0x1d2</size>
         <input_file_ref idref="fl-8"/>
      </object_component>
      <object_component id="oc-144">
         <name>.debug_info</name>
         <load_address>0xa8ff</load_address>
         <run_address>0xa8ff</run_address>
         <size>0x2c</size>
         <input_file_ref idref="fl-8"/>
      </object_component>
      <object_component id="oc-3cc">
         <name>.debug_info</name>
         <load_address>0xa92b</load_address>
         <run_address>0xa92b</run_address>
         <size>0x35</size>
         <input_file_ref idref="fl-8"/>
      </object_component>
      <object_component id="oc-3db">
         <name>.debug_info</name>
         <load_address>0xa960</load_address>
         <run_address>0xa960</run_address>
         <size>0x2d0</size>
[...]
      <symbol id="sm-9c2">
         <name>__aeabi_cdcmple</name>
         <value>0x24b05</value>
         <object_component_ref idref="oc-202"/>
      </symbol>
      <symbol id="sm-9c3">
         <name>__aeabi_cdrcmple</name>
         <value>0x24b8b</value>
         <object_component_ref idref="oc-2b3"/>
      </symbol>
      <symbol id="sm-9d7">
         <name>__aeabi_ddiv</name>
         <value>0x23927</value>
         <object_component_ref idref="oc-1e6"/>
      </symbol>
      <symbol id="sm-9e2">
         <name>__aeabi_dmul</name>
         <value>0x23b6d</value>
         <object_component_ref idref="oc-1e1"/>
      </symbol>
      <symbol id="sm-9ec">
         <name>__aeabi_d2iz</name>
         <value>0x2514f</value>
         <object_component_ref idref="oc-405"/>
      </symbol>
      <symbol id="sm-9f8">
         <name>__aeabi_d2f</name>
         <value>0x24dfd</value>
         <object_component_ref idref="oc-1eb"/>
      </symbol>
      <symbol id="sm-a02">
         <name>__aeabi_d2uiz</name>
         <value>0x252a9</value>
         <object_component_ref idref="oc-211"/>
      </symbol>
      <symbol id="sm-a0d">
         <name>__aeabi_f2d</name>
         <value>0x25601</value>
         <object_component_ref idref="oc-207"/>
      </symbol>
      <symbol id="sm-a17">
         <name>__aeabi_i2d</name>
         <value>0x25701</value>
         <object_component_ref idref="oc-410"/>
      </symbol>
      <symbol id="sm-a21">
         <name>__aeabi_ui2d</name>
         <value>0x25879</value>
         <object_component_ref idref="oc-1dc"/>
      </symbol>
      <symbol id="sm-a2f">
         <name>__aeabi_uldivmod</name>
         <value>0x248c1</value>
         <object_component_ref idref="oc-51e"/>
      </symbol>
      <symbol id="sm-a3e">
         <name>__aeabi_memset</name>
         <value>0x24d0f</value>
         <object_component_ref idref="oc-de"/>
      </symbol>
      <symbol id="sm-a3f">
         <name>memset</name>
         <value>0x24d15</value>
         <object_component_ref idref="oc-de"/>
      </symbol>
      <symbol id="sm-a40">
         <name>__aeabi_memset8</name>
         <value>0x24d0f</value>
         <object_component_ref idref="oc-de"/>
      </symbol>
      <symbol id="sm-a41">
         <name>__aeabi_memset4</name>
         <value>0x24d0f</value>
         <object_component_ref idref="oc-de"/>
      </symbol>
      <symbol id="sm-a42">
         <name>__aeabi_memclr8</name>
         <value>0x24d0d</value>
         <object_component_ref idref="oc-de"/>
      </symbol>
      <symbol id="sm-a43">
         <name>__aeabi_memclr4</name>
         <value>0x24d0d</value>
         <object_component_ref idref="oc-de"/>
      </symbol>
      <symbol id="sm-a44">
         <name>__aeabi_memclr</name>
         <value>0x24d0d</value>
         <object_component_ref idref="oc-de"/>
      </symbol>
      <symbol id="sm-a56">
         <name>__TI_zero_init</name>
         <value>0x25949</value>
         <object_component_ref idref="oc-66"/>
      </symbol>
      <symbol id="sm-a6d">
         <name>__TI_decompress_none</name>
         <value>0x2592f</value>
         <object_component_ref idref="oc-1c"/>
      </symbol>
      <symbol id="sm-a90">
         <name>__TI_decompress_lzss</name>
         <value>0x24e6b</value>
         <object_component_ref idref="oc-16"/>
      </symbol>
      <symbol id="sm-a9f">
         <name>strcmp</name>
         <value>0x258cf</value>
         <object_component_ref idref="oc-b2"/>
      </symbol>
      <symbol id="sm-b0f">
         <name>__kernel_rem_pio2</name>
         <value>0x1fbf1</value>
         <object_component_ref idref="oc-415"/>
      </symbol>
      <symbol id="sm-b25">
         <name>__aeabi_errno_addr</name>
         <value>0x25955</value>
         <object_component_ref idref="oc-3f6"/>
      </symbol>
      <symbol id="sm-b26">
         <name>errno</name>
         <value>0x20005948</value>
         <object_component_ref idref="oc-4f0"/>
      </symbol>
      <symbol id="sm-b39">
         <name>__stack</name>
         <value>0x200055a0</value>
         <object_component_ref idref="oc-25"/>
      </symbol>
      <symbol id="sm-b3a">
         <name>_c_int00_noargs</name>
         <value>0x25671</value>
         <object_component_ref idref="oc-72"/>
      </symbol>
      <symbol id="sm-b50">
         <name>__kernel_cos</name>
         <value>0x2324d</value>
         <object_component_ref idref="oc-41b"/>
      </symbol>
      <symbol id="sm-b67">
         <name>__kernel_sin</name>
         <value>0x230d9</value>
         <object_component_ref idref="oc-40a"/>
      </symbol>
      <symbol id="sm-b84">
         <name>scalbn</name>
         <value>0x23a5d</value>
         <object_component_ref idref="oc-500"/>
      </symbol>
      <symbol id="sm-b85">
         <name>scalbnl</name>
         <value>0x23a5d</value>
         <object_component_ref idref="oc-500"/>
      </symbol>
      <symbol id="sm-b86">
         <name>ldexpl</name>
         <value>0x23a5d</value>
         <object_component_ref idref="oc-500"/>
      </symbol>
      <symbol id="sm-b87">
         <name>ldexp</name>
         <value>0x23a5d</value>
         <object_component_ref idref="oc-500"/>
      </symbol>
      <symbol id="sm-b91">
         <name>__aeabi_idiv0</name>
         <value>0x22873</value>
         <object_component_ref idref="oc-58a"/>
      </symbol>
      <symbol id="sm-b92">
         <name>__aeabi_ldiv0</name>
         <value>0x22873</value>
         <object_component_ref idref="oc-58a"/>
      </symbol>
      <symbol id="sm-bad">
         <name>memcpy</name>
         <value>0x24825</value>
         <object_component_ref idref="oc-54"/>
      </symbol>
      <symbol id="sm-bae">
         <name>__aeabi_memcpy</name>
         <value>0x24825</value>
         <object_component_ref idref="oc-54"/>
      </symbol>
      <symbol id="sm-baf">
         <name>__aeabi_memcpy8</name>
         <value>0x24825</value>
         <object_component_ref idref="oc-54"/>
      </symbol>
      <symbol id="sm-bb0">
         <name>__aeabi_memcpy4</name>
         <value>0x24825</value>
         <object_component_ref idref="oc-54"/>
      </symbol>
      <symbol id="sm-bd8">
         <name>__TI_auto_init_nobinit_nopinit</name>
         <value>0x25221</value>
         <object_component_ref idref="oc-172"/>
      </symbol>
      <symbol id="sm-be2">
         <name>_system_pre_init</name>
         <value>0x25963</value>
         <object_component_ref idref="oc-e4"/>
      </symbol>
      <symbol id="sm-bee">
         <name>C$$EXIT</name>
         <value>0x25967</value>
         <object_component_ref idref="oc-166"/>
      </symbol>
      <symbol id="sm-bef">
         <name>abort</name>
         <value>0x25967</value>
         <object_component_ref idref="oc-166"/>
      </symbol>
      <symbol id="sm-bfb">
         <name>copysign</name>
         <value>0x258b5</value>
         <object_component_ref idref="oc-577"/>
      </symbol>
      <symbol id="sm-bfc">
         <name>copysignl</name>
         <value>0x258b5</value>
         <object_component_ref idref="oc-577"/>
      </symbol>
      <symbol id="sm-bfd">
         <name>__TI_static_base__</name>
         <value>0x0</value>
      </symbol>
      <symbol id="sm-c00">
         <name>__mpu_init</name>
         <value>0x0</value>
      </symbol>
      <symbol id="sm-c01">
         <name>_system_post_cinit</name>
         <value>0x0</value>
      </symbol>
      <symbol id="sm-c02">
         <name>NMI_Handler</name>
         <value>0x21747</value>
      </symbol>
      <symbol id="sm-c03">
         <name>HardFault_Handler</name>
         <value>0x21747</value>
      </symbol>
      <symbol id="sm-c04">
         <name>MemManage_Handler</name>
         <value>0x21747</value>
      </symbol>
      <symbol id="sm-c05">
         <name>BusFault_Handler</name>
         <value>0x21747</value>
      </symbol>
      <symbol id="sm-c06">
         <name>UsageFault_Handler</name>
         <value>0x21747</value>
      </symbol>
      <symbol id="sm-c07">
         <name>SVC_Handler</name>
         <value>0x21747</value>
      </symbol>
      <symbol id="sm-c08">
         <name>DebugMon_Handler</name>
         <value>0x21747</value>
      </symbol>
      <symbol id="sm-c09">
         <name>PendSV_Handler</name>
         <value>0x21747</value>
      </symbol>
      <symbol id="sm-c0a">
         <name>SysTick_Handler</name>
         <value>0x21747</value>
      </symbol>
      <symbol id="sm-c0b">
         <name>GPIOA_IRQHandler</name>
         <value>0x21747</value>
      </symbol>
      <symbol id="sm-c0c">
         <name>GPIOB_IRQHandler</name>
         <value>0x21747</value>
      </symbol>
      <symbol id="sm-c0d">
         <name>GPIOC_IRQHandler</name>
         <value>0x21747</value>
      </symbol>
      <symbol id="sm-c0e">
         <name>GPIOD_IRQHandler</name>
         <value>0x21747</value>
      </symbol>
      <symbol id="sm-c0f">
         <name>GPIOE_IRQHandler</name>
         <value>0x21747</value>
      </symbol>
      <symbol id="sm-c10">
         <name>UART0_IRQHandler</name>
         <value>0x21e09</value>
      </symbol>
      <symbol id="sm-c11">
         <name>UART1_IRQHandler</name>
         <value>0x21747</value>
      </symbol>
      <symbol id="sm-c12">
         <name>SSI0_IRQHandler</name>
         <value>0x21747</value>
      </symbol>
      <symbol id="sm-c13">
         <name>I2C0_IRQHandler</name>
         <value>0x21747</value>
      </symbol>
      <symbol id="sm-c14">
         <name>PWM0_FAULT_IRQHandler</name>
         <value>0x21747</value>
      </symbol>
      <symbol id="sm-c15">
         <name>PWM0_0_IRQHandler</name>
         <value>0x21747</value>
      </symbol>
      <symbol id="sm-c16">
         <name>PWM0_1_IRQHandler</name>
         <value>0x21747</value>
      </symbol>
      <symbol id="sm-c17">
         <name>PWM0_2_IRQHandler</name>
         <value>0x21747</value>
      </symbol>
      <symbol id="sm-c18">
         <name>QEI0_IRQHandler</name>
         <value>0x21747</value>
      </symbol>
      <symbol id="sm-c19">
         <name>ADC0SS0_IRQHandler</name>
         <value>0x21747</value>
      </symbol>
      <symbol id="sm-c1a">
         <name>ADC0SS1_IRQHandler</name>
         <value>0x21747</value>
      </symbol>
      <symbol id="sm-c1b">
         <name>ADC0SS2_IRQHandler</name>
         <value>0x21747</value>
      </symbol>
      <symbol id="sm-c1c">
         <name>ADC0SS3_IRQHandler</name>
         <value>0x24585</value>
      </symbol>
      <symbol id="sm-c1d">
         <name>WATCHDOG_IRQHandler</name>
         <value>0x21747</value>
      </symbol>
      <symbol id="sm-c1e">
         <name>TIMER0A_IRQHandler</name>
         <value>0x21747</value>
      </symbol>
      <symbol id="sm-c1f">
         <name>TIMER0B_IRQHandler</name>
         <value>0x21747</value>
      </symbol>
      <symbol id="sm-c20">
         <name>TIMER1A_IRQHandler</name>
         <value>0x21747</value>
      </symbol>
      <symbol id="sm-c21">
         <name>TIMER1B_IRQHandler</name>
         <value>0x21747</value>
      </symbol>
      <symbol id="sm-c22">
         <name>TIMER2A_IRQHandler</name>
         <value>0x21747</value>
      </symbol>
      <symbol id="sm-c23">
         <name>TIMER2B_IRQHandler</name>
         <value>0x21747</value>
      </symbol>
      <symbol id="sm-c24">
         <name>COMP0_IRQHandler</name>
         <value>0x21747</value>
      </symbol>
      <symbol id="sm-c25">
         <name>COMP1_IRQHandler</name>
         <value>0x21747</value>
      </symbol>
      <symbol id="sm-c26">
         <name>COMP2_IRQHandler</name>
         <value>0x21747</value>
      </symbol>
      <symbol id="sm-c27">
         <name>SYSCTL_IRQHandler</name>
         <value>0x21747</value>
      </symbol>
      <symbol id="sm-c28">
         <name>FLASH_IRQHandler</name>
         <value>0x21747</value>
      </symbol>
      <symbol id="sm-c29">
         <name>GPIOF_IRQHandler</name>
         <value>0x21747</value>
      </symbol>
      <symbol id="sm-c2a">
         <name>GPIOG_IRQHandler</name>
         <value>0x21747</value>
      </symbol>
      <symbol id="sm-c2b">
         <name>GPIOH_IRQHandler</name>
         <value>0x21747</value>
      </symbol>
      <symbol id="sm-c2c">
         <name>UART2_IRQHandler</name>
         <value>0x21747</value>
      </symbol>
      <symbol id="sm-c2d">
         <name>SSI1_IRQHandler</name>
         <value>0x21747</value>
      </symbol>
      <symbol id="sm-c2e">
         <name>TIMER3A_IRQHandler</name>
         <value>0x21747</value>
      </symbol>
      <symbol id="sm-c2f">
         <name>TIMER3B_IRQHandler</name>
         <value>0x21747</value>
      </symbol>
      <symbol id="sm-c30">
         <name>I2C1_IRQHandler</name>
         <value>0x21747</value>
      </symbol>
      <symbol id="sm-c31">
         <name>CAN0_IRQHandler</name>
         <value>0x21747</value>
      </symbol>
      <symbol id="sm-c32">
         <name>CAN1_IRQHandler</name>
         <value>0x21747</value>
      </symbol>
      <symbol id="sm-c33">
         <name>EMAC0_IRQHandler</name>
         <value>0x21747</value>
      </symbol>
      <symbol id="sm-c34">
         <name>HIBERNATE_IRQHandler</name>
         <value>0x21747</value>
      </symbol>
      <symbol id="sm-c35">
         <name>USB0_IRQHandler</name>
         <value>0x21747</value>
      </symbol>
      <symbol id="sm-c36">
         <name>PWM0_3_IRQHandler</name>
         <value>0x21747</value>
      </symbol>
      <symbol id="sm-c37">
         <name>UDMA_IRQHandler</name>
         <value>0x21747</value>
      </symbol>
      <symbol id="sm-c38">
         <name>UDMAERR_IRQHandler</name>
         <value>0x21747</value>
      </symbol>
      <symbol id="sm-c39">
         <name>ADC1SS0_IRQHandler</name>
         <value>0x21747</value>
      </symbol>
      <symbol id="sm-c3a">
         <name>ADC1SS1_IRQHandler</name>
         <value>0x21747</value>
      </symbol>
      <symbol id="sm-c3b">
         <name>ADC1SS2_IRQHandler</name>
         <value>0x21747</value>
      </symbol>
      <symbol id="sm-c3c">
         <name>ADC1SS3_IRQHandler</name>
         <value>0x21747</value>
      </symbol>
      <symbol id="sm-c3d">
         <name>EPI0_IRQHandler</name>
         <value>0x21747</value>
      </symbol>
      <symbol id="sm-c3e">
         <name>GPIOJ_IRQHandler</name>
         <value>0x21747</value>
      </symbol>
      <symbol id="sm-c3f">
         <name>GPIOK_IRQHandler</name>
         <value>0x21747</value>
      </symbol>
      <symbol id="sm-c40">
         <name>GPIOL_IRQHandler</name>
         <value>0x21747</value>
      </symbol>
      <symbol id="sm-c41">
         <name>SSI2_IRQHandler</name>
         <value>0x21747</value>
      </symbol>
      <symbol id="sm-c42">
         <name>SSI3_IRQHandler</name>
         <value>0x21747</value>
      </symbol>
      <symbol id="sm-c43">
         <name>UART3_IRQHandler</name>
         <value>0x2440d</value>
      </symbol>
      <symbol id="sm-c44">
         <name>UART4_IRQHandler</name>
         <value>0x21747</value>
      </symbol>
      <symbol id="sm-c45">
         <name>UART5_IRQHandler</name>
         <value>0x21747</value>
      </symbol>
      <symbol id="sm-c46">
         <name>UART6_IRQHandler</name>
         <value>0x21747</value>
      </symbol>
      <symbol id="sm-c47">
         <name>UART7_IRQHandler</name>
         <value>0x21747</value>
      </symbol>
      <symbol id="sm-c48">
         <name>I2C2_IRQHandler</name>
         <value>0x21747</value>
      </symbol>
      <symbol id="sm-c49">
         <name>I2C3_IRQHandler</name>
         <value>0x21747</value>
      </symbol>
      <symbol id="sm-c4a">
         <name>TIMER4A_IRQHandler</name>
         <value>0x21747</value>
      </symbol>
      <symbol id="sm-c4b">
         <name>TIMER4B_IRQHandler</name>
         <value>0x21747</value>
      </symbol>
      <symbol id="sm-c4c">
         <name>TIMER5A_IRQHandler</name>
         <value>0x21747</value>
      </symbol>
      <symbol id="sm-c4d">
         <name>TIMER5B_IRQHandler</name>
         <value>0x21747</value>
      </symbol>
      <symbol id="sm-c4e">
         <name>SYSEXC_IRQHandler</name>
         <value>0x21747</value>
      </symbol>
      <symbol id="sm-c4f">
         <name>I2C4_IRQHandler</name>
         <value>0x21747</value>
      </symbol>
      <symbol id="sm-c50">
         <name>I2C5_IRQHandler</name>
         <value>0x21747</value>
      </symbol>
      <symbol id="sm-c51">
         <name>GPIOM_IRQHandler</name>
         <value>0x21747</value>
      </symbol>
      <symbol id="sm-c52">
         <name>GPION_IRQHandler</name>
         <value>0x21747</value>
      </symbol>
      <symbol id="sm-c53">
         <name>TAMPER0_IRQHandler</name>
         <value>0x21747</value>
      </symbol>
      <symbol id="sm-c54">
         <name>GPIOP0_IRQHandler</name>
         <value>0x21747</value>
      </symbol>
      <symbol id="sm-c55">
         <name>GPIOP1_IRQHandler</name>
         <value>0x21747</value>
      </symbol>
      <symbol id="sm-c56">
         <name>GPIOP2_IRQHandler</name>
         <value>0x21747</value>
      </symbol>
      <symbol id="sm-c57">
         <name>GPIOP3_IRQHandler</name>
         <value>0x21747</value>
      </symbol>
      <symbol id="sm-c58">
         <name>GPIOP4_IRQHandler</name>
         <value>0x21747</value>
      </symbol>
      <symbol id="sm-c59">
         <name>GPIOP5_IRQHandler</name>
         <value>0x21747</value>
      </symbol>
      <symbol id="sm-c5a">
         <name>GPIOP6_IRQHandler</name>
         <value>0x21747</value>
      </symbol>
      <symbol id="sm-c5b">
         <name>GPIOP7_IRQHandler</name>
         <value>0x21747</value>
      </symbol>
      <symbol id="sm-c5c">
         <name>GPIOQ0_IRQHandler</name>
         <value>0x21747</value>
      </symbol>
      <symbol id="sm-c5d">
         <name>GPIOQ1_IRQHandler</name>
         <value>0x21747</value>
      </symbol>
      <symbol id="sm-c5e">
         <name>GPIOQ2_IRQHandler</name>
         <value>0x21747</value>
      </symbol>
      <symbol id="sm-c5f">
         <name>GPIOQ3_IRQHandler</name>
         <value>0x21747</value>
      </symbol>
      <symbol id="sm-c60">
         <name>GPIOQ4_IRQHandler</name>
         <value>0x21747</value>
      </symbol>
      <symbol id="sm-c61">
         <name>GPIOQ5_IRQHandler</name>
         <value>0x21747</value>
      </symbol>
      <symbol id="sm-c62">
         <name>GPIOQ6_IRQHandler</name>
         <value>0x21747</value>
      </symbol>
      <symbol id="sm-c63">
         <name>GPIOQ7_IRQHandler</name>
         <value>0x21747</value>
      </symbol>
      <symbol id="sm-c64">
         <name>SHA0_IRQHandler</name>
         <value>0x21747</value>
      </symbol>
      <symbol id="sm-c65">
         <name>AES0_IRQHandler</name>
         <value>0x21747</value>
      </symbol>
      <symbol id="sm-c66">
         <name>DES0_IRQHandler</name>
         <value>0x21747</value>
      </symbol>
      <symbol id="sm-c67">
         <name>TIMER6A_IRQHandler</name>
         <value>0x21747</value>
      </symbol>
      <symbol id="sm-c68">
         <name>TIMER6B_IRQHandler</name>
         <value>0x21747</value>
      </symbol>
      <symbol id="sm-c69">
         <name>TIMER7A_IRQHandler</name>
         <value>0x21747</value>
      </symbol>
      <symbol id="sm-c6a">
         <name>TIMER7B_IRQHandler</name>
         <value>0x21747</value>
      </symbol>
      <symbol id="sm-c6b">
         <name>I2C6_IRQHandler</name>
         <value>0x21747</value>
      </symbol>
      <symbol id="sm-c6c">
         <name>I2C7_IRQHandler</name>
         <value>0x21747</value>
      </symbol>
      <symbol id="sm-c6d">
         <name>I2C8_IRQHandler</name>
         <value>0x21747</value>
      </symbol>
      <symbol id="sm-c6e">
         <name>I2C9_IRQHandler</name>
         <value>0x21747</value>
      </symbol>
   </symbol_table>
   <title>Link successful</title>
</link_info>
